Component: ARM Compiler 5.06 update 2 (build 183) Tool: armlink [4d35b7]

==============================================================================

Section Cross References

    stm32f3xx_hal_uart.o(i.HAL_HalfDuplex_Init) refers to stm32f3xx_hal_msp.o(i.HAL_UART_MspInit) for HAL_UART_MspInit
    stm32f3xx_hal_uart.o(i.HAL_HalfDuplex_Init) refers to stm32f3xx_hal_uart.o(i.UART_SetConfig) for UART_SetConfig
    stm32f3xx_hal_uart.o(i.HAL_HalfDuplex_Init) refers to stm32f3xx_hal_uart.o(i.UART_AdvFeatureConfig) for UART_AdvFeatureConfig
    stm32f3xx_hal_uart.o(i.HAL_HalfDuplex_Init) refers to stm32f3xx_hal_uart.o(i.UART_CheckIdleState) for UART_CheckIdleState
    stm32f3xx_hal_uart.o(i.HAL_LIN_Init) refers to stm32f3xx_hal_msp.o(i.HAL_UART_MspInit) for HAL_UART_MspInit
    stm32f3xx_hal_uart.o(i.HAL_LIN_Init) refers to stm32f3xx_hal_uart.o(i.UART_SetConfig) for UART_SetConfig
    stm32f3xx_hal_uart.o(i.HAL_LIN_Init) refers to stm32f3xx_hal_uart.o(i.UART_AdvFeatureConfig) for UART_AdvFeatureConfig
    stm32f3xx_hal_uart.o(i.HAL_LIN_Init) refers to stm32f3xx_hal_uart.o(i.UART_CheckIdleState) for UART_CheckIdleState
    stm32f3xx_hal_uart.o(i.HAL_MultiProcessor_DisableMuteMode) refers to stm32f3xx_hal_uart.o(i.UART_CheckIdleState) for UART_CheckIdleState
    stm32f3xx_hal_uart.o(i.HAL_MultiProcessor_EnableMuteMode) refers to stm32f3xx_hal_uart.o(i.UART_CheckIdleState) for UART_CheckIdleState
    stm32f3xx_hal_uart.o(i.HAL_MultiProcessor_Init) refers to stm32f3xx_hal_msp.o(i.HAL_UART_MspInit) for HAL_UART_MspInit
    stm32f3xx_hal_uart.o(i.HAL_MultiProcessor_Init) refers to stm32f3xx_hal_uart.o(i.UART_SetConfig) for UART_SetConfig
    stm32f3xx_hal_uart.o(i.HAL_MultiProcessor_Init) refers to stm32f3xx_hal_uart.o(i.UART_AdvFeatureConfig) for UART_AdvFeatureConfig
    stm32f3xx_hal_uart.o(i.HAL_MultiProcessor_Init) refers to stm32f3xx_hal_uart.o(i.UART_CheckIdleState) for UART_CheckIdleState
    stm32f3xx_hal_uart.o(i.HAL_UART_DMAStop) refers to stm32f3xx_hal_dma.o(i.HAL_DMA_Abort) for HAL_DMA_Abort
    stm32f3xx_hal_uart.o(i.HAL_UART_DeInit) refers to stm32f3xx_hal_msp.o(i.HAL_UART_MspDeInit) for HAL_UART_MspDeInit
    stm32f3xx_hal_uart.o(i.HAL_UART_IRQHandler) refers to stm32f3xx_hal_uart_ex.o(i.HAL_UARTEx_WakeupCallback) for HAL_UARTEx_WakeupCallback
    stm32f3xx_hal_uart.o(i.HAL_UART_IRQHandler) refers to stm32f3xx_hal_uart.o(i.UART_Receive_IT) for UART_Receive_IT
    stm32f3xx_hal_uart.o(i.HAL_UART_IRQHandler) refers to stm32f3xx_hal_uart.o(i.UART_Transmit_IT) for UART_Transmit_IT
    stm32f3xx_hal_uart.o(i.HAL_UART_IRQHandler) refers to stm32f3xx_hal_uart.o(i.UART_EndTransmit_IT) for UART_EndTransmit_IT
    stm32f3xx_hal_uart.o(i.HAL_UART_IRQHandler) refers to stm32f3xx_hal_uart.o(i.HAL_UART_ErrorCallback) for HAL_UART_ErrorCallback
    stm32f3xx_hal_uart.o(i.HAL_UART_Init) refers to stm32f3xx_hal_msp.o(i.HAL_UART_MspInit) for HAL_UART_MspInit
    stm32f3xx_hal_uart.o(i.HAL_UART_Init) refers to stm32f3xx_hal_uart.o(i.UART_SetConfig) for UART_SetConfig
    stm32f3xx_hal_uart.o(i.HAL_UART_Init) refers to stm32f3xx_hal_uart.o(i.UART_AdvFeatureConfig) for UART_AdvFeatureConfig
    stm32f3xx_hal_uart.o(i.HAL_UART_Init) refers to stm32f3xx_hal_uart.o(i.UART_CheckIdleState) for UART_CheckIdleState
    stm32f3xx_hal_uart.o(i.HAL_UART_Receive) refers to stm32f3xx_hal_uart.o(i.UART_WaitOnFlagUntilTimeout) for UART_WaitOnFlagUntilTimeout
    stm32f3xx_hal_uart.o(i.HAL_UART_Receive_DMA) refers to stm32f3xx_hal_dma.o(i.HAL_DMA_Start_IT) for HAL_DMA_Start_IT
    stm32f3xx_hal_uart.o(i.HAL_UART_Receive_DMA) refers to stm32f3xx_hal_uart.o(i.UART_DMAReceiveCplt) for UART_DMAReceiveCplt
    stm32f3xx_hal_uart.o(i.HAL_UART_Receive_DMA) refers to stm32f3xx_hal_uart.o(i.UART_DMARxHalfCplt) for UART_DMARxHalfCplt
    stm32f3xx_hal_uart.o(i.HAL_UART_Receive_DMA) refers to stm32f3xx_hal_uart.o(i.UART_DMAError) for UART_DMAError
    stm32f3xx_hal_uart.o(i.HAL_UART_Transmit) refers to stm32f3xx_hal_uart.o(i.UART_WaitOnFlagUntilTimeout) for UART_WaitOnFlagUntilTimeout
    stm32f3xx_hal_uart.o(i.HAL_UART_Transmit_DMA) refers to stm32f3xx_hal_dma.o(i.HAL_DMA_Start_IT) for HAL_DMA_Start_IT
    stm32f3xx_hal_uart.o(i.HAL_UART_Transmit_DMA) refers to stm32f3xx_hal_uart.o(i.UART_DMATransmitCplt) for UART_DMATransmitCplt
    stm32f3xx_hal_uart.o(i.HAL_UART_Transmit_DMA) refers to stm32f3xx_hal_uart.o(i.UART_DMATxHalfCplt) for UART_DMATxHalfCplt
    stm32f3xx_hal_uart.o(i.HAL_UART_Transmit_DMA) refers to stm32f3xx_hal_uart.o(i.UART_DMAError) for UART_DMAError
    stm32f3xx_hal_uart.o(i.UART_CheckIdleState) refers to stm32f3xx_hal_uart.o(i.UART_WaitOnFlagUntilTimeout) for UART_WaitOnFlagUntilTimeout
    stm32f3xx_hal_uart.o(i.UART_DMAError) refers to stm32f3xx_hal_uart.o(i.HAL_UART_ErrorCallback) for HAL_UART_ErrorCallback
    stm32f3xx_hal_uart.o(i.UART_DMAReceiveCplt) refers to stm32f3xx_hal_uart.o(i.HAL_UART_RxCpltCallback) for HAL_UART_RxCpltCallback
[...]
    i.EXTI0_IRQHandler                       0x080011fc   Section        0  driverhwlaninterrupt.o(i.EXTI0_IRQHandler)
    i.EXTI15_10_IRQHandler                   0x08001214   Section        0  driverhwlaninterrupt.o(i.EXTI15_10_IRQHandler)
    i.Error_Handler                          0x08001240   Section        0  main.o(i.Error_Handler)
    i.HAL_GPIO_EXTI_Callback                 0x08001244   Section        0  driverhwlaninterrupt.o(i.HAL_GPIO_EXTI_Callback)
    i.HAL_GPIO_EXTI_IRQHandler               0x080012b4   Section        0  stm32f3xx_hal_gpio.o(i.HAL_GPIO_EXTI_IRQHandler)
    i.HAL_GPIO_Init                          0x080012d0   Section        0  stm32f3xx_hal_gpio.o(i.HAL_GPIO_Init)
    i.HAL_GPIO_WritePin                      0x080014b8   Section        0  stm32f3xx_hal_gpio.o(i.HAL_GPIO_WritePin)
    i.HAL_GetTick                            0x080014c4   Section        0  stm32f3xx_hal.o(i.HAL_GetTick)
    i.HAL_IncTick                            0x080014d0   Section        0  stm32f3xx_hal.o(i.HAL_IncTick)
    i.HAL_Init                               0x080014e0   Section        0  stm32f3xx_hal.o(i.HAL_Init)
    i.HAL_InitTick                           0x08001508   Section        0  stm32f3xx_hal.o(i.HAL_InitTick)
    i.HAL_MspInit                            0x08001530   Section        0  stm32f3xx_hal_msp.o(i.HAL_MspInit)
    i.HAL_NVIC_SetPriority                   0x080015a8   Section        0  stm32f3xx_hal_cortex.o(i.HAL_NVIC_SetPriority)
    i.HAL_NVIC_SetPriorityGrouping           0x08001624   Section        0  stm32f3xx_hal_cortex.o(i.HAL_NVIC_SetPriorityGrouping)
    i.HAL_PCD_DataInStageCallback            0x0800164c   Section        0  usbd_conf.o(i.HAL_PCD_DataInStageCallback)
    i.HAL_PCD_DataOutStageCallback           0x0800166c   Section        0  usbd_conf.o(i.HAL_PCD_DataOutStageCallback)
    i.HAL_PCD_EP_ClrStall                    0x0800168c   Section        0  stm32f3xx_hal_pcd.o(i.HAL_PCD_EP_ClrStall)
    i.HAL_PCD_EP_Open                        0x080017ac   Section        0  stm32f3xx_hal_pcd.o(i.HAL_PCD_EP_Open)
    i.HAL_PCD_EP_Receive                     0x08001cc2   Section        0  stm32f3xx_hal_pcd.o(i.HAL_PCD_EP_Receive)
    i.HAL_PCD_EP_SetStall                    0x08001e14   Section        0  stm32f3xx_hal_pcd.o(i.HAL_PCD_EP_SetStall)
    i.HAL_PCD_EP_Transmit                    0x08001efe   Section        0  stm32f3xx_hal_pcd.o(i.HAL_PCD_EP_Transmit)
    i.HAL_PCD_IRQHandler                     0x08002036   Section        0  stm32f3xx_hal_pcd.o(i.HAL_PCD_IRQHandler)
    i.HAL_PCD_ResetCallback                  0x0800219a   Section        0  usbd_conf.o(i.HAL_PCD_ResetCallback)
    i.HAL_PCD_ResumeCallback                 0x080021c4   Section        0  usbd_conf.o(i.HAL_PCD_ResumeCallback)
    i.HAL_PCD_SOFCallback                    0x080021d2   Section        0  usbd_conf.o(i.HAL_PCD_SOFCallback)
    i.HAL_PCD_SetAddress                     0x080021e0   Section        0  stm32f3xx_hal_pcd.o(i.HAL_PCD_SetAddress)
    i.HAL_PCD_SetupStageCallback             0x08002216   Section        0  usbd_conf.o(i.HAL_PCD_SetupStageCallback)
    i.HAL_PCD_SuspendCallback                0x08002228   Section        0  usbd_conf.o(i.HAL_PCD_SuspendCallback)
    i.HAL_RCCEx_PeriphCLKConfig              0x0800224c   Section        0  stm32f3xx_hal_rcc_ex.o(i.HAL_RCCEx_PeriphCLKConfig)
    i.HAL_RCC_ClockConfig                    0x080025f8   Section        0  stm32f3xx_hal_rcc.o(i.HAL_RCC_ClockConfig)
    i.HAL_RCC_GetHCLKFreq                    0x080028e4   Section        0  stm32f3xx_hal_rcc.o(i.HAL_RCC_GetHCLKFreq)
    i.HAL_RCC_GetSysClockFreq                0x080028f0   Section        0  stm32f3xx_hal_rcc.o(i.HAL_RCC_GetSysClockFreq)
    i.HAL_RCC_OscConfig                      0x08002988   Section        0  stm32f3xx_hal_rcc.o(i.HAL_RCC_OscConfig)
    i.HAL_SPI_Init                           0x08003390   Section        0  stm32f3xx_hal_spi.o(i.HAL_SPI_Init)
    i.HAL_SPI_MspInit                        0x08003460   Section        0  stm32f3xx_hal_msp.o(i.HAL_SPI_MspInit)
    i.HAL_SPI_TransmitReceive                0x08003500   Section        0  stm32f3xx_hal_spi.o(i.HAL_SPI_TransmitReceive)
    i.HAL_SYSTICK_CLKSourceConfig            0x08003844   Section        0  stm32f3xx_hal_cortex.o(i.HAL_SYSTICK_CLKSourceConfig)
    i.HAL_SYSTICK_Callback                   0x0800386c   Section        0  stm32f3xx_hal_cortex.o(i.HAL_SYSTICK_Callback)
    i.HAL_SYSTICK_Config                     0x0800386e   Section        0  stm32f3xx_hal_cortex.o(i.HAL_SYSTICK_Config)
    i.HAL_SYSTICK_IRQHandler                 0x080038a2   Section        0  stm32f3xx_hal_cortex.o(i.HAL_SYSTICK_IRQHandler)
    i.HAL_TIMEx_BreakCallback                0x080038aa   Section        0  stm32f3xx_hal_tim_ex.o(i.HAL_TIMEx_BreakCallback)
    i.HAL_TIMEx_CommutationCallback          0x080038ac   Section        0  stm32f3xx_hal_tim_ex.o(i.HAL_TIMEx_CommutationCallback)
    i.HAL_TIM_IC_CaptureCallback             0x080038ae   Section        0  stm32f3xx_hal_tim.o(i.HAL_TIM_IC_CaptureCallback)
    i.HAL_TIM_IRQHandler                     0x080038b0   Section        0  stm32f3xx_hal_tim.o(i.HAL_TIM_IRQHandler)
    i.HAL_TIM_OC_DelayElapsedCallback        0x08003a46   Section        0  stm32f3xx_hal_tim.o(i.HAL_TIM_OC_DelayElapsedCallback)
    i.HAL_TIM_PWM_PulseFinishedCallback      0x08003a48   Section        0  stm32f3xx_hal_tim.o(i.HAL_TIM_PWM_PulseFinishedCallback)
    i.HAL_TIM_PeriodElapsedCallback          0x08003a4c   Section        0  driverhwecatticktimer.o(i.HAL_TIM_PeriodElapsedCallback)
    i.HAL_TIM_TriggerCallback                0x08003a80   Section        0  stm32f3xx_hal_tim.o(i.HAL_TIM_TriggerCallback)
    i.HardFault_Handler                      0x08003a82   Section        0  stm32f3xx_it.o(i.HardFault_Handler)
    i.MBX_error                              0x08003a88   Section        0  esc.o(i.MBX_error)
    i.MX_GPIO_Init                           0x08003abc   Section        0  main.o(i.MX_GPIO_Init)
    MX_GPIO_Init                             0x08003abd   Thumb Code    72  main.o(i.MX_GPIO_Init)
    i.MemManage_Handler                      0x08003b08   Section        0  stm32f3xx_it.o(i.MemManage_Handler)
    i.NMI_Handler                            0x08003b0c   Section        0  stm32f3xx_it.o(i.NMI_Handler)
    i.NVIC_GetPriorityGrouping               0x08003b10   Section        0  stm32f3xx_hal_cortex.o(i.NVIC_GetPriorityGrouping)
    NVIC_GetPriorityGrouping                 0x08003b11   Thumb Code    10  stm32f3xx_hal_cortex.o(i.NVIC_GetPriorityGrouping)
    i.NVIC_SetPriority                       0x08003b20   Section        0  stm32f3xx_hal_cortex.o(i.NVIC_SetPriority)
    NVIC_SetPriority                         0x08003b21   Thumb Code    32  stm32f3xx_hal_cortex.o(i.NVIC_SetPriority)
    i.PCD_EP_ISR_Handler                     0x08003b48   Section        0  stm32f3xx_hal_pcd.o(i.PCD_EP_ISR_Handler)
    PCD_EP_ISR_Handler                       0x08003b49   Thumb Code  1068  stm32f3xx_hal_pcd.o(i.PCD_EP_ISR_Handler)
    i.PCD_ReadPMA                            0x08003f74   Section        0  stm32f3xx_hal_pcd_ex.o(i.PCD_ReadPMA)
    i.PCD_WritePMA                           0x08003f96   Section        0  stm32f3xx_hal_pcd_ex.o(i.PCD_WritePMA)
    i.PDIReadAlEventReg                      0x08003fca   Section        0  driverswlan9252.o(i.PDIReadAlEventReg)
    i.PDIReadLAN9252DirectReg                0x08003fde   Section        0  driverswlan9252.o(i.PDIReadLAN9252DirectReg)
    i.PDIReadReg                             0x08003fee   Section        0  driverswlan9252.o(i.PDIReadReg)
    i.PDIWriteReg                            0x08004014   Section        0  driverswlan9252.o(i.PDIWriteReg)
    i.PDI_Init                               0x0800403c   Section        0  driverswlan9252.o(i.PDI_Init)
    i.PendSV_Handler                         0x08004068   Section        0  stm32f3xx_it.o(i.PendSV_Handler)
    i.RXPDO_update                           0x0800406c   Section        0  middlesoes.o(i.RXPDO_update)
    i.SDO_abort                              0x08004088   Section        0  esc_coe.o(i.SDO_abort)
    i.SDO_download                           0x080040d4   Section        0  esc_coe.o(i.SDO_download)
    i.SDO_findobject                         0x08004258   Section        0  esc_coe.o(i.SDO_findobject)
    i.SDO_findsubindex                       0x0800428c   Section        0  esc_coe.o(i.SDO_findsubindex)
    i.SDO_geted                              0x080042e0   Section        0  esc_coe.o(i.SDO_geted)
    i.SDO_getod                              0x08004404   Section        0  esc_coe.o(i.SDO_getod)
    i.SDO_getodlist                          0x08004528   Section        0  esc_coe.o(i.SDO_getodlist)
    i.SDO_getodlistcont                      0x0800468c   Section        0  esc_coe.o(i.SDO_getodlistcont)
    i.SDO_infoerror                          0x08004764   Section        0  esc_coe.o(i.SDO_infoerror)
    i.SDO_upload                             0x080047b8   Section        0  esc_coe.o(i.SDO_upload)
    i.SDO_uploadsegment                      0x08004924   Section        0  esc_coe.o(i.SDO_uploadsegment)
    i.SPIReadBurstMode                       0x080049d4   Section        0  driverswlan9252.o(i.SPIReadBurstMode)
    i.SPIReadDWord                           0x08004a0c   Section        0  driverswlan9252.o(i.SPIReadDWord)
    i.SPIReadPDRamRegister                   0x08004a48   Section        0  driverswlan9252.o(i.SPIReadPDRamRegister)
    i.SPIReadRegUsingCSR                     0x08004b66   Section        0  driverswlan9252.o(i.SPIReadRegUsingCSR)
    i.SPISendAddr                            0x08004bd4   Section        0  driverswlan9252.o(i.SPISendAddr)
    i.SPIWriteBurstMode                      0x08004bf4   Section        0  driverswlan9252.o(i.SPIWriteBurstMode)
    i.SPIWriteByte                           0x08004c24   Section        0  driverswlan9252.o(i.SPIWriteByte)
    i.SPIWriteBytes                          0x08004c30   Section        0  driverswlan9252.o(i.SPIWriteBytes)
    i.SPIWriteDWord                          0x08004c7c   Section        0  driverswlan9252.o(i.SPIWriteDWord)
    i.SPIWritePDRamRegister                  0x08004cdc   Section        0  driverswlan9252.o(i.SPIWritePDRamRegister)
    i.SPIWriteRegUsingCSR                    0x08004dfa   Section        0  driverswlan9252.o(i.SPIWriteRegUsingCSR)
    i.SPI_EndRxTxTransaction                 0x08004e68   Section        0  stm32f3xx_hal_spi.o(i.SPI_EndRxTxTransaction)
    SPI_EndRxTxTransaction                   0x08004e69   Thumb Code    64  stm32f3xx_hal_spi.o(i.SPI_EndRxTxTransaction)
    i.SPI_WaitFifoStateUntilTimeout          0x08004ea8   Section        0  stm32f3xx_hal_spi.o(i.SPI_WaitFifoStateUntilTimeout)
    SPI_WaitFifoStateUntilTimeout            0x08004ea9   Thumb Code   180  stm32f3xx_hal_spi.o(i.SPI_WaitFifoStateUntilTimeout)
    i.SPI_WaitFlagStateUntilTimeout          0x08004f5c   Section        0  stm32f3xx_hal_spi.o(i.SPI_WaitFlagStateUntilTimeout)
    SPI_WaitFlagStateUntilTimeout            0x08004f5d   Thumb Code   162  stm32f3xx_hal_spi.o(i.SPI_WaitFlagStateUntilTimeout)
    i.SVC_Handler                            0x08004ffe   Section        0  stm32f3xx_it.o(i.SVC_Handler)
    i.SysTick_Handler                        0x08005000   Section        0  stm32f3xx_it.o(i.SysTick_Handler)
    i.SystemClock_Config                     0x0800500c   Section        0  main.o(i.SystemClock_Config)
    i.SystemInit                             0x080050ac   Section        0  system_stm32f3xx.o(i.SystemInit)
    i.TIM2_IRQHandler                        0x08005128   Section        0  driverhwecatticktimer.o(i.TIM2_IRQHandler)
    i.TXPDO_update                           0x08005138   Section        0  middlesoes.o(i.TXPDO_update)
    i.USBD_ClrClassConfig                    0x08005154   Section        0  usbd_core.o(i.USBD_ClrClassConfig)
    i.USBD_ClrFeature                        0x0800516a   Section        0  usbd_ctlreq.o(i.USBD_ClrFeature)
    USBD_ClrFeature                          0x0800516b   Thumb Code    68  usbd_ctlreq.o(i.USBD_ClrFeature)
    i.USBD_CtlContinueRx                     0x080051ae   Section        0  usbd_ioreq.o(i.USBD_CtlContinueRx)
    i.USBD_CtlContinueSendData               0x080051c6   Section        0  usbd_ioreq.o(i.USBD_CtlContinueSendData)
    i.USBD_CtlError                          0x080051de   Section        0  usbd_ctlreq.o(i.USBD_CtlError)
    i.USBD_CtlReceiveStatus                  0x080051f6   Section        0  usbd_ioreq.o(i.USBD_CtlReceiveStatus)
    i.USBD_CtlSendData                       0x08005210   Section        0  usbd_ioreq.o(i.USBD_CtlSendData)
    i.USBD_CtlSendStatus                     0x08005232   Section        0  usbd_ioreq.o(i.USBD_CtlSendStatus)
    i.USBD_GetConfig                         0x0800524c   Section        0  usbd_ctlreq.o(i.USBD_GetConfig)
    USBD_GetConfig                           0x0800524d   Thumb Code    80  usbd_ctlreq.o(i.USBD_GetConfig)
    i.USBD_GetDescriptor                     0x0800529c   Section        0  usbd_ctlreq.o(i.USBD_GetDescriptor)
    USBD_GetDescriptor                       0x0800529d   Thumb Code   328  usbd_ctlreq.o(i.USBD_GetDescriptor)
    i.USBD_GetStatus                         0x080053e4   Section        0  usbd_ctlreq.o(i.USBD_GetStatus)
    USBD_GetStatus                           0x080053e5   Thumb Code    68  usbd_ctlreq.o(i.USBD_GetStatus)
    i.USBD_LL_ClearStallEP                   0x08005428   Section        0  usbd_conf.o(i.USBD_LL_ClearStallEP)
    i.USBD_LL_DataInStage                    0x0800543c   Section        0  usbd_core.o(i.USBD_LL_DataInStage)
    i.USBD_LL_DataOutStage                   0x08005516   Section        0  usbd_core.o(i.USBD_LL_DataOutStage)
    i.USBD_LL_IsStallEP                      0x0800559c   Section        0  usbd_conf.o(i.USBD_LL_IsStallEP)
    i.USBD_LL_OpenEP                         0x080055d4   Section        0  usbd_conf.o(i.USBD_LL_OpenEP)
    i.USBD_LL_PrepareReceive                 0x080055f4   Section        0  usbd_conf.o(i.USBD_LL_PrepareReceive)
    i.USBD_LL_Reset                          0x08005614   Section        0  usbd_core.o(i.USBD_LL_Reset)
    i.USBD_LL_Resume                         0x08005658   Section        0  usbd_core.o(i.USBD_LL_Resume)
    i.USBD_LL_SOF                            0x08005666   Section        0  usbd_core.o(i.USBD_LL_SOF)
    i.USBD_LL_SetSpeed                       0x08005688   Section        0  usbd_core.o(i.USBD_LL_SetSpeed)
    i.USBD_LL_SetUSBAddress                  0x08005690   Section        0  usbd_conf.o(i.USBD_LL_SetUSBAddress)
    i.USBD_LL_SetupStage                     0x080056a4   Section        0  usbd_core.o(i.USBD_LL_SetupStage)
    i.USBD_LL_StallEP                        0x08005712   Section        0  usbd_conf.o(i.USBD_LL_StallEP)
    i.USBD_LL_Suspend                        0x08005726   Section        0  usbd_core.o(i.USBD_LL_Suspend)
    i.USBD_LL_Transmit                       0x0800573a   Section        0  usbd_conf.o(i.USBD_LL_Transmit)
    i.USBD_ParseSetupRequest                 0x0800575a   Section        0  usbd_ctlreq.o(i.USBD_ParseSetupRequest)
    i.USBD_RunTestMode                       0x08005782   Section        0  usbd_core.o(i.USBD_RunTestMode)
    i.USBD_SetAddress                        0x08005788   Section        0  usbd_ctlreq.o(i.USBD_SetAddress)
    USBD_SetAddress                          0x08005789   Thumb Code    84  usbd_ctlreq.o(i.USBD_SetAddress)
    i.USBD_SetClassConfig                    0x080057dc   Section        0  usbd_core.o(i.USBD_SetClassConfig)
    i.USBD_SetConfig                         0x08005800   Section        0  usbd_ctlreq.o(i.USBD_SetConfig)
    USBD_SetConfig                           0x08005801   Thumb Code   218  usbd_ctlreq.o(i.USBD_SetConfig)
    i.USBD_SetFeature                        0x080058e0   Section        0  usbd_ctlreq.o(i.USBD_SetFeature)
    USBD_SetFeature                          0x080058e1   Thumb Code    36  usbd_ctlreq.o(i.USBD_SetFeature)
    i.USBD_StdDevReq                         0x08005904   Section        0  usbd_ctlreq.o(i.USBD_StdDevReq)
    i.USBD_StdEPReq                          0x08005976   Section        0  usbd_ctlreq.o(i.USBD_StdEPReq)
    i.USBD_StdItfReq                         0x08005acc   Section        0  usbd_ctlreq.o(i.USBD_StdItfReq)
    i.USB_LP_IRQHandler                      0x08005b18   Section        0  stm32f3xx_it.o(i.USB_LP_IRQHandler)
    i.UsageFault_Handler                     0x08005b28   Section        0  stm32f3xx_it.o(i.UsageFault_Handler)
    i.__scatterload_copy                     0x08005b2c   Section       14  handlers.o(i.__scatterload_copy)
    i.__scatterload_null                     0x08005b3a   Section        2  handlers.o(i.__scatterload_null)
    i.__scatterload_zeroinit                 0x08005b3c   Section       14  handlers.o(i.__scatterload_zeroinit)
    i.copy2mbx                               0x08005b4a   Section        0  esc_coe.o(i.copy2mbx)
    i.driverHWSPI1Init                       0x08005b60   Section        0  driverhwspi1.o(i.driverHWSPI1Init)
    i.driverHWSPI1SetCS                      0x08005bf8   Section        0  driverhwspi1.o(i.driverHWSPI1SetCS)
    i.driverHWSPI1Write                      0x08005c10   Section        0  driverhwspi1.o(i.driverHWSPI1Write)
    i.driverHWSPI1WriteRead                  0x08005c50   Section        0  driverhwspi1.o(i.driverHWSPI1WriteRead)
    i.driverHWSPI1WriteSingleByte            0x08005cc8   Section        0  driverhwspi1.o(i.driverHWSPI1WriteSingleByte)
    i.driverHWSetOutput                      0x08005cd8   Section        0  driverhwstatus.o(i.driverHWSetOutput)
    i.driverHWStatusInit                     0x08005d00   Section        0  driverhwstatus.o(i.driverHWStatusInit)
    i.free                                   0x08005d90   Section        0  malloc.o(i.free)
    i.main                                   0x08005de0   Section        0  main.o(i.main)
    i.malloc                                 0x08005e18   Section        0  malloc.o(i.malloc)
    i.modDelayInit                           0x08005e84   Section        0  moddelay.o(i.modDelayInit)
    i.modDelayTick100ms                      0x08005e88   Section        0  moddelay.o(i.modDelayTick100ms)
    i.modDelayTick1ms                        0x08005ec4   Section        0  moddelay.o(i.modDelayTick1ms)
    i.modEffectChangeState                   0x08005ee4   Section        0  modeffect.o(i.modEffectChangeState)
    i.modEffectInit                          0x08005f18   Section        0  modeffect.o(i.modEffectInit)
    i.modEffectTask                          0x08005f24   Section        0  modeffect.o(i.modEffectTask)
    i.modEffectTaskBlinkLong                 0x08005fb4   Section        0  modeffect.o(i.modEffectTaskBlinkLong)
    i.modEffectTaskBlinkShort                0x08006038   Section        0  modeffect.o(i.modEffectTaskBlinkShort)
    i.modEffectTaskFlash                     0x080060bc   Section        0  modeffect.o(i.modEffectTaskFlash)
    i.modEffectTaskFlashFast                 0x080060ec   Section        0  modeffect.o(i.modEffectTaskFlashFast)
    i.sizeRXPDO                              0x0800611c   Section        0  esc_coe.o(i.sizeRXPDO)
    i.sizeTXPDO                              0x080061c0   Section        0  esc_coe.o(i.sizeTXPDO)
    i.soes_init                              0x08006264   Section        0  middlesoes.o(i.soes_init)
    i.soes_task                              0x080062f0   Section        0  middlesoes.o(i.soes_task)
    .constdata                               0x08006360   Section       32  stm32f3xx_hal_rcc.o(.constdata)
    .constdata                               0x08006380   Section       48  driverhwstatus.o(.constdata)
    .constdata                               0x080063b0   Section     1550  objectlist.o(.constdata)
    acName1000                               0x080063b0   Data          12  objectlist.o(.constdata)
    acName1008                               0x080063bc   Data          25  objectlist.o(.constdata)
    acName1009                               0x080063d5   Data          30  objectlist.o(.constdata)
    acName100A                               0x080063f3   Data          30  objectlist.o(.constdata)
    acName1018                               0x08006411   Data          16  objectlist.o(.constdata)
    acName1018_01                            0x08006421   Data          10  objectlist.o(.constdata)
    acName1018_02                            0x0800642b   Data          13  objectlist.o(.constdata)
    acName1018_03                            0x08006438   Data          16  objectlist.o(.constdata)
    acName1018_04                            0x08006448   Data          14  objectlist.o(.constdata)
    acNameMO                                 0x08006456   Data          14  objectlist.o(.constdata)
    acName1600                               0x08006464   Data          20  objectlist.o(.constdata)
    acName1A00                               0x08006478   Data          21  objectlist.o(.constdata)
    acName1C00                               0x0800648d   Data          32  objectlist.o(.constdata)
    acName1C00_01                            0x080064ad   Data          24  objectlist.o(.constdata)
    acName1C00_02                            0x080064c5   Data          24  objectlist.o(.constdata)
    acName1C00_03                            0x080064dd   Data          24  objectlist.o(.constdata)
    acName1C00_04                            0x080064f5   Data          24  objectlist.o(.constdata)
    acName1C10                               0x0800650d   Data          30  objectlist.o(.constdata)
    acName1C11                               0x0800652b   Data          30  objectlist.o(.constdata)
    acName1C12                               0x08006549   Data          30  objectlist.o(.constdata)
    acName1C13                               0x08006567   Data          30  objectlist.o(.constdata)
    acNameNOE                                0x08006585   Data          18  objectlist.o(.constdata)
    acName6000                               0x08006597   Data          15  objectlist.o(.constdata)
    acName6000_01                            0x080065a6   Data           7  objectlist.o(.constdata)
    acName6000_02                            0x080065ad   Data           8  objectlist.o(.constdata)
    acName7000                               0x080065b5   Data          16  objectlist.o(.constdata)
    acName7000_01                            0x080065c5   Data           4  objectlist.o(.constdata)
    acName7100                               0x080065c9   Data          11  objectlist.o(.constdata)
    acName7100_01                            0x080065d4   Data          14  objectlist.o(.constdata)
    acName7100_02                            0x080065e2   Data          21  objectlist.o(.constdata)
    acName8001                               0x080065f7   Data          15  objectlist.o(.constdata)
    acName8001_01                            0x08006606   Data          14  objectlist.o(.constdata)
    .constdata                               0x080069be   Section       24  system_stm32f3xx.o(.constdata)
    .data                                    0x20000000   Section        4  stm32f3xx_hal.o(.data)
    .data                                    0x20000004   Section        9  driverhwecatticktimer.o(.data)
    .data                                    0x20000010   Section       16  driverhwlaninterrupt.o(.data)
    .data                                    0x20000020   Section       18  driverswlan9252.o(.data)
    .data                                    0x20000034   Section        4  esc.o(.data)
    esc_cfg                                  0x20000034   Data           4  esc.o(.data)
    .data                                    0x20000038   Section       34  objectlist.o(.data)
    ac1008_00                                0x20000038   Data          22  objectlist.o(.data)
    ac1009_00                                0x2000004e   Data           6  objectlist.o(.data)
    ac100A_00                                0x20000054   Data           6  objectlist.o(.data)
    .data                                    0x2000005c   Section       52  middlesoes.o(.data)
    .data                                    0x20000090   Section        1  usbd_ctlreq.o(.data)
    cfgidx                                   0x20000090   Data           1  usbd_ctlreq.o(.data)
    .data                                    0x20000094   Section        8  moddelay.o(.data)
    hmsCnt                                   0x20000094   Data           4  moddelay.o(.data)
    msTicks                                  0x20000098   Data           4  moddelay.o(.data)
    .data                                    0x2000009c   Section       61  modeffect.o(.data)
    lastTick                                 0x200000bc   Data           4  modeffect.o(.data)
    LEDOnState                               0x200000c0   Data           1  modeffect.o(.data)
    lastTick                                 0x200000c4   Data           4  modeffect.o(.data)
    LEDOnState                               0x200000c8   Data           1  modeffect.o(.data)
    lastTick                                 0x200000cc   Data           4  modeffect.o(.data)
    LEDOnState                               0x200000d0   Data           1  modeffect.o(.data)
    lastTick                                 0x200000d4   Data           4  modeffect.o(.data)
    LEDOnState                               0x200000d8   Data           1  modeffect.o(.data)
    .data                                    0x200000dc   Section        4  system_stm32f3xx.o(.data)
    .data                                    0x200000e0   Section       20  main.o(.data)
    .data                                    0x200000f4   Section        4  mvars.o(.data)
    .data                                    0x200000f8   Section        4  mvars.o(.data)
    .bss                                     0x200000fc   Section       60  driverhwecatticktimer.o(.bss)
    .bss                                     0x20000138   Section      100  driverhwspi1.o(.bss)
    .bss                                     0x2000019c   Section     1480  usbd_conf.o(.bss)
    mem                                      0x20000544   Data         544  usbd_conf.o(.bss)
    .bss                                     0x20000764   Section      460  middlesoes.o(.bss)
    HEAP                                     0x20000930   Section      512  startup_stm32f303xe.o(HEAP)
    STACK                                    0x20000b30   Section     1024  startup_stm32f303xe.o(STACK)

    Global Symbols

    Symbol Name                              Value     Ov Type        Size  Object(Section)

    BuildAttributes$$THM_ISAv4$E$P$D$K$B$S$7EM$VFPi3$EXTD16$VFPS$VFMA$PE$A:L22UL41UL21$X:L11$S22US41US21$IEEE1$IW$USESV6$~STKCKD$USESV7$~SHL$OSPACE$EBA8$MICROLIB$REQ8$PRES8$EABIv2 0x00000000   Number         0  anon$$obj.o ABSOLUTE
    __ARM_use_no_argv                        0x00000000   Number         0  main.o ABSOLUTE
    __cpp_initialize__aeabi_                  - Undefined Weak Reference
    __cxa_finalize                            - Undefined Weak Reference
    __decompress                              - Undefined Weak Reference
    _clock_init                               - Undefined Weak Reference
    _microlib_exit                            - Undefined Weak Reference
    __Vectors_Size                           0x00000194   Number         0  startup_stm32f303xe.o ABSOLUTE
    __Vectors                                0x08000000   Data           4  startup_stm32f303xe.o(RESET)
    __Vectors_End                            0x08000194   Data           0  startup_stm32f303xe.o(RESET)
    __main                                   0x08000195   Thumb Code     0  entry.o(.ARM.Collect$$$$00000000)
    _main_stk                                0x08000195   Thumb Code     0  entry2.o(.ARM.Collect$$$$00000001)
    _main_scatterload                        0x08000199   Thumb Code     0  entry5.o(.ARM.Collect$$$$00000004)
    __main_after_scatterload                 0x0800019d   Thumb Code     0  entry5.o(.ARM.Collect$$$$00000004)
    _main_clock                              0x0800019d   Thumb Code     0  entry7b.o(.ARM.Collect$$$$00000008)
    _main_cpp_init                           0x0800019d   Thumb Code     0  entry8b.o(.ARM.Collect$$$$0000000A)
    _main_init                               0x0800019d   Thumb Code     0  entry9a.o(.ARM.Collect$$$$0000000B)
    __rt_final_cpp                           0x080001a5   Thumb Code     0  entry10a.o(.ARM.Collect$$$$0000000D)
    __rt_final_exit                          0x080001a5   Thumb Code     0  entry11a.o(.ARM.Collect$$$$0000000F)
    Reset_Handler                            0x080001a9   Thumb Code     8  startup_stm32f303xe.o(.text)
    ADC1_2_IRQHandler                        0x080001c3   Thumb Code     0  startup_stm32f303xe.o(.text)
    ADC3_IRQHandler                          0x080001c3   Thumb Code     0  startup_stm32f303xe.o(.text)
    ADC4_IRQHandler                          0x080001c3   Thumb Code     0  startup_stm32f303xe.o(.text)
    CAN_RX1_IRQHandler                       0x080001c3   Thumb Code     0  startup_stm32f303xe.o(.text)
    CAN_SCE_IRQHandler                       0x080001c3   Thumb Code     0  startup_stm32f303xe.o(.text)
    COMP1_2_3_IRQHandler                     0x080001c3   Thumb Code     0  startup_stm32f303xe.o(.text)
    COMP4_5_6_IRQHandler                     0x080001c3   Thumb Code     0  startup_stm32f303xe.o(.text)
    COMP7_IRQHandler                         0x080001c3   Thumb Code     0  startup_stm32f303xe.o(.text)
    DMA1_Channel1_IRQHandler                 0x080001c3   Thumb Code     0  startup_stm32f303xe.o(.text)
    DMA1_Channel2_IRQHandler                 0x080001c3   Thumb Code     0  startup_stm32f303xe.o(.text)
    DMA1_Channel3_IRQHandler                 0x080001c3   Thumb Code     0  startup_stm32f303xe.o(.text)
    DMA1_Channel4_IRQHandler                 0x080001c3   Thumb Code     0  startup_stm32f303xe.o(.text)
    DMA1_Channel5_IRQHandler                 0x080001c3   Thumb Code     0  startup_stm32f303xe.o(.text)
    DMA1_Channel6_IRQHandler                 0x080001c3   Thumb Code     0  startup_stm32f303xe.o(.text)
    DMA1_Channel7_IRQHandler                 0x080001c3   Thumb Code     0  startup_stm32f303xe.o(.text)
    DMA2_Channel1_IRQHandler                 0x080001c3   Thumb Code     0  startup_stm32f303xe.o(.text)
    DMA2_Channel2_IRQHandler                 0x080001c3   Thumb Code     0  startup_stm32f303xe.o(.text)
    DMA2_Channel3_IRQHandler                 0x080001c3   Thumb Code     0  startup_stm32f303xe.o(.text)
    DMA2_Channel4_IRQHandler                 0x080001c3   Thumb Code     0  startup_stm32f303xe.o(.text)
    DMA2_Channel5_IRQHandler                 0x080001c3   Thumb Code     0  startup_stm32f303xe.o(.text)
    EXTI1_IRQHandler                         0x080001c3   Thumb Code     0  startup_stm32f303xe.o(.text)
    EXTI2_TSC_IRQHandler                     0x080001c3   Thumb Code     0  startup_stm32f303xe.o(.text)
    EXTI3_IRQHandler                         0x080001c3   Thumb Code     0  startup_stm32f303xe.o(.text)
    EXTI4_IRQHandler                         0x080001c3   Thumb Code     0  startup_stm32f303xe.o(.text)
    EXTI9_5_IRQHandler                       0x080001c3   Thumb Code     0  startup_stm32f303xe.o(.text)
    FLASH_IRQHandler                         0x080001c3   Thumb Code     0  startup_stm32f303xe.o(.text)
    FMC_IRQHandler                           0x080001c3   Thumb Code     0  startup_stm32f303xe.o(.text)
    FPU_IRQHandler                           0x080001c3   Thumb Code     0  startup_stm32f303xe.o(.text)
    I2C1_ER_IRQHandler                       0x080001c3   Thumb Code     0  startup_stm32f303xe.o(.text)
    I2C1_EV_IRQHandler                       0x080001c3   Thumb Code     0  startup_stm32f303xe.o(.text)
    I2C2_ER_IRQHandler                       0x080001c3   Thumb Code     0  startup_stm32f303xe.o(.text)
    I2C2_EV_IRQHandler                       0x080001c3   Thumb Code     0  startup_stm32f303xe.o(.text)
    I2C3_ER_IRQHandler                       0x080001c3   Thumb Code     0  startup_stm32f303xe.o(.text)
    I2C3_EV_IRQHandler                       0x080001c3   Thumb Code     0  startup_stm32f303xe.o(.text)
    PVD_IRQHandler                           0x080001c3   Thumb Code     0  startup_stm32f303xe.o(.text)
    RCC_IRQHandler                           0x080001c3   Thumb Code     0  startup_stm32f303xe.o(.text)
    RTC_Alarm_IRQHandler                     0x080001c3   Thumb Code     0  startup_stm32f303xe.o(.text)
    RTC_WKUP_IRQHandler                      0x080001c3   Thumb Code     0  startup_stm32f303xe.o(.text)
    SPI1_IRQHandler                          0x080001c3   Thumb Code     0  startup_stm32f303xe.o(.text)
    SPI2_IRQHandler                          0x080001c3   Thumb Code     0  startup_stm32f303xe.o(.text)
    SPI3_IRQHandler                          0x080001c3   Thumb Code     0  startup_stm32f303xe.o(.text)
    SPI4_IRQHandler                          0x080001c3   Thumb Code     0  startup_stm32f303xe.o(.text)
    TAMP_STAMP_IRQHandler                    0x080001c3   Thumb Code     0  startup_stm32f303xe.o(.text)
    TIM1_BRK_TIM15_IRQHandler                0x080001c3   Thumb Code     0  startup_stm32f303xe.o(.text)
    TIM1_CC_IRQHandler                       0x080001c3   Thumb Code     0  startup_stm32f303xe.o(.text)
    TIM1_TRG_COM_TIM17_IRQHandler            0x080001c3   Thumb Code     0  startup_stm32f303xe.o(.text)
    TIM1_UP_TIM16_IRQHandler                 0x080001c3   Thumb Code     0  startup_stm32f303xe.o(.text)
    TIM20_BRK_IRQHandler                     0x080001c3   Thumb Code     0  startup_stm32f303xe.o(.text)
    TIM20_CC_IRQHandler                      0x080001c3   Thumb Code     0  startup_stm32f303xe.o(.text)
    TIM20_TRG_COM_IRQHandler                 0x080001c3   Thumb Code     0  startup_stm32f303xe.o(.text)
    TIM20_UP_IRQHandler                      0x080001c3   Thumb Code     0  startup_stm32f303xe.o(.text)
    TIM3_IRQHandler                          0x080001c3   Thumb Code     0  startup_stm32f303xe.o(.text)
    TIM4_IRQHandler                          0x080001c3   Thumb Code     0  startup_stm32f303xe.o(.text)
    TIM6_DAC_IRQHandler                      0x080001c3   Thumb Code     0  startup_stm32f303xe.o(.text)
    TIM7_IRQHandler                          0x080001c3   Thumb Code     0  startup_stm32f303xe.o(.text)
    TIM8_BRK_IRQHandler                      0x080001c3   Thumb Code     0  startup_stm32f303xe.o(.text)
    TIM8_CC_IRQHandler                       0x080001c3   Thumb Code     0  startup_stm32f303xe.o(.text)
    TIM8_TRG_COM_IRQHandler                  0x080001c3   Thumb Code     0  startup_stm32f303xe.o(.text)
    TIM8_UP_IRQHandler                       0x080001c3   Thumb Code     0  startup_stm32f303xe.o(.text)
    UART4_IRQHandler                         0x080001c3   Thumb Code     0  startup_stm32f303xe.o(.text)
    UART5_IRQHandler                         0x080001c3   Thumb Code     0  startup_stm32f303xe.o(.text)
    USART1_IRQHandler                        0x080001c3   Thumb Code     0  startup_stm32f303xe.o(.text)
    USART2_IRQHandler                        0x080001c3   Thumb Code     0  startup_stm32f303xe.o(.text)
    USART3_IRQHandler                        0x080001c3   Thumb Code     0  startup_stm32f303xe.o(.text)
    USBWakeUp_IRQHandler                     0x080001c3   Thumb Code     0  startup_stm32f303xe.o(.text)
    USBWakeUp_RMP_IRQHandler                 0x080001c3   Thumb Code     0  startup_stm32f303xe.o(.text)
    USB_HP_CAN_TX_IRQHandler                 0x080001c3   Thumb Code     0  startup_stm32f303xe.o(.text)
    USB_HP_IRQHandler                        0x080001c3   Thumb Code     0  startup_stm32f303xe.o(.text)
    USB_LP_CAN_RX0_IRQHandler                0x080001c3   Thumb Code     0  startup_stm32f303xe.o(.text)
    WWDG_IRQHandler                          0x080001c3   Thumb Code     0  startup_stm32f303xe.o(.text)
    __aeabi_memcpy                           0x080001cd   Thumb Code    36  memcpya.o(.text)
    __aeabi_memcpy4                          0x080001cd   Thumb Code     0  memcpya.o(.text)
    __aeabi_memcpy8                          0x080001cd   Thumb Code     0  memcpya.o(.text)
    __aeabi_memset                           0x080001f1   Thumb Code    14  memseta.o(.text)
    __aeabi_memset4                          0x080001f1   Thumb Code     0  memseta.o(.text)
    __aeabi_memset8                          0x080001f1   Thumb Code     0  memseta.o(.text)
    __aeabi_memclr                           0x080001ff   Thumb Code     4  memseta.o(.text)
    __aeabi_memclr4                          0x080001ff   Thumb Code     0  memseta.o(.text)
    __aeabi_memclr8                          0x080001ff   Thumb Code     0  memseta.o(.text)
    _memset$wrapper                          0x08000203   Thumb Code    18  memseta.o(.text)
    __scatterload                            0x08000215   Thumb Code    28  init.o(.text)
    __scatterload_rt2                        0x08000215   Thumb Code     0  init.o(.text)
    APP_safeoutput                           0x08000239   Thumb Code     8  middlesoes.o(i.APP_safeoutput)
    BusFault_Handler                         0x08000245   Thumb Code     4  stm32f3xx_it.o(i.BusFault_Handler)
    DIG_process                              0x08000249   Thumb Code   126  middlesoes.o(i.DIG_process)
    DebugMon_Handler                         0x080002dd   Thumb Code     2  stm32f3xx_it.o(i.DebugMon_Handler)
    ESC_ALerror                              0x080002e1   Thumb Code    24  esc.o(i.ESC_ALerror)
    ESC_ALstatus                             0x080002fd   Thumb Code    24  esc.o(i.ESC_ALstatus)
    ESC_ReadAlEvent                          0x08000319   Thumb Code    12  esc.o(i.ESC_ReadAlEvent)
    ESC_SMack                                0x08000329   Thumb Code    22  esc.o(i.ESC_SMack)
    ESC_SMdisable                            0x08000341   Thumb Code    26  esc.o(i.ESC_SMdisable)
    ESC_SMenable                             0x08000361   Thumb Code    26  esc.o(i.ESC_SMenable)
    ESC_SMstatus                             0x08000381   Thumb Code    42  esc.o(i.ESC_SMstatus)
    ESC_SMwritepdi                           0x080003b1   Thumb Code    28  esc.o(i.ESC_SMwritepdi)
    ESC_ackmbxread                           0x080003d1   Thumb Code    48  esc.o(i.ESC_ackmbxread)
    ESC_address                              0x08000405   Thumb Code    26  esc.o(i.ESC_address)
    ESC_checkSM23                            0x08000425   Thumb Code   128  esc.o(i.ESC_checkSM23)
    ESC_checkmbx                             0x080004b1   Thumb Code   154  esc.o(i.ESC_checkmbx)
    ESC_checkmbxboot                         0x08000551   Thumb Code   154  esc.o(i.ESC_checkmbxboot)
    ESC_claimbuffer                          0x080005f1   Thumb Code   106  esc.o(i.ESC_claimbuffer)
    ESC_coeprocess                           0x08000669   Thumb Code   272  esc_coe.o(i.ESC_coeprocess)
    ESC_init                                 0x0800078d   Thumb Code     8  esc.o(i.ESC_init)
    ESC_mbxprocess                           0x08000795   Thumb Code   452  esc.o(i.ESC_mbxprocess)
    ESC_objecthandler                        0x08000969   Thumb Code   200  middlesoes.o(i.ESC_objecthandler)
    ESC_outreqbuffer                         0x08000a5d   Thumb Code    22  esc.o(i.ESC_outreqbuffer)
    ESC_pre_objecthandler                    0x08000a79   Thumb Code    74  esc_coe.o(i.ESC_pre_objecthandler)
    ESC_read                                 0x08000ad1   Thumb Code   102  esc.o(i.ESC_read)
    ESC_readmbx                              0x08000b39   Thumb Code   150  esc.o(i.ESC_readmbx)
    ESC_reset                                0x08000bdd   Thumb Code     2  esc.o(i.ESC_reset)
    ESC_startinput                           0x08000be1   Thumb Code    70  esc.o(i.ESC_startinput)
    ESC_startmbx                             0x08000c31   Thumb Code    86  esc.o(i.ESC_startmbx)
    ESC_startmbxboot                         0x08000c91   Thumb Code    86  esc.o(i.ESC_startmbxboot)
    ESC_startoutput                          0x08000cf1   Thumb Code    26  esc.o(i.ESC_startoutput)
    ESC_state                                0x08000d11   Thumb Code   784  esc.o(i.ESC_state)
    ESC_stopinput                            0x08001039   Thumb Code    22  esc.o(i.ESC_stopinput)
    ESC_stopmbx                              0x08001055   Thumb Code    74  esc.o(i.ESC_stopmbx)
    ESC_stopoutput                           0x080010ad   Thumb Code    26  esc.o(i.ESC_stopoutput)
    ESC_write                                0x080010cd   Thumb Code   102  esc.o(i.ESC_write)
    ESC_writembx                             0x08001135   Thumb Code   110  esc.o(i.ESC_writembx)
    ESC_xoeprocess                           0x080011ad   Thumb Code    62  esc.o(i.ESC_xoeprocess)
    EXTI0_IRQHandler                         0x080011fd   Thumb Code    20  driverhwlaninterrupt.o(i.EXTI0_IRQHandler)
    EXTI15_10_IRQHandler                     0x08001215   Thumb Code    40  driverhwlaninterrupt.o(i.EXTI15_10_IRQHandler)
    Error_Handler                            0x08001241   Thumb Code     4  main.o(i.Error_Handler)
    HAL_GPIO_EXTI_Callback                   0x08001245   Thumb Code    88  driverhwlaninterrupt.o(i.HAL_GPIO_EXTI_Callback)
    HAL_GPIO_EXTI_IRQHandler                 0x080012b5   Thumb Code    24  stm32f3xx_hal_gpio.o(i.HAL_GPIO_EXTI_IRQHandler)
    HAL_GPIO_Init                            0x080012d1   Thumb Code   452  stm32f3xx_hal_gpio.o(i.HAL_GPIO_Init)
    HAL_GPIO_WritePin                        0x080014b9   Thumb Code    10  stm32f3xx_hal_gpio.o(i.HAL_GPIO_WritePin)
    HAL_GetTick                              0x080014c5   Thumb Code     6  stm32f3xx_hal.o(i.HAL_GetTick)
    HAL_IncTick                              0x080014d1   Thumb Code    12  stm32f3xx_hal.o(i.HAL_IncTick)
    HAL_Init                                 0x080014e1   Thumb Code    34  stm32f3xx_hal.o(i.HAL_Init)
    HAL_InitTick                             0x08001509   Thumb Code    36  stm32f3xx_hal.o(i.HAL_InitTick)
    HAL_MspInit                              0x08001531   Thumb Code   114  stm32f3xx_hal_msp.o(i.HAL_MspInit)
    HAL_NVIC_SetPriority                     0x080015a9   Thumb Code   124  stm32f3xx_hal_cortex.o(i.HAL_NVIC_SetPriority)
    HAL_NVIC_SetPriorityGrouping             0x08001625   Thumb Code    32  stm32f3xx_hal_cortex.o(i.HAL_NVIC_SetPriorityGrouping)
    HAL_PCD_DataInStageCallback              0x0800164d   Thumb Code    32  usbd_conf.o(i.HAL_PCD_DataInStageCallback)
    HAL_PCD_DataOutStageCallback             0x0800166d   Thumb Code    32  usbd_conf.o(i.HAL_PCD_DataOutStageCallback)
    HAL_PCD_EP_ClrStall                      0x0800168d   Thumb Code   288  stm32f3xx_hal_pcd.o(i.HAL_PCD_EP_ClrStall)
    HAL_PCD_EP_Open                          0x080017ad   Thumb Code  1302  stm32f3xx_hal_pcd.o(i.HAL_PCD_EP_Open)
    HAL_PCD_EP_Receive                       0x08001cc3   Thumb Code   338  stm32f3xx_hal_pcd.o(i.HAL_PCD_EP_Receive)
    HAL_PCD_EP_SetStall                      0x08001e15   Thumb Code   234  stm32f3xx_hal_pcd.o(i.HAL_PCD_EP_SetStall)
    HAL_PCD_EP_Transmit                      0x08001eff   Thumb Code   312  stm32f3xx_hal_pcd.o(i.HAL_PCD_EP_Transmit)
    HAL_PCD_IRQHandler                       0x08002037   Thumb Code   356  stm32f3xx_hal_pcd.o(i.HAL_PCD_IRQHandler)
    HAL_PCD_ResetCallback                    0x0800219b   Thumb Code    42  usbd_conf.o(i.HAL_PCD_ResetCallback)
    HAL_PCD_ResumeCallback                   0x080021c5   Thumb Code    14  usbd_conf.o(i.HAL_PCD_ResumeCallback)
    HAL_PCD_SOFCallback                      0x080021d3   Thumb Code    14  usbd_conf.o(i.HAL_PCD_SOFCallback)
    HAL_PCD_SetAddress                       0x080021e1   Thumb Code    54  stm32f3xx_hal_pcd.o(i.HAL_PCD_SetAddress)
    HAL_PCD_SetupStageCallback               0x08002217   Thumb Code    18  usbd_conf.o(i.HAL_PCD_SetupStageCallback)
    HAL_PCD_SuspendCallback                  0x08002229   Thumb Code    30  usbd_conf.o(i.HAL_PCD_SuspendCallback)
    HAL_RCCEx_PeriphCLKConfig                0x0800224d   Thumb Code   926  stm32f3xx_hal_rcc_ex.o(i.HAL_RCCEx_PeriphCLKConfig)
    HAL_RCC_ClockConfig                      0x080025f9   Thumb Code   732  stm32f3xx_hal_rcc.o(i.HAL_RCC_ClockConfig)
    HAL_RCC_GetHCLKFreq                      0x080028e5   Thumb Code     6  stm32f3xx_hal_rcc.o(i.HAL_RCC_GetHCLKFreq)
    HAL_RCC_GetSysClockFreq                  0x080028f1   Thumb Code   130  stm32f3xx_hal_rcc.o(i.HAL_RCC_GetSysClockFreq)
    HAL_RCC_OscConfig                        0x08002989   Thumb Code  2558  stm32f3xx_hal_rcc.o(i.HAL_RCC_OscConfig)
    HAL_SPI_Init                             0x08003391   Thumb Code   206  stm32f3xx_hal_spi.o(i.HAL_SPI_Init)
    HAL_SPI_MspInit                          0x08003461   Thumb Code   144  stm32f3xx_hal_msp.o(i.HAL_SPI_MspInit)
    HAL_SPI_TransmitReceive                  0x08003501   Thumb Code   836  stm32f3xx_hal_spi.o(i.HAL_SPI_TransmitReceive)
    HAL_SYSTICK_CLKSourceConfig              0x08003845   Thumb Code    40  stm32f3xx_hal_cortex.o(i.HAL_SYSTICK_CLKSourceConfig)
    HAL_SYSTICK_Callback                     0x0800386d   Thumb Code     2  stm32f3xx_hal_cortex.o(i.HAL_SYSTICK_Callback)
    HAL_SYSTICK_Config                       0x0800386f   Thumb Code    52  stm32f3xx_hal_cortex.o(i.HAL_SYSTICK_Config)
    HAL_SYSTICK_IRQHandler                   0x080038a3   Thumb Code     8  stm32f3xx_hal_cortex.o(i.HAL_SYSTICK_IRQHandler)
    HAL_TIMEx_BreakCallback                  0x080038ab   Thumb Code     2  stm32f3xx_hal_tim_ex.o(i.HAL_TIMEx_BreakCallback)
    HAL_TIMEx_CommutationCallback            0x080038ad   Thumb Code     2  stm32f3xx_hal_tim_ex.o(i.HAL_TIMEx_CommutationCallback)
    HAL_TIM_IC_CaptureCallback               0x080038af   Thumb Code     2  stm32f3xx_hal_tim.o(i.HAL_TIM_IC_CaptureCallback)
    HAL_TIM_IRQHandler                       0x080038b1   Thumb Code   406  stm32f3xx_hal_tim.o(i.HAL_TIM_IRQHandler)
    HAL_TIM_OC_DelayElapsedCallback          0x08003a47   Thumb Code     2  stm32f3xx_hal_tim.o(i.HAL_TIM_OC_DelayElapsedCallback)
    HAL_TIM_PWM_PulseFinishedCallback        0x08003a49   Thumb Code     2  stm32f3xx_hal_tim.o(i.HAL_TIM_PWM_PulseFinishedCallback)
    HAL_TIM_PeriodElapsedCallback            0x08003a4d   Thumb Code    40  driverhwecatticktimer.o(i.HAL_TIM_PeriodElapsedCallback)
    HAL_TIM_TriggerCallback                  0x08003a81   Thumb Code     2  stm32f3xx_hal_tim.o(i.HAL_TIM_TriggerCallback)
    HardFault_Handler                        0x08003a83   Thumb Code     4  stm32f3xx_it.o(i.HardFault_Handler)
    MBX_error                                0x08003a89   Thumb Code    44  esc.o(i.MBX_error)
    MemManage_Handler                        0x08003b09   Thumb Code     4  stm32f3xx_it.o(i.MemManage_Handler)
    NMI_Handler                              0x08003b0d   Thumb Code     2  stm32f3xx_it.o(i.NMI_Handler)
    PCD_ReadPMA                              0x08003f75   Thumb Code    34  stm32f3xx_hal_pcd_ex.o(i.PCD_ReadPMA)
    PCD_WritePMA                             0x08003f97   Thumb Code    52  stm32f3xx_hal_pcd_ex.o(i.PCD_WritePMA)
    PDIReadAlEventReg                        0x08003fcb   Thumb Code    20  driverswlan9252.o(i.PDIReadAlEventReg)
    PDIReadLAN9252DirectReg                  0x08003fdf   Thumb Code    16  driverswlan9252.o(i.PDIReadLAN9252DirectReg)
    PDIReadReg                               0x08003fef   Thumb Code    38  driverswlan9252.o(i.PDIReadReg)
    PDIWriteReg                              0x08004015   Thumb Code    38  driverswlan9252.o(i.PDIWriteReg)
    PDI_Init                                 0x0800403d   Thumb Code    26  driverswlan9252.o(i.PDI_Init)
    PendSV_Handler                           0x08004069   Thumb Code     2  stm32f3xx_it.o(i.PendSV_Handler)
    RXPDO_update                             0x0800406d   Thumb Code    18  middlesoes.o(i.RXPDO_update)
    SDO_abort                                0x08004089   Thumb Code    68  esc_coe.o(i.SDO_abort)
    SDO_download                             0x080040d5   Thumb Code   350  esc_coe.o(i.SDO_download)
    SDO_findobject                           0x08004259   Thumb Code    48  esc_coe.o(i.SDO_findobject)
    SDO_findsubindex                         0x0800428d   Thumb Code    80  esc_coe.o(i.SDO_findsubindex)
    SDO_geted                                0x080042e1   Thumb Code   268  esc_coe.o(i.SDO_geted)
    SDO_getod                                0x08004405   Thumb Code   270  esc_coe.o(i.SDO_getod)
    SDO_getodlist                            0x08004529   Thumb Code   334  esc_coe.o(i.SDO_getodlist)
    SDO_getodlistcont                        0x0800468d   Thumb Code   198  esc_coe.o(i.SDO_getodlistcont)
    SDO_infoerror                            0x08004765   Thumb Code    76  esc_coe.o(i.SDO_infoerror)
    SDO_upload                               0x080047b9   Thumb Code   340  esc_coe.o(i.SDO_upload)
    SDO_uploadsegment                        0x08004925   Thumb Code   164  esc_coe.o(i.SDO_uploadsegment)
    SPIReadBurstMode                         0x080049d5   Thumb Code    54  driverswlan9252.o(i.SPIReadBurstMode)
    SPIReadDWord                             0x08004a0d   Thumb Code    56  driverswlan9252.o(i.SPIReadDWord)
    SPIReadPDRamRegister                     0x08004a49   Thumb Code   286  driverswlan9252.o(i.SPIReadPDRamRegister)
    SPIReadRegUsingCSR                       0x08004b67   Thumb Code   110  driverswlan9252.o(i.SPIReadRegUsingCSR)
    SPISendAddr                              0x08004bd5   Thumb Code    32  driverswlan9252.o(i.SPISendAddr)
    SPIWriteBurstMode                        0x08004bf5   Thumb Code    48  driverswlan9252.o(i.SPIWriteBurstMode)
    SPIWriteByte                             0x08004c25   Thumb Code    12  driverswlan9252.o(i.SPIWriteByte)
    SPIWriteBytes                            0x08004c31   Thumb Code    72  driverswlan9252.o(i.SPIWriteBytes)
    SPIWriteDWord                            0x08004c7d   Thumb Code    88  driverswlan9252.o(i.SPIWriteDWord)
    SPIWritePDRamRegister                    0x08004cdd   Thumb Code   286  driverswlan9252.o(i.SPIWritePDRamRegister)
    SPIWriteRegUsingCSR                      0x08004dfb   Thumb Code   110  driverswlan9252.o(i.SPIWriteRegUsingCSR)
    SVC_Handler                              0x08004fff   Thumb Code     2  stm32f3xx_it.o(i.SVC_Handler)
    SysTick_Handler                          0x08005001   Thumb Code    12  stm32f3xx_it.o(i.SysTick_Handler)
    SystemClock_Config                       0x0800500d   Thumb Code   156  main.o(i.SystemClock_Config)
    SystemInit                               0x080050ad   Thumb Code   104  system_stm32f3xx.o(i.SystemInit)
    TIM2_IRQHandler                          0x08005129   Thumb Code    10  driverhwecatticktimer.o(i.TIM2_IRQHandler)
    TXPDO_update                             0x08005139   Thumb Code    18  middlesoes.o(i.TXPDO_update)
    USBD_ClrClassConfig                      0x08005155   Thumb Code    22  usbd_core.o(i.USBD_ClrClassConfig)
    USBD_CtlContinueRx                       0x080051af   Thumb Code    24  usbd_ioreq.o(i.USBD_CtlContinueRx)
    USBD_CtlContinueSendData                 0x080051c7   Thumb Code    24  usbd_ioreq.o(i.USBD_CtlContinueSendData)
    USBD_CtlError                            0x080051df   Thumb Code    24  usbd_ctlreq.o(i.USBD_CtlError)
    USBD_CtlReceiveStatus                    0x080051f7   Thumb Code    26  usbd_ioreq.o(i.USBD_CtlReceiveStatus)
    USBD_CtlSendData                         0x08005211   Thumb Code    34  usbd_ioreq.o(i.USBD_CtlSendData)
    USBD_CtlSendStatus                       0x08005233   Thumb Code    26  usbd_ioreq.o(i.USBD_CtlSendStatus)
    USBD_LL_ClearStallEP                     0x08005429   Thumb Code    20  usbd_conf.o(i.USBD_LL_ClearStallEP)
    USBD_LL_DataInStage                      0x0800543d   Thumb Code   218  usbd_core.o(i.USBD_LL_DataInStage)
    USBD_LL_DataOutStage                     0x08005517   Thumb Code   134  usbd_core.o(i.USBD_LL_DataOutStage)
    USBD_LL_IsStallEP                        0x0800559d   Thumb Code    56  usbd_conf.o(i.USBD_LL_IsStallEP)
    USBD_LL_OpenEP                           0x080055d5   Thumb Code    32  usbd_conf.o(i.USBD_LL_OpenEP)
    USBD_LL_PrepareReceive                   0x080055f5   Thumb Code    32  usbd_conf.o(i.USBD_LL_PrepareReceive)
    USBD_LL_Reset                            0x08005615   Thumb Code    68  usbd_core.o(i.USBD_LL_Reset)
    USBD_LL_Resume                           0x08005659   Thumb Code    14  usbd_core.o(i.USBD_LL_Resume)
    USBD_LL_SOF                              0x08005667   Thumb Code    34  usbd_core.o(i.USBD_LL_SOF)
    USBD_LL_SetSpeed                         0x08005689   Thumb Code     8  usbd_core.o(i.USBD_LL_SetSpeed)
    USBD_LL_SetUSBAddress                    0x08005691   Thumb Code    20  usbd_conf.o(i.USBD_LL_SetUSBAddress)
    USBD_LL_SetupStage                       0x080056a5   Thumb Code   110  usbd_core.o(i.USBD_LL_SetupStage)
    USBD_LL_StallEP                          0x08005713   Thumb Code    20  usbd_conf.o(i.USBD_LL_StallEP)
    USBD_LL_Suspend                          0x08005727   Thumb Code    20  usbd_core.o(i.USBD_LL_Suspend)
    USBD_LL_Transmit                         0x0800573b   Thumb Code    32  usbd_conf.o(i.USBD_LL_Transmit)
    USBD_ParseSetupRequest                   0x0800575b   Thumb Code    40  usbd_ctlreq.o(i.USBD_ParseSetupRequest)
    USBD_RunTestMode                         0x08005783   Thumb Code     6  usbd_core.o(i.USBD_RunTestMode)
    USBD_SetClassConfig                      0x080057dd   Thumb Code    34  usbd_core.o(i.USBD_SetClassConfig)
    USBD_StdDevReq                           0x08005905   Thumb Code   114  usbd_ctlreq.o(i.USBD_StdDevReq)
    USBD_StdEPReq                            0x08005977   Thumb Code   342  usbd_ctlreq.o(i.USBD_StdEPReq)
    USBD_StdItfReq                           0x08005acd   Thumb Code    74  usbd_ctlreq.o(i.USBD_StdItfReq)
    USB_LP_IRQHandler                        0x08005b19   Thumb Code    10  stm32f3xx_it.o(i.USB_LP_IRQHandler)
    UsageFault_Handler                       0x08005b29   Thumb Code     4  stm32f3xx_it.o(i.UsageFault_Handler)
    __scatterload_copy                       0x08005b2d   Thumb Code    14  handlers.o(i.__scatterload_copy)
    __scatterload_null                       0x08005b3b   Thumb Code     2  handlers.o(i.__scatterload_null)
    __scatterload_zeroinit                   0x08005b3d   Thumb Code    14  handlers.o(i.__scatterload_zeroinit)
    copy2mbx                                 0x08005b4b   Thumb Code    20  esc_coe.o(i.copy2mbx)
    driverHWSPI1Init                         0x08005b61   Thumb Code   134  driverhwspi1.o(i.driverHWSPI1Init)
    driverHWSPI1SetCS                        0x08005bf9   Thumb Code    18  driverhwspi1.o(i.driverHWSPI1SetCS)
    driverHWSPI1Write                        0x08005c11   Thumb Code    60  driverhwspi1.o(i.driverHWSPI1Write)
    driverHWSPI1WriteRead                    0x08005c51   Thumb Code   116  driverhwspi1.o(i.driverHWSPI1WriteRead)
    driverHWSPI1WriteSingleByte              0x08005cc9   Thumb Code    16  driverhwspi1.o(i.driverHWSPI1WriteSingleByte)
    driverHWSetOutput                        0x08005cd9   Thumb Code    36  driverhwstatus.o(i.driverHWSetOutput)
    driverHWStatusInit                       0x08005d01   Thumb Code   136  driverhwstatus.o(i.driverHWStatusInit)
    free                                     0x08005d91   Thumb Code    76  malloc.o(i.free)
    main                                     0x08005de1   Thumb Code    50  main.o(i.main)
    malloc                                   0x08005e19   Thumb Code    92  malloc.o(i.malloc)
    modDelayInit                             0x08005e85   Thumb Code     2  moddelay.o(i.modDelayInit)
    modDelayTick100ms                        0x08005e89   Thumb Code    52  moddelay.o(i.modDelayTick100ms)
    modDelayTick1ms                          0x08005ec5   Thumb Code    32  moddelay.o(i.modDelayTick1ms)
    modEffectChangeState                     0x08005ee5   Thumb Code    48  modeffect.o(i.modEffectChangeState)
    modEffectInit                            0x08005f19   Thumb Code    12  modeffect.o(i.modEffectInit)
    modEffectTask                            0x08005f25   Thumb Code   138  modeffect.o(i.modEffectTask)
    modEffectTaskBlinkLong                   0x08005fb5   Thumb Code   118  modeffect.o(i.modEffectTaskBlinkLong)
    modEffectTaskBlinkShort                  0x08006039   Thumb Code   118  modeffect.o(i.modEffectTaskBlinkShort)
    modEffectTaskFlash                       0x080060bd   Thumb Code    38  modeffect.o(i.modEffectTaskFlash)
    modEffectTaskFlashFast                   0x080060ed   Thumb Code    38  modeffect.o(i.modEffectTaskFlashFast)
    sizeRXPDO                                0x0800611d   Thumb Code   156  esc_coe.o(i.sizeRXPDO)
    sizeTXPDO                                0x080061c1   Thumb Code   156  esc_coe.o(i.sizeTXPDO)
    soes_init                                0x08006265   Thumb Code   116  middlesoes.o(i.soes_init)
    soes_task                                0x080062f1   Thumb Code    90  middlesoes.o(i.soes_task)
    aPLLMULFactorTable                       0x08006360   Data          16  stm32f3xx_hal_rcc.o(.constdata)
    aPredivFactorTable                       0x08006370   Data          16  stm32f3xx_hal_rcc.o(.constdata)
    STATPorts                                0x08006380   Data          48  driverhwstatus.o(.constdata)
    SDO1000                                  0x08006614   Data          20  objectlist.o(.constdata)
    SDO1008                                  0x08006628   Data          20  objectlist.o(.constdata)
    SDO1009                                  0x0800663c   Data          20  objectlist.o(.constdata)
    SDO100A                                  0x08006650   Data          20  objectlist.o(.constdata)
    SDO1018                                  0x08006664   Data         100  objectlist.o(.constdata)
    SDO1600                                  0x080066c8   Data          40  objectlist.o(.constdata)
    SDO1A00                                  0x080066f0   Data          60  objectlist.o(.constdata)
    SDO1C00                                  0x0800672c   Data         100  objectlist.o(.constdata)
    SDO1C10                                  0x08006790   Data          20  objectlist.o(.constdata)
    SDO1C11                                  0x080067a4   Data          20  objectlist.o(.constdata)
    SDO1C12                                  0x080067b8   Data          40  objectlist.o(.constdata)
    SDO1C13                                  0x080067e0   Data          40  objectlist.o(.constdata)
    SDO6000                                  0x08006808   Data          60  objectlist.o(.constdata)
    SDO7000                                  0x08006844   Data          40  objectlist.o(.constdata)
    SDO7100                                  0x0800686c   Data          60  objectlist.o(.constdata)
    SDO8001                                  0x080068a8   Data          40  objectlist.o(.constdata)
    SDOobjects                               0x080068d0   Data         238  objectlist.o(.constdata)
    AHBPrescTable                            0x080069be   Data          16  system_stm32f3xx.o(.constdata)
    APBPrescTable                            0x080069ce   Data           8  system_stm32f3xx.o(.constdata)
    Region$$Table$$Base                      0x080069d8   Number         0  anon$$obj.o(Region$$Table)
    Region$$Table$$Limit                     0x080069f8   Number         0  anon$$obj.o(Region$$Table)
    uwTick                                   0x20000000   Data           4  stm32f3xx_hal.o(.data)
    driverHWECATTickTimercallBackTickFunction 0x20000004   Data           4  driverhwecatticktimer.o(.data)
    driverHWECATTick                         0x20000008   Data           4  driverhwecatticktimer.o(.data)
    driverHWECATTickTimerInterruptActive     0x2000000c   Data           1  driverhwecatticktimer.o(.data)
    driverHWLANInterruptcallBackIRQFunction  0x20000010   Data           4  driverhwlaninterrupt.o(.data)
    driverHWLANInterruptcallBackSYNC0Function 0x20000014   Data           4  driverhwlaninterrupt.o(.data)
    driverHWLANInterruptcallBackSYNC1Function 0x20000018   Data           4  driverhwlaninterrupt.o(.data)
    driverHWLANInterruptcallBackIRQActive    0x2000001c   Data           1  driverhwlaninterrupt.o(.data)
    driverHWLANInterruptcallBackSYNC0Active  0x2000001d   Data           1  driverhwlaninterrupt.o(.data)
    driverHWLANInterruptcallBackSYNC1Active  0x2000001e   Data           1  driverhwlaninterrupt.o(.data)
    driverHWLANInterruptInitialized          0x2000001f   Data           1  driverhwlaninterrupt.o(.data)
    driverSWLAN9252TimerHandler              0x20000020   Data           4  driverswlan9252.o(.data)
    driverSWLAN9252IRQHandler                0x20000024   Data           4  driverswlan9252.o(.data)
    driverSWLAN9252SYNC0Handler              0x20000028   Data           4  driverswlan9252.o(.data)
    driverSWLAN9252SYNC1Handler              0x2000002c   Data           4  driverswlan9252.o(.data)
    RunLedje                                 0x20000030   Data           1  driverswlan9252.o(.data)
    ErrorLedje                               0x20000031   Data           1  driverswlan9252.o(.data)
    encoder_scale                            0x2000005c   Data           4  middlesoes.o(.data)
    encoder_scale_mirror                     0x20000060   Data           4  middlesoes.o(.data)
    MBXcontrol                               0x20000064   Data           3  middlesoes.o(.data)
    MBXrun                                   0x20000067   Data           1  middlesoes.o(.data)
    SM2_sml                                  0x20000068   Data           2  middlesoes.o(.data)
    SM3_sml                                  0x2000006a   Data           2  middlesoes.o(.data)
    Rb                                       0x2000006c   Data           8  middlesoes.o(.data)
    Wb                                       0x20000074   Data           1  middlesoes.o(.data)
    Cb                                       0x20000078   Data           4  middlesoes.o(.data)
    App                                      0x2000007c   Data           1  middlesoes.o(.data)
    TXPDOsize                                0x2000007e   Data           2  middlesoes.o(.data)
    RXPDOsize                                0x20000080   Data           2  middlesoes.o(.data)
    wd_cnt                                   0x20000084   Data           4  middlesoes.o(.data)
    digoutput                                0x20000088   Data           1  middlesoes.o(.data)
    diginput                                 0x20000089   Data           1  middlesoes.o(.data)
    txpdomap                                 0x2000008a   Data           2  middlesoes.o(.data)
    rxpdomap                                 0x2000008c   Data           2  middlesoes.o(.data)
    txpdoitems                               0x2000008e   Data           1  middlesoes.o(.data)
    rxpdoitems                               0x2000008f   Data           1  middlesoes.o(.data)
    STATStatuses                             0x2000009c   Data          32  modeffect.o(.data)
    SystemCoreClock                          0x200000dc   Data           4  system_stm32f3xx.o(.data)
    modDelaySPI1LastTick                     0x200000e0   Data           4  main.o(.data)
    temp                                     0x200000e4   Data           4  main.o(.data)
    tempCounterIRQ                           0x200000e8   Data           2  main.o(.data)
    tempCounterSYNC0                         0x200000ea   Data           2  main.o(.data)
    tempCounterSYNC1                         0x200000ec   Data           2  main.o(.data)
    delayTick                                0x200000f0   Data           4  main.o(.data)
    __microlib_freelist                      0x200000f4   Data           4  mvars.o(.data)
    __microlib_freelist_initialised          0x200000f8   Data           4  mvars.o(.data)
    driverHWECATTickTimerTIM2                0x200000fc   Data          60  driverhwecatticktimer.o(.bss)
    driverHWSPI1Handle                       0x20000138   Data         100  driverhwspi1.o(.bss)
    hpcd_USB_FS                              0x2000019c   Data         936  usbd_conf.o(.bss)
    ESCvar                                   0x20000764   Data          76  middlesoes.o(.bss)
    MBX                                      0x200007b0   Data         384  middlesoes.o(.bss)
    __heap_base                              0x20000930   Data           0  startup_stm32f303xe.o(HEAP)
    __heap_limit                             0x20000b30   Data           0  startup_stm32f303xe.o(HEAP)
    __initial_sp                             0x20000f30   Data           0  startup_stm32f303xe.o(STACK)



==============================================================================

Memory Map of the image

  Image Entry point : 0x08000195

  Load Region LR_IROM1 (Base: 0x08000000, Size: 0x00006af4, Max: 0x00080000, ABSOLUTE)

    Execution Region ER_IROM1 (Base: 0x08000000, Size: 0x000069f8, Max: 0x00080000, ABSOLUTE)

    Base Addr    Size         Type   Attr      Idx    E Section Name        Object

    0x08000000   0x00000194   Data   RO         5379    RESET               startup_stm32f303xe.o
    0x08000194   0x00000000   Code   RO         5638  * .ARM.Collect$$$$00000000  mc_w.l(entry.o)
    0x08000194   0x00000004   Code   RO         5679    .ARM.Collect$$$$00000001  mc_w.l(entry2.o)
    0x08000198   0x00000004   Code   RO         5682    .ARM.Collect$$$$00000004  mc_w.l(entry5.o)
    0x0800019c   0x00000000   Code   RO         5684    .ARM.Collect$$$$00000008  mc_w.l(entry7b.o)
    0x0800019c   0x00000000   Code   RO         5686    .ARM.Collect$$$$0000000A  mc_w.l(entry8b.o)
    0x0800019c   0x00000008   Code   RO         5687    .ARM.Collect$$$$0000000B  mc_w.l(entry9a.o)
    0x080001a4   0x00000000   Code   RO         5689    .ARM.Collect$$$$0000000D  mc_w.l(entry10a.o)
    0x080001a4   0x00000000   Code   RO         5691    .ARM.Collect$$$$0000000F  mc_w.l(entry11a.o)
    0x080001a4   0x00000004   Code   RO         5680    .ARM.Collect$$$$00002712  mc_w.l(entry2.o)
    0x080001a8   0x00000024   Code   RO         5380    .text               startup_stm32f303xe.o
    0x080001cc   0x00000024   Code   RO         5643    .text               mc_w.l(memcpya.o)
    0x080001f0   0x00000024   Code   RO         5645    .text               mc_w.l(memseta.o)
    0x08000214   0x00000024   Code   RO         5695    .text               mc_w.l(init.o)
    0x08000238   0x0000000c   Code   RO         4801    i.APP_safeoutput    middlesoes.o
    0x08000244   0x00000004   Code   RO         5471    i.BusFault_Handler  stm32f3xx_it.o
    0x08000248   0x00000094   Code   RO         4802    i.DIG_process       middlesoes.o
    0x080002dc   0x00000002   Code   RO         5472    i.DebugMon_Handler  stm32f3xx_it.o
    0x080002de   0x00000002   PAD
    0x080002e0   0x0000001c   Code   RO         4308    i.ESC_ALerror       esc.o
    0x080002fc   0x0000001c   Code   RO         4309    i.ESC_ALstatus      esc.o
    0x08000318   0x00000010   Code   RO         4310    i.ESC_ReadAlEvent   esc.o
    0x08000328   0x00000016   Code   RO         4311    i.ESC_SMack         esc.o
    0x0800033e   0x00000002   PAD
    0x08000340   0x00000020   Code   RO         4312    i.ESC_SMdisable     esc.o
    0x08000360   0x00000020   Code   RO         4313    i.ESC_SMenable      esc.o
    0x08000380   0x00000030   Code   RO         4314    i.ESC_SMstatus      esc.o
    0x080003b0   0x00000020   Code   RO         4315    i.ESC_SMwritepdi    esc.o
    0x080003d0   0x00000034   Code   RO         4317    i.ESC_ackmbxread    esc.o
    0x08000404   0x00000020   Code   RO         4318    i.ESC_address       esc.o
    0x08000424   0x0000008c   Code   RO         4319    i.ESC_checkSM23     esc.o
    0x080004b0   0x000000a0   Code   RO         4320    i.ESC_checkmbx      esc.o
    0x08000550   0x000000a0   Code   RO         4321    i.ESC_checkmbxboot  esc.o
    0x080005f0   0x00000078   Code   RO         4322    i.ESC_claimbuffer   esc.o
    0x08000668   0x00000124   Code   RO         4562    i.ESC_coeprocess    esc_coe.o
    0x0800078c   0x00000008   Code   RO         4324    i.ESC_init          esc.o
    0x08000794   0x000001d4   Code   RO         4325    i.ESC_mbxprocess    esc.o
    0x08000968   0x000000f4   Code   RO         4803    i.ESC_objecthandler  middlesoes.o
    0x08000a5c   0x0000001c   Code   RO         4326    i.ESC_outreqbuffer  esc.o
    0x08000a78   0x00000058   Code   RO         4563    i.ESC_pre_objecthandler  esc_coe.o
    0x08000ad0   0x00000066   Code   RO         4327    i.ESC_read          esc.o
    0x08000b36   0x00000002   PAD
    0x08000b38   0x000000a4   Code   RO         4328    i.ESC_readmbx       esc.o
    0x08000bdc   0x00000002   Code   RO         4329    i.ESC_reset         esc.o
    0x08000bde   0x00000002   PAD
    0x08000be0   0x00000050   Code   RO         4330    i.ESC_startinput    esc.o
    0x08000c30   0x00000060   Code   RO         4331    i.ESC_startmbx      esc.o
    0x08000c90   0x00000060   Code   RO         4332    i.ESC_startmbxboot  esc.o
    0x08000cf0   0x00000020   Code   RO         4333    i.ESC_startoutput   esc.o
    0x08000d10   0x00000328   Code   RO         4334    i.ESC_state         esc.o
    0x08001038   0x0000001c   Code   RO         4335    i.ESC_stopinput     esc.o
    0x08001054   0x00000058   Code   RO         4336    i.ESC_stopmbx       esc.o
    0x080010ac   0x00000020   Code   RO         4337    i.ESC_stopoutput    esc.o
    0x080010cc   0x00000066   Code   RO         4338    i.ESC_write         esc.o
    0x08001132   0x00000002   PAD
    0x08001134   0x00000078   Code   RO         4339    i.ESC_writembx      esc.o
    0x080011ac   0x00000050   Code   RO         4340    i.ESC_xoeprocess    esc.o
    0x080011fc   0x00000018   Code   RO         3537    i.EXTI0_IRQHandler  driverhwlaninterrupt.o
    0x08001214   0x0000002c   Code   RO         3538    i.EXTI15_10_IRQHandler  driverhwlaninterrupt.o
    0x08001240   0x00000004   Code   RO         5590    i.Error_Handler     main.o
    0x08001244   0x00000070   Code   RO         3539    i.HAL_GPIO_EXTI_Callback  driverhwlaninterrupt.o
    0x080012b4   0x0000001c   Code   RO          497    i.HAL_GPIO_EXTI_IRQHandler  stm32f3xx_hal_gpio.o
    0x080012d0   0x000001e8   Code   RO          498    i.HAL_GPIO_Init     stm32f3xx_hal_gpio.o
    0x080014b8   0x0000000a   Code   RO          502    i.HAL_GPIO_WritePin  stm32f3xx_hal_gpio.o
    0x080014c2   0x00000002   PAD
    0x080014c4   0x0000000c   Code   RO         1180    i.HAL_GetTick       stm32f3xx_hal.o
    0x080014d0   0x00000010   Code   RO         1181    i.HAL_IncTick       stm32f3xx_hal.o
    0x080014e0   0x00000028   Code   RO         1182    i.HAL_Init          stm32f3xx_hal.o
    0x08001508   0x00000028   Code   RO         1183    i.HAL_InitTick      stm32f3xx_hal.o
    0x08001530   0x00000078   Code   RO         5391    i.HAL_MspInit       stm32f3xx_hal_msp.o
    0x080015a8   0x0000007c   Code   RO         3348    i.HAL_NVIC_SetPriority  stm32f3xx_hal_cortex.o
    0x08001624   0x00000028   Code   RO         3349    i.HAL_NVIC_SetPriorityGrouping  stm32f3xx_hal_cortex.o
    0x0800164c   0x00000020   Code   RO         3830    i.HAL_PCD_DataInStageCallback  usbd_conf.o
    0x0800166c   0x00000020   Code   RO         3831    i.HAL_PCD_DataOutStageCallback  usbd_conf.o
    0x0800168c   0x00000120   Code   RO         3080    i.HAL_PCD_EP_ClrStall  stm32f3xx_hal_pcd.o
    0x080017ac   0x00000516   Code   RO         3083    i.HAL_PCD_EP_Open   stm32f3xx_hal_pcd.o
    0x08001cc2   0x00000152   Code   RO         3084    i.HAL_PCD_EP_Receive  stm32f3xx_hal_pcd.o
    0x08001e14   0x000000ea   Code   RO         3085    i.HAL_PCD_EP_SetStall  stm32f3xx_hal_pcd.o
    0x08001efe   0x00000138   Code   RO         3086    i.HAL_PCD_EP_Transmit  stm32f3xx_hal_pcd.o
    0x08002036   0x00000164   Code   RO         3088    i.HAL_PCD_IRQHandler  stm32f3xx_hal_pcd.o
    0x0800219a   0x0000002a   Code   RO         3837    i.HAL_PCD_ResetCallback  usbd_conf.o
    0x080021c4   0x0000000e   Code   RO         3838    i.HAL_PCD_ResumeCallback  usbd_conf.o
    0x080021d2   0x0000000e   Code   RO         3839    i.HAL_PCD_SOFCallback  usbd_conf.o
    0x080021e0   0x00000036   Code   RO         3097    i.HAL_PCD_SetAddress  stm32f3xx_hal_pcd.o
    0x08002216   0x00000012   Code   RO         3840    i.HAL_PCD_SetupStageCallback  usbd_conf.o
    0x08002228   0x00000024   Code   RO         3841    i.HAL_PCD_SuspendCallback  usbd_conf.o
    0x0800224c   0x000003ac   Code   RO         1039    i.HAL_RCCEx_PeriphCLKConfig  stm32f3xx_hal_rcc_ex.o
    0x080025f8   0x000002ec   Code   RO         2638    i.HAL_RCC_ClockConfig  stm32f3xx_hal_rcc.o
    0x080028e4   0x0000000c   Code   RO         2643    i.HAL_RCC_GetHCLKFreq  stm32f3xx_hal_rcc.o
    0x080028f0   0x00000098   Code   RO         2647    i.HAL_RCC_GetSysClockFreq  stm32f3xx_hal_rcc.o
    0x08002988   0x00000a08   Code   RO         2650    i.HAL_RCC_OscConfig  stm32f3xx_hal_rcc.o
    0x08003390   0x000000ce   Code   RO         2750    i.HAL_SPI_Init      stm32f3xx_hal_spi.o
    0x0800345e   0x00000002   PAD
    0x08003460   0x000000a0   Code   RO         5393    i.HAL_SPI_MspInit   stm32f3xx_hal_msp.o
    0x08003500   0x00000344   Code   RO         2759    i.HAL_SPI_TransmitReceive  stm32f3xx_hal_spi.o
    0x08003844   0x00000028   Code   RO         3351    i.HAL_SYSTICK_CLKSourceConfig  stm32f3xx_hal_cortex.o
    0x0800386c   0x00000002   Code   RO         3352    i.HAL_SYSTICK_Callback  stm32f3xx_hal_cortex.o
    0x0800386e   0x00000034   Code   RO         3353    i.HAL_SYSTICK_Config  stm32f3xx_hal_cortex.o
    0x080038a2   0x00000008   Code   RO         3354    i.HAL_SYSTICK_IRQHandler  stm32f3xx_hal_cortex.o
    0x080038aa   0x00000002   Code   RO         1358    i.HAL_TIMEx_BreakCallback  stm32f3xx_hal_tim_ex.o
    0x080038ac   0x00000002   Code   RO         1359    i.HAL_TIMEx_CommutationCallback  stm32f3xx_hal_tim_ex.o
    0x080038ae   0x00000002   Code   RO         1940    i.HAL_TIM_IC_CaptureCallback  stm32f3xx_hal_tim.o
    0x080038b0   0x00000196   Code   RO         1953    i.HAL_TIM_IRQHandler  stm32f3xx_hal_tim.o
    0x08003a46   0x00000002   Code   RO         1956    i.HAL_TIM_OC_DelayElapsedCallback  stm32f3xx_hal_tim.o
    0x08003a48   0x00000002   Code   RO         1983    i.HAL_TIM_PWM_PulseFinishedCallback  stm32f3xx_hal_tim.o
    0x08003a4a   0x00000002   PAD
    0x08003a4c   0x00000034   Code   RO         3467    i.HAL_TIM_PeriodElapsedCallback  driverhwecatticktimer.o
    0x08003a80   0x00000002   Code   RO         1994    i.HAL_TIM_TriggerCallback  stm32f3xx_hal_tim.o
    0x08003a82   0x00000004   Code   RO         5473    i.HardFault_Handler  stm32f3xx_it.o
    0x08003a86   0x00000002   PAD
    0x08003a88   0x00000034   Code   RO         4341    i.MBX_error         esc.o
    0x08003abc   0x0000004c   Code   RO         5591    i.MX_GPIO_Init      main.o
    0x08003b08   0x00000004   Code   RO         5474    i.MemManage_Handler  stm32f3xx_it.o
    0x08003b0c   0x00000002   Code   RO         5475    i.NMI_Handler       stm32f3xx_it.o
    0x08003b0e   0x00000002   PAD
    0x08003b10   0x00000010   Code   RO         3355    i.NVIC_GetPriorityGrouping  stm32f3xx_hal_cortex.o
    0x08003b20   0x00000028   Code   RO         3356    i.NVIC_SetPriority  stm32f3xx_hal_cortex.o
    0x08003b48   0x0000042c   Code   RO         3102    i.PCD_EP_ISR_Handler  stm32f3xx_hal_pcd.o
    0x08003f74   0x00000022   Code   RO         1869    i.PCD_ReadPMA       stm32f3xx_hal_pcd_ex.o
    0x08003f96   0x00000034   Code   RO         1870    i.PCD_WritePMA      stm32f3xx_hal_pcd_ex.o
    0x08003fca   0x00000014   Code   RO         4102    i.PDIReadAlEventReg  driverswlan9252.o
    0x08003fde   0x00000010   Code   RO         4103    i.PDIReadLAN9252DirectReg  driverswlan9252.o
    0x08003fee   0x00000026   Code   RO         4104    i.PDIReadReg        driverswlan9252.o
    0x08004014   0x00000026   Code   RO         4106    i.PDIWriteReg       driverswlan9252.o
    0x0800403a   0x00000002   PAD
    0x0800403c   0x0000002c   Code   RO         4115    i.PDI_Init          driverswlan9252.o
    0x08004068   0x00000002   Code   RO         5476    i.PendSV_Handler    stm32f3xx_it.o
    0x0800406a   0x00000002   PAD
    0x0800406c   0x0000001c   Code   RO         4804    i.RXPDO_update      middlesoes.o
    0x08004088   0x0000004c   Code   RO         4564    i.SDO_abort         esc_coe.o
    0x080040d4   0x00000184   Code   RO         4565    i.SDO_download      esc_coe.o
    0x08004258   0x00000034   Code   RO         4566    i.SDO_findobject    esc_coe.o
    0x0800428c   0x00000054   Code   RO         4567    i.SDO_findsubindex  esc_coe.o
    0x080042e0   0x00000124   Code   RO         4568    i.SDO_geted         esc_coe.o
    0x08004404   0x00000124   Code   RO         4569    i.SDO_getod         esc_coe.o
    0x08004528   0x00000164   Code   RO         4570    i.SDO_getodlist     esc_coe.o
    0x0800468c   0x000000d8   Code   RO         4571    i.SDO_getodlistcont  esc_coe.o
    0x08004764   0x00000054   Code   RO         4572    i.SDO_infoerror     esc_coe.o
    0x080047b8   0x0000016c   Code   RO         4573    i.SDO_upload        esc_coe.o
    0x08004924   0x000000b0   Code   RO         4574    i.SDO_uploadsegment  esc_coe.o
    0x080049d4   0x00000036   Code   RO         4121    i.SPIReadBurstMode  driverswlan9252.o
    0x08004a0a   0x00000002   PAD
    0x08004a0c   0x0000003c   Code   RO         4122    i.SPIReadDWord      driverswlan9252.o
    0x08004a48   0x0000011e   Code   RO         4123    i.SPIReadPDRamRegister  driverswlan9252.o
    0x08004b66   0x0000006e   Code   RO         4124    i.SPIReadRegUsingCSR  driverswlan9252.o
    0x08004bd4   0x00000020   Code   RO         4125    i.SPISendAddr       driverswlan9252.o
    0x08004bf4   0x00000030   Code   RO         4126    i.SPIWriteBurstMode  driverswlan9252.o
    0x08004c24   0x0000000c   Code   RO         4127    i.SPIWriteByte      driverswlan9252.o
    0x08004c30   0x0000004c   Code   RO         4128    i.SPIWriteBytes     driverswlan9252.o
    0x08004c7c   0x00000060   Code   RO         4129    i.SPIWriteDWord     driverswlan9252.o
    0x08004cdc   0x0000011e   Code   RO         4130    i.SPIWritePDRamRegister  driverswlan9252.o
    0x08004dfa   0x0000006e   Code   RO         4131    i.SPIWriteRegUsingCSR  driverswlan9252.o
    0x08004e68   0x00000040   Code   RO         2785    i.SPI_EndRxTxTransaction  stm32f3xx_hal_spi.o
    0x08004ea8   0x000000b4   Code   RO         2792    i.SPI_WaitFifoStateUntilTimeout  stm32f3xx_hal_spi.o
    0x08004f5c   0x000000a2   Code   RO         2793    i.SPI_WaitFlagStateUntilTimeout  stm32f3xx_hal_spi.o
    0x08004ffe   0x00000002   Code   RO         5477    i.SVC_Handler       stm32f3xx_it.o
    0x08005000   0x0000000c   Code   RO         5478    i.SysTick_Handler   stm32f3xx_it.o
    0x0800500c   0x000000a0   Code   RO         5592    i.SystemClock_Config  main.o
    0x080050ac   0x0000007c   Code   RO         5554    i.SystemInit        system_stm32f3xx.o
    0x08005128   0x00000010   Code   RO         3468    i.TIM2_IRQHandler   driverhwecatticktimer.o
    0x08005138   0x0000001c   Code   RO         4805    i.TXPDO_update      middlesoes.o
    0x08005154   0x00000016   Code   RO         5131    i.USBD_ClrClassConfig  usbd_core.o
    0x0800516a   0x00000044   Code   RO         5036    i.USBD_ClrFeature   usbd_ctlreq.o
    0x080051ae   0x00000018   Code   RO         4976    i.USBD_CtlContinueRx  usbd_ioreq.o
    0x080051c6   0x00000018   Code   RO         4977    i.USBD_CtlContinueSendData  usbd_ioreq.o
    0x080051de   0x00000018   Code   RO         5037    i.USBD_CtlError     usbd_ctlreq.o
    0x080051f6   0x0000001a   Code   RO         4979    i.USBD_CtlReceiveStatus  usbd_ioreq.o
    0x08005210   0x00000022   Code   RO         4980    i.USBD_CtlSendData  usbd_ioreq.o
    0x08005232   0x0000001a   Code   RO         4981    i.USBD_CtlSendStatus  usbd_ioreq.o
    0x0800524c   0x00000050   Code   RO         5038    i.USBD_GetConfig    usbd_ctlreq.o
    0x0800529c   0x00000148   Code   RO         5039    i.USBD_GetDescriptor  usbd_ctlreq.o
    0x080053e4   0x00000044   Code   RO         5041    i.USBD_GetStatus    usbd_ctlreq.o
    0x08005428   0x00000014   Code   RO         3842    i.USBD_LL_ClearStallEP  usbd_conf.o
    0x0800543c   0x000000da   Code   RO         5134    i.USBD_LL_DataInStage  usbd_core.o
    0x08005516   0x00000086   Code   RO         5135    i.USBD_LL_DataOutStage  usbd_core.o
    0x0800559c   0x00000038   Code   RO         3849    i.USBD_LL_IsStallEP  usbd_conf.o
    0x080055d4   0x00000020   Code   RO         3850    i.USBD_LL_OpenEP    usbd_conf.o
    0x080055f4   0x00000020   Code   RO         3851    i.USBD_LL_PrepareReceive  usbd_conf.o
    0x08005614   0x00000044   Code   RO         5140    i.USBD_LL_Reset     usbd_core.o
    0x08005658   0x0000000e   Code   RO         5141    i.USBD_LL_Resume    usbd_core.o
    0x08005666   0x00000022   Code   RO         5142    i.USBD_LL_SOF       usbd_core.o
    0x08005688   0x00000008   Code   RO         5143    i.USBD_LL_SetSpeed  usbd_core.o
    0x08005690   0x00000014   Code   RO         3852    i.USBD_LL_SetUSBAddress  usbd_conf.o
    0x080056a4   0x0000006e   Code   RO         5144    i.USBD_LL_SetupStage  usbd_core.o
    0x08005712   0x00000014   Code   RO         3853    i.USBD_LL_StallEP   usbd_conf.o
    0x08005726   0x00000014   Code   RO         5145    i.USBD_LL_Suspend   usbd_core.o
    0x0800573a   0x00000020   Code   RO         3856    i.USBD_LL_Transmit  usbd_conf.o
    0x0800575a   0x00000028   Code   RO         5043    i.USBD_ParseSetupRequest  usbd_ctlreq.o
    0x08005782   0x00000006   Code   RO         5147    i.USBD_RunTestMode  usbd_core.o
    0x08005788   0x00000054   Code   RO         5044    i.USBD_SetAddress   usbd_ctlreq.o
    0x080057dc   0x00000022   Code   RO         5148    i.USBD_SetClassConfig  usbd_core.o
    0x080057fe   0x00000002   PAD
    0x08005800   0x000000e0   Code   RO         5045    i.USBD_SetConfig    usbd_ctlreq.o
    0x080058e0   0x00000024   Code   RO         5046    i.USBD_SetFeature   usbd_ctlreq.o
    0x08005904   0x00000072   Code   RO         5047    i.USBD_StdDevReq    usbd_ctlreq.o
    0x08005976   0x00000156   Code   RO         5048    i.USBD_StdEPReq     usbd_ctlreq.o
    0x08005acc   0x0000004a   Code   RO         5049    i.USBD_StdItfReq    usbd_ctlreq.o
    0x08005b16   0x00000002   PAD
    0x08005b18   0x00000010   Code   RO         5479    i.USB_LP_IRQHandler  stm32f3xx_it.o
    0x08005b28   0x00000004   Code   RO         5480    i.UsageFault_Handler  stm32f3xx_it.o
    0x08005b2c   0x0000000e   Code   RO         5699    i.__scatterload_copy  mc_w.l(handlers.o)
    0x08005b3a   0x00000002   Code   RO         5700    i.__scatterload_null  mc_w.l(handlers.o)
    0x08005b3c   0x0000000e   Code   RO         5701    i.__scatterload_zeroinit  mc_w.l(handlers.o)
    0x08005b4a   0x00000014   Code   RO         4575    i.copy2mbx          esc_coe.o
    0x08005b5e   0x00000002   PAD
    0x08005b60   0x00000098   Code   RO         3660    i.driverHWSPI1Init  driverhwspi1.o
    0x08005bf8   0x00000018   Code   RO         3661    i.driverHWSPI1SetCS  driverhwspi1.o
    0x08005c10   0x00000040   Code   RO         3662    i.driverHWSPI1Write  driverhwspi1.o
    0x08005c50   0x00000078   Code   RO         3663    i.driverHWSPI1WriteRead  driverhwspi1.o
    0x08005cc8   0x00000010   Code   RO         3664    i.driverHWSPI1WriteSingleByte  driverhwspi1.o
    0x08005cd8   0x00000028   Code   RO         3621    i.driverHWSetOutput  driverhwstatus.o
    0x08005d00   0x00000090   Code   RO         3622    i.driverHWStatusInit  driverhwstatus.o
    0x08005d90   0x00000050   Code   RO         5651    i.free              mc_w.l(malloc.o)
    0x08005de0   0x00000038   Code   RO         5593    i.main              main.o
    0x08005e18   0x0000006c   Code   RO         5652    i.malloc            mc_w.l(malloc.o)
    0x08005e84   0x00000002   Code   RO         5269    i.modDelayInit      moddelay.o
    0x08005e86   0x00000002   PAD
    0x08005e88   0x0000003c   Code   RO         5270    i.modDelayTick100ms  moddelay.o
    0x08005ec4   0x00000020   Code   RO         5271    i.modDelayTick1ms   moddelay.o
    0x08005ee4   0x00000034   Code   RO         5307    i.modEffectChangeState  modeffect.o
    0x08005f18   0x0000000c   Code   RO         5308    i.modEffectInit     modeffect.o
    0x08005f24   0x00000090   Code   RO         5309    i.modEffectTask     modeffect.o
    0x08005fb4   0x00000084   Code   RO         5310    i.modEffectTaskBlinkLong  modeffect.o
    0x08006038   0x00000084   Code   RO         5311    i.modEffectTaskBlinkShort  modeffect.o
    0x080060bc   0x00000030   Code   RO         5312    i.modEffectTaskFlash  modeffect.o
    0x080060ec   0x00000030   Code   RO         5313    i.modEffectTaskFlashFast  modeffect.o
    0x0800611c   0x000000a4   Code   RO         4576    i.sizeRXPDO         esc_coe.o
    0x080061c0   0x000000a4   Code   RO         4577    i.sizeTXPDO         esc_coe.o
    0x08006264   0x0000008c   Code   RO         4806    i.soes_init         middlesoes.o
    0x080062f0   0x00000070   Code   RO         4807    i.soes_task         middlesoes.o
    0x08006360   0x00000020   Data   RO         2651    .constdata          stm32f3xx_hal_rcc.o
    0x08006380   0x00000030   Data   RO         3623    .constdata          driverhwstatus.o
    0x080063b0   0x0000060e   Data   RO         4781    .constdata          objectlist.o
    0x080069be   0x00000018   Data   RO         5555    .constdata          system_stm32f3xx.o
    0x080069d6   0x00000002   PAD
    0x080069d8   0x00000020   Data   RO         5697    Region$$Table       anon$$obj.o


    Execution Region RW_IRAM1 (Base: 0x20000000, Size: 0x00000f30, Max: 0x00010000, ABSOLUTE)

    Base Addr    Size         Type   Attr      Idx    E Section Name        Object

    0x20000000   0x00000004   Data   RW         1188    .data               stm32f3xx_hal.o
    0x20000004   0x00000009   Data   RW         3475    .data               driverhwecatticktimer.o
    0x2000000d   0x00000003   PAD
    0x20000010   0x00000010   Data   RW         3547    .data               driverhwlaninterrupt.o
    0x20000020   0x00000012   Data   RW         4132    .data               driverswlan9252.o
    0x20000032   0x00000002   PAD
    0x20000034   0x00000004   Data   RW         4342    .data               esc.o
    0x20000038   0x00000022   Data   RW         4782    .data               objectlist.o
    0x2000005a   0x00000002   PAD
    0x2000005c   0x00000034   Data   RW         4809    .data               middlesoes.o
    0x20000090   0x00000001   Data   RW         5050    .data               usbd_ctlreq.o
    0x20000091   0x00000003   PAD
    0x20000094   0x00000008   Data   RW         5272    .data               moddelay.o
    0x2000009c   0x0000003d   Data   RW         5314    .data               modeffect.o
    0x200000d9   0x00000003   PAD
    0x200000dc   0x00000004   Data   RW         5556    .data               system_stm32f3xx.o
    0x200000e0   0x00000014   Data   RW         5594    .data               main.o
    0x200000f4   0x00000004   Data   RW         5693    .data               mc_w.l(mvars.o)
    0x200000f8   0x00000004   Data   RW         5694    .data               mc_w.l(mvars.o)
    0x200000fc   0x0000003c   Zero   RW         3474    .bss                driverhwecatticktimer.o
    0x20000138   0x00000064   Zero   RW         3665    .bss                driverhwspi1.o
    0x2000019c   0x000005c8   Zero   RW         3859    .bss                usbd_conf.o
    0x20000764   0x000001cc   Zero   RW         4808    .bss                middlesoes.o
    0x20000930   0x00000200   Zero   RW         5378    HEAP                startup_stm32f303xe.o
    0x20000b30   0x00000400   Zero   RW         5377    STACK               startup_stm32f303xe.o


==============================================================================

Image component sizes


      Code (inc. data)   RO Data    RW Data    ZI Data      Debug   Object Name

        68         18          0          9         60       2118   driverhwecatticktimer.o
       180         32          0         16          0       3095   driverhwlaninterrupt.o
       376         32          0          0        100       4390   driverhwspi1.o
       184         12         48          0          0       2877   driverhwstatus.o
      1326         34          0         18          0      13249   driverswlan9252.o
      3288        248          0          4          0      29569   esc.o
      3108        234          0          0          0      14176   esc_coe.o
       296         14          0         20          0       3151   main.o
       712        136          0         52        460      12262   middlesoes.o
        94          8          0          8          0       2313   moddelay.o
       568         66          0         61          0       5907   modeffect.o
         0          0       1550         34          0       4563   objectlist.o
        36          8        404          0       1536        840   startup_stm32f303xe.o
       108         20          0          4          0       3295   stm32f3xx_hal.o
       322         22          0          0          0      32080   stm32f3xx_hal_cortex.o
       526         40          0          0          0       3043   stm32f3xx_hal_gpio.o
       280         22          0          0          0       1720   stm32f3xx_hal_msp.o
      3952          0          0          0          0       8999   stm32f3xx_hal_pcd.o
        86          0          0          0          0       2033   stm32f3xx_hal_pcd_ex.o
      3480         76         32          0          0       5290   stm32f3xx_hal_rcc.o
       940         14          0          0          0       1740   stm32f3xx_hal_rcc_ex.o
      1448          0          0          0          0       5437   stm32f3xx_hal_spi.o
       414          0          0          0          0       3722   stm32f3xx_hal_tim.o
         4          0          0          0          0       1682   stm32f3xx_hal_tim_ex.o
         0          0          0          0          0     690112   stm32f3xx_hal_uart.o
        52          6          0          0          0       4898   stm32f3xx_it.o
       124         20         24          4          0       1243   system_stm32f3xx.o
         0          0          0          0          0       4396   usb_device.o
       400          6          0          0       1480      10620   usbd_conf.o
       668          0          0          0          0       8313   usbd_core.o
      1482         30          0          1          0       9667   usbd_ctlreq.o
       134          0          0          0          0       4056   usbd_ioreq.o

    ----------------------------------------------------------------------
     24690       1098       2092        244       3636     900856   Object Totals
         0          0         32          0          0          0   (incl. Generated)
        34          0          2         13          0          0   (incl. Padding)

    ----------------------------------------------------------------------

      Code (inc. data)   RO Data    RW Data    ZI Data      Debug   Library Member Name

         0          0          0          0          0          0   entry.o
         0          0          0          0          0          0   entry10a.o
         0          0          0          0          0          0   entry11a.o
         8          4          0          0          0          0   entry2.o
         4          0          0          0          0          0   entry5.o
         0          0          0          0          0          0   entry7b.o
         0          0          0          0          0          0   entry8b.o
         8          4          0          0          0          0   entry9a.o
        30          0          0          0          0          0   handlers.o
        36          8          0          0          0         68   init.o
       188         20          0          0          0        160   malloc.o
        36          0          0          0          0         68   memcpya.o
        36          0          0          0          0        108   memseta.o
         0          0          0          8          0          0   mvars.o

    ----------------------------------------------------------------------
       346         36          0          8          0        404   Library Totals
         0          0          0          0          0          0   (incl. Padding)

    ----------------------------------------------------------------------

      Code (inc. data)   RO Data    RW Data    ZI Data      Debug   Library Name

       346         36          0          8          0        404   mc_w.l

    ----------------------------------------------------------------------
       346         36          0          8          0        404   Library Totals

    ----------------------------------------------------------------------

==============================================================================


      Code (inc. data)   RO Data    RW Data    ZI Data      Debug   

     25036       1134       2092        252       3636     882508   Grand Totals
     25036       1134       2092        252       3636     882508   ELF Image Totals
     25036       1134       2092        252          0          0   ROM Totals

==============================================================================

    Total RO  Size (Code + RO Data)                27128 (  26.49kB)
    Total RW  Size (RW Data + ZI Data)              3888 (   3.80kB)
    Total ROM Size (Code + RO Data + RW Data)      27380 (  26.74kB)

==============================================================================

