<!doctype html public "-//w3c//dtd html 4.0 transitional//en">
<html><head>
<title>Static Call Graph - [DieBieSlave\DieBieSlave.axf]</title></head>
<body><HR>
<H1>Static Call Graph for image DieBieSlave\DieBieSlave.axf</H1><HR>
<BR><P>#&#060CALLGRAPH&#062# ARM Linker, 5060183: Last Updated: Tue Jan 03 08:22:11 2017
<BR><P>
<H3>Maximum Stack Usage =        328 bytes + Unknown(Cycles, Untraceable Function Pointers)</H3><H3>
Call chain for Maximum Stack Depth:</H3>
main &rArr; middleSOESTask &rArr; ESC_state &rArr; ESC_startmbxboot &rArr; ESC_checkmbxboot &rArr; ESC_SMdisable &rArr; ESC_SMwritepdi &rArr; ESC_write &rArr; PDIWriteReg &rArr; SPIWritePDRamRegister &rArr; SPIReadDWord &rArr; driverHWSPI1WriteRead &rArr; HAL_SPI_TransmitReceive &rArr; SPI_EndRxTxTransaction &rArr; SPI_WaitFifoStateUntilTimeout
<P>
<H3>
Mutually Recursive functions
</H3> <LI><a href="#[1c]">ADC1_2_IRQHandler</a>&nbsp;&nbsp;&nbsp;&rArr;&nbsp;&nbsp;&nbsp;<a href="#[1c]">ADC1_2_IRQHandler</a><BR>
</UL>
<P>
<H3>
Function Pointers
</H3><UL>
 <LI><a href="#[1c]">ADC1_2_IRQHandler</a> from startup_stm32f303xe.o(.text) referenced from startup_stm32f303xe.o(RESET)
 <LI><a href="#[39]">ADC3_IRQHandler</a> from startup_stm32f303xe.o(.text) referenced from startup_stm32f303xe.o(RESET)
 <LI><a href="#[45]">ADC4_IRQHandler</a> from startup_stm32f303xe.o(.text) referenced from startup_stm32f303xe.o(RESET)
 <LI><a href="#[4]">BusFault_Handler</a> from stm32f3xx_it.o(i.BusFault_Handler) referenced from startup_stm32f303xe.o(RESET)
 <LI><a href="#[1f]">CAN_RX1_IRQHandler</a> from startup_stm32f303xe.o(.text) referenced from startup_stm32f303xe.o(RESET)
 <LI><a href="#[20]">CAN_SCE_IRQHandler</a> from startup_stm32f303xe.o(.text) referenced from startup_stm32f303xe.o(RESET)
 <LI><a href="#[46]">COMP1_2_3_IRQHandler</a> from startup_stm32f303xe.o(.text) referenced from startup_stm32f303xe.o(RESET)
 <LI><a href="#[47]">COMP4_5_6_IRQHandler</a> from startup_stm32f303xe.o(.text) referenced from startup_stm32f303xe.o(RESET)
 <LI><a href="#[48]">COMP7_IRQHandler</a> from startup_stm32f303xe.o(.text) referenced from startup_stm32f303xe.o(RESET)
 <LI><a href="#[15]">DMA1_Channel1_IRQHandler</a> from startup_stm32f303xe.o(.text) referenced from startup_stm32f303xe.o(RESET)
 <LI><a href="#[16]">DMA1_Channel2_IRQHandler</a> from startup_stm32f303xe.o(.text) referenced from startup_stm32f303xe.o(RESET)
 <LI><a href="#[17]">DMA1_Channel3_IRQHandler</a> from startup_stm32f303xe.o(.text) referenced from startup_stm32f303xe.o(RESET)
 <LI><a href="#[18]">DMA1_Channel4_IRQHandler</a> from startup_stm32f303xe.o(.text) referenced from startup_stm32f303xe.o(RESET)
 <LI><a href="#[19]">DMA1_Channel5_IRQHandler</a> from startup_stm32f303xe.o(.text) referenced from startup_stm32f303xe.o(RESET)
 <LI><a href="#[1a]">DMA1_Channel6_IRQHandler</a> from startup_stm32f303xe.o(.text) referenced from startup_stm32f303xe.o(RESET)
 <LI><a href="#[1b]">DMA1_Channel7_IRQHandler</a> from startup_stm32f303xe.o(.text) referenced from startup_stm32f303xe.o(RESET)
 <LI><a href="#[40]">DMA2_Channel1_IRQHandler</a> from startup_stm32f303xe.o(.text) referenced from startup_stm32f303xe.o(RESET)
 <LI><a href="#[41]">DMA2_Channel2_IRQHandler</a> from startup_stm32f303xe.o(.text) referenced from startup_stm32f303xe.o(RESET)
 <LI><a href="#[42]">DMA2_Channel3_IRQHandler</a> from startup_stm32f303xe.o(.text) referenced from startup_stm32f303xe.o(RESET)
 <LI><a href="#[43]">DMA2_Channel4_IRQHandler</a> from startup_stm32f303xe.o(.text) referenced from startup_stm32f303xe.o(RESET)
 <LI><a href="#[44]">DMA2_Channel5_IRQHandler</a> from startup_stm32f303xe.o(.text) referenced from startup_stm32f303xe.o(RESET)
 <LI><a href="#[7]">DebugMon_Handler</a> from stm32f3xx_it.o(i.DebugMon_Handler) referenced from startup_stm32f303xe.o(RESET)
 <LI><a href="#[10]">EXTI0_IRQHandler</a> from driverhwlaninterrupt.o(i.EXTI0_IRQHandler) referenced from startup_stm32f303xe.o(RESET)
 <LI><a href="#[32]">EXTI15_10_IRQHandler</a> from driverhwlaninterrupt.o(i.EXTI15_10_IRQHandler) referenced from startup_stm32f303xe.o(RESET)
 <LI><a href="#[11]">EXTI1_IRQHandler</a> from startup_stm32f303xe.o(.text) referenced from startup_stm32f303xe.o(RESET)
 <LI><a href="#[12]">EXTI2_TSC_IRQHandler</a> from startup_stm32f303xe.o(.text) referenced from startup_stm32f303xe.o(RESET)
 <LI><a href="#[13]">EXTI3_IRQHandler</a> from startup_stm32f303xe.o(.text) referenced from startup_stm32f303xe.o(RESET)
 <LI><a href="#[14]">EXTI4_IRQHandler</a> from startup_stm32f303xe.o(.text) referenced from startup_stm32f303xe.o(RESET)
 <LI><a href="#[21]">EXTI9_5_IRQHandler</a> from startup_stm32f303xe.o(.text) referenced from startup_stm32f303xe.o(RESET)
 <LI><a href="#[e]">FLASH_IRQHandler</a> from startup_stm32f303xe.o(.text) referenced from startup_stm32f303xe.o(RESET)
 <LI><a href="#[3a]">FMC_IRQHandler</a> from startup_stm32f303xe.o(.text) referenced from startup_stm32f303xe.o(RESET)
 <LI><a href="#[52]">FPU_IRQHandler</a> from startup_stm32f303xe.o(.text) referenced from startup_stm32f303xe.o(RESET)
 <LI><a href="#[2]">HardFault_Handler</a> from stm32f3xx_it.o(i.HardFault_Handler) referenced from startup_stm32f303xe.o(RESET)
 <LI><a href="#[2a]">I2C1_ER_IRQHandler</a> from startup_stm32f303xe.o(.text) referenced from startup_stm32f303xe.o(RESET)
 <LI><a href="#[29]">I2C1_EV_IRQHandler</a> from startup_stm32f303xe.o(.text) referenced from startup_stm32f303xe.o(RESET)
 <LI><a href="#[2c]">I2C2_ER_IRQHandler</a> from startup_stm32f303xe.o(.text) referenced from startup_stm32f303xe.o(RESET)
 <LI><a href="#[2b]">I2C2_EV_IRQHandler</a> from startup_stm32f303xe.o(.text) referenced from startup_stm32f303xe.o(RESET)
 <LI><a href="#[4a]">I2C3_ER_IRQHandler</a> from startup_stm32f303xe.o(.text) referenced from startup_stm32f303xe.o(RESET)
 <LI><a href="#[49]">I2C3_EV_IRQHandler</a> from startup_stm32f303xe.o(.text) referenced from startup_stm32f303xe.o(RESET)
 <LI><a href="#[3]">MemManage_Handler</a> from stm32f3xx_it.o(i.MemManage_Handler) referenced from startup_stm32f303xe.o(RESET)
 <LI><a href="#[1]">NMI_Handler</a> from stm32f3xx_it.o(i.NMI_Handler) referenced from startup_stm32f303xe.o(RESET)
 <LI><a href="#[b]">PVD_IRQHandler</a> from startup_stm32f303xe.o(.text) referenced from startup_stm32f303xe.o(RESET)
 <LI><a href="#[8]">PendSV_Handler</a> from stm32f3xx_it.o(i.PendSV_Handler) referenced from startup_stm32f303xe.o(RESET)
 <LI><a href="#[f]">RCC_IRQHandler</a> from startup_stm32f303xe.o(.text) referenced from startup_stm32f303xe.o(RESET)
 <LI><a href="#[33]">RTC_Alarm_IRQHandler</a> from startup_stm32f303xe.o(.text) referenced from startup_stm32f303xe.o(RESET)
 <LI><a href="#[d]">RTC_WKUP_IRQHandler</a> from startup_stm32f303xe.o(.text) referenced from startup_stm32f303xe.o(RESET)
 <LI><a href="#[0]">Reset_Handler</a> from startup_stm32f303xe.o(.text) referenced from startup_stm32f303xe.o(RESET)
 <LI><a href="#[2d]">SPI1_IRQHandler</a> from startup_stm32f303xe.o(.text) referenced from startup_stm32f303xe.o(RESET)
 <LI><a href="#[2e]">SPI2_IRQHandler</a> from startup_stm32f303xe.o(.text) referenced from startup_stm32f303xe.o(RESET)
 <LI><a href="#[3b]">SPI3_IRQHandler</a> from startup_stm32f303xe.o(.text) referenced from startup_stm32f303xe.o(RESET)
 <LI><a href="#[53]">SPI4_IRQHandler</a> from startup_stm32f303xe.o(.text) referenced from startup_stm32f303xe.o(RESET)
 <LI><a href="#[6]">SVC_Handler</a> from stm32f3xx_it.o(i.SVC_Handler) referenced from startup_stm32f303xe.o(RESET)
 <LI><a href="#[9]">SysTick_Handler</a> from stm32f3xx_it.o(i.SysTick_Handler) referenced from startup_stm32f303xe.o(RESET)
 <LI><a href="#[55]">SystemInit</a> from system_stm32f3xx.o(i.SystemInit) referenced from startup_stm32f303xe.o(.text)
 <LI><a href="#[c]">TAMP_STAMP_IRQHandler</a> from startup_stm32f303xe.o(.text) referenced from startup_stm32f303xe.o(RESET)
 <LI><a href="#[22]">TIM1_BRK_TIM15_IRQHandler</a> from startup_stm32f303xe.o(.text) referenced from startup_stm32f303xe.o(RESET)
 <LI><a href="#[25]">TIM1_CC_IRQHandler</a> from startup_stm32f303xe.o(.text) referenced from startup_stm32f303xe.o(RESET)
 <LI><a href="#[24]">TIM1_TRG_COM_TIM17_IRQHandler</a> from startup_stm32f303xe.o(.text) referenced from startup_stm32f303xe.o(RESET)
 <LI><a href="#[23]">TIM1_UP_TIM16_IRQHandler</a> from startup_stm32f303xe.o(.text) referenced from startup_stm32f303xe.o(RESET)
 <LI><a href="#[4e]">TIM20_BRK_IRQHandler</a> from startup_stm32f303xe.o(.text) referenced from startup_stm32f303xe.o(RESET)
 <LI><a href="#[51]">TIM20_CC_IRQHandler</a> from startup_stm32f303xe.o(.text) referenced from startup_stm32f303xe.o(RESET)
 <LI><a href="#[50]">TIM20_TRG_COM_IRQHandler</a> from startup_stm32f303xe.o(.text) referenced from startup_stm32f303xe.o(RESET)
 <LI><a href="#[4f]">TIM20_UP_IRQHandler</a> from startup_stm32f303xe.o(.text) referenced from startup_stm32f303xe.o(RESET)
 <LI><a href="#[26]">TIM2_IRQHandler</a> from driverhwecatticktimer.o(i.TIM2_IRQHandler) referenced from startup_stm32f303xe.o(RESET)
 <LI><a href="#[27]">TIM3_IRQHandler</a> from startup_stm32f303xe.o(.text) referenced from startup_stm32f303xe.o(RESET)
 <LI><a href="#[28]">TIM4_IRQHandler</a> from startup_stm32f303xe.o(.text) referenced from startup_stm32f303xe.o(RESET)
 <LI><a href="#[3e]">TIM6_DAC_IRQHandler</a> from startup_stm32f303xe.o(.text) referenced from startup_stm32f303xe.o(RESET)
 <LI><a href="#[3f]">TIM7_IRQHandler</a> from startup_stm32f303xe.o(.text) referenced from startup_stm32f303xe.o(RESET)
 <LI><a href="#[35]">TIM8_BRK_IRQHandler</a> from startup_stm32f303xe.o(.text) referenced from startup_stm32f303xe.o(RESET)
 <LI><a href="#[38]">TIM8_CC_IRQHandler</a> from startup_stm32f303xe.o(.text) referenced from startup_stm32f303xe.o(RESET)
 <LI><a href="#[37]">TIM8_TRG_COM_IRQHandler</a> from startup_stm32f303xe.o(.text) referenced from startup_stm32f303xe.o(RESET)
 <LI><a href="#[36]">TIM8_UP_IRQHandler</a> from startup_stm32f303xe.o(.text) referenced from startup_stm32f303xe.o(RESET)
 <LI><a href="#[3c]">UART4_IRQHandler</a> from startup_stm32f303xe.o(.text) referenced from startup_stm32f303xe.o(RESET)
 <LI><a href="#[3d]">UART5_IRQHandler</a> from startup_stm32f303xe.o(.text) referenced from startup_stm32f303xe.o(RESET)
 <LI><a href="#[2f]">USART1_IRQHandler</a> from startup_stm32f303xe.o(.text) referenced from startup_stm32f303xe.o(RESET)
 <LI><a href="#[30]">USART2_IRQHandler</a> from startup_stm32f303xe.o(.text) referenced from startup_stm32f303xe.o(RESET)
 <LI><a href="#[31]">USART3_IRQHandler</a> from startup_stm32f303xe.o(.text) referenced from startup_stm32f303xe.o(RESET)
 <LI><a href="#[34]">USBWakeUp_IRQHandler</a> from startup_stm32f303xe.o(.text) referenced from startup_stm32f303xe.o(RESET)
 <LI><a href="#[4d]">USBWakeUp_RMP_IRQHandler</a> from startup_stm32f303xe.o(.text) referenced from startup_stm32f303xe.o(RESET)
 <LI><a href="#[1d]">USB_HP_CAN_TX_IRQHandler</a> from startup_stm32f303xe.o(.text) referenced from startup_stm32f303xe.o(RESET)
 <LI><a href="#[4b]">USB_HP_IRQHandler</a> from startup_stm32f303xe.o(.text) referenced from startup_stm32f303xe.o(RESET)
 <LI><a href="#[1e]">USB_LP_CAN_RX0_IRQHandler</a> from startup_stm32f303xe.o(.text) referenced from startup_stm32f303xe.o(RESET)
 <LI><a href="#[4c]">USB_LP_IRQHandler</a> from stm32f3xx_it.o(i.USB_LP_IRQHandler) referenced from startup_stm32f303xe.o(RESET)
 <LI><a href="#[5]">UsageFault_Handler</a> from stm32f3xx_it.o(i.UsageFault_Handler) referenced from startup_stm32f303xe.o(RESET)
 <LI><a href="#[a]">WWDG_IRQHandler</a> from startup_stm32f303xe.o(.text) referenced from startup_stm32f303xe.o(RESET)
 <LI><a href="#[56]">__main</a> from entry.o(.ARM.Collect$$$$00000000) referenced from startup_stm32f303xe.o(.text)
 <LI><a href="#[54]">main</a> from main.o(i.main) referenced from entry9a.o(.ARM.Collect$$$$0000000B)
</UL>
<P>
<H3>
Global Symbols
</H3>
<P><STRONG><a name="[56]"></a>__main</STRONG> (Thumb, 0 bytes, Stack size unknown bytes, entry.o(.ARM.Collect$$$$00000000))
<BR>[Address Reference Count : 1]<UL><LI> startup_stm32f303xe.o(.text)
</UL>
<P><STRONG><a name="[124]"></a>_main_stk</STRONG> (Thumb, 0 bytes, Stack size unknown bytes, entry2.o(.ARM.Collect$$$$00000001))

<P><STRONG><a name="[57]"></a>_main_scatterload</STRONG> (Thumb, 0 bytes, Stack size unknown bytes, entry5.o(.ARM.Collect$$$$00000004))
<BR><BR>[Calls]<UL><LI><a href="#[58]">&gt;&gt;</a>&nbsp;&nbsp;&nbsp;__scatterload
</UL>

<P><STRONG><a name="[5c]"></a>__main_after_scatterload</STRONG> (Thumb, 0 bytes, Stack size unknown bytes, entry5.o(.ARM.Collect$$$$00000004))
<BR><BR>[Called By]<UL><LI><a href="#[58]">&gt;&gt;</a>&nbsp;&nbsp;&nbsp;__scatterload
</UL>

<P><STRONG><a name="[125]"></a>_main_clock</STRONG> (Thumb, 0 bytes, Stack size unknown bytes, entry7b.o(.ARM.Collect$$$$00000008))

<P><STRONG><a name="[126]"></a>_main_cpp_init</STRONG> (Thumb, 0 bytes, Stack size unknown bytes, entry8b.o(.ARM.Collect$$$$0000000A))

<P><STRONG><a name="[127]"></a>_main_init</STRONG> (Thumb, 0 bytes, Stack size unknown bytes, entry9a.o(.ARM.Collect$$$$0000000B))

<P><STRONG><a name="[128]"></a>__rt_final_cpp</STRONG> (Thumb, 0 bytes, Stack size unknown bytes, entry10a.o(.ARM.Collect$$$$0000000D))

<P><STRONG><a name="[129]"></a>__rt_final_exit</STRONG> (Thumb, 0 bytes, Stack size unknown bytes, entry11a.o(.ARM.Collect$$$$0000000F))

<P><STRONG><a name="[0]"></a>Reset_Handler</STRONG> (Thumb, 8 bytes, Stack size 0 bytes, startup_stm32f303xe.o(.text))
<BR>[Address Reference Count : 1]<UL><LI> startup_stm32f303xe.o(RESET)
</UL>
<P><STRONG><a name="[1c]"></a>ADC1_2_IRQHandler</STRONG> (Thumb, 0 bytes, Stack size 0 bytes, startup_stm32f303xe.o(.text))
<BR><BR>[Calls]<UL><LI><a href="#[1c]">&gt;&gt;</a>&nbsp;&nbsp;&nbsp;ADC1_2_IRQHandler
</UL>
<BR>[Called By]<UL><LI><a href="#[1c]">&gt;&gt;</a>&nbsp;&nbsp;&nbsp;ADC1_2_IRQHandler
</UL>
<BR>[Address Reference Count : 1]<UL><LI> startup_stm32f303xe.o(RESET)
</UL>
<P><STRONG><a name="[39]"></a>ADC3_IRQHandler</STRONG> (Thumb, 0 bytes, Stack size 0 bytes, startup_stm32f303xe.o(.text))
<BR>[Address Reference Count : 1]<UL><LI> startup_stm32f303xe.o(RESET)
</UL>
<P><STRONG><a name="[45]"></a>ADC4_IRQHandler</STRONG> (Thumb, 0 bytes, Stack size 0 bytes, startup_stm32f303xe.o(.text))
<BR>[Address Reference Count : 1]<UL><LI> startup_stm32f303xe.o(RESET)
</UL>
<P><STRONG><a name="[1f]"></a>CAN_RX1_IRQHandler</STRONG> (Thumb, 0 bytes, Stack size 0 bytes, startup_stm32f303xe.o(.text))
<BR>[Address Reference Count : 1]<UL><LI> startup_stm32f303xe.o(RESET)
</UL>
<P><STRONG><a name="[20]"></a>CAN_SCE_IRQHandler</STRONG> (Thumb, 0 bytes, Stack size 0 bytes, startup_stm32f303xe.o(.text))
<BR>[Address Reference Count : 1]<UL><LI> startup_stm32f303xe.o(RESET)
</UL>
<P><STRONG><a name="[46]"></a>COMP1_2_3_IRQHandler</STRONG> (Thumb, 0 bytes, Stack size 0 bytes, startup_stm32f303xe.o(.text))
<BR>[Address Reference Count : 1]<UL><LI> startup_stm32f303xe.o(RESET)
</UL>
<P><STRONG><a name="[47]"></a>COMP4_5_6_IRQHandler</STRONG> (Thumb, 0 bytes, Stack size 0 bytes, startup_stm32f303xe.o(.text))
<BR>[Address Reference Count : 1]<UL><LI> startup_stm32f303xe.o(RESET)
</UL>
<P><STRONG><a name="[48]"></a>COMP7_IRQHandler</STRONG> (Thumb, 0 bytes, Stack size 0 bytes, startup_stm32f303xe.o(.text))
<BR>[Address Reference Count : 1]<UL><LI> startup_stm32f303xe.o(RESET)
</UL>
<P><STRONG><a name="[15]"></a>DMA1_Channel1_IRQHandler</STRONG> (Thumb, 0 bytes, Stack size 0 bytes, startup_stm32f303xe.o(.text))
<BR>[Address Reference Count : 1]<UL><LI> startup_stm32f303xe.o(RESET)
</UL>
<P><STRONG><a name="[16]"></a>DMA1_Channel2_IRQHandler</STRONG> (Thumb, 0 bytes, Stack size 0 bytes, startup_stm32f303xe.o(.text))
<BR>[Address Reference Count : 1]<UL><LI> startup_stm32f303xe.o(RESET)
</UL>
<P><STRONG><a name="[17]"></a>DMA1_Channel3_IRQHandler</STRONG> (Thumb, 0 bytes, Stack size 0 bytes, startup_stm32f303xe.o(.text))
<BR>[Address Reference Count : 1]<UL><LI> startup_stm32f303xe.o(RESET)
</UL>
<P><STRONG><a name="[18]"></a>DMA1_Channel4_IRQHandler</STRONG> (Thumb, 0 bytes, Stack size 0 bytes, startup_stm32f303xe.o(.text))
<BR>[Address Reference Count : 1]<UL><LI> startup_stm32f303xe.o(RESET)
</UL>
<P><STRONG><a name="[19]"></a>DMA1_Channel5_IRQHandler</STRONG> (Thumb, 0 bytes, Stack size 0 bytes, startup_stm32f303xe.o(.text))
<BR>[Address Reference Count : 1]<UL><LI> startup_stm32f303xe.o(RESET)
</UL>
<P><STRONG><a name="[1a]"></a>DMA1_Channel6_IRQHandler</STRONG> (Thumb, 0 bytes, Stack size 0 bytes, startup_stm32f303xe.o(.text))
<BR>[Address Reference Count : 1]<UL><LI> startup_stm32f303xe.o(RESET)
</UL>
<P><STRONG><a name="[1b]"></a>DMA1_Channel7_IRQHandler</STRONG> (Thumb, 0 bytes, Stack size 0 bytes, startup_stm32f303xe.o(.text))
<BR>[Address Reference Count : 1]<UL><LI> startup_stm32f303xe.o(RESET)
</UL>
<P><STRONG><a name="[40]"></a>DMA2_Channel1_IRQHandler</STRONG> (Thumb, 0 bytes, Stack size 0 bytes, startup_stm32f303xe.o(.text))
<BR>[Address Reference Count : 1]<UL><LI> startup_stm32f303xe.o(RESET)
</UL>
<P><STRONG><a name="[41]"></a>DMA2_Channel2_IRQHandler</STRONG> (Thumb, 0 bytes, Stack size 0 bytes, startup_stm32f303xe.o(.text))
<BR>[Address Reference Count : 1]<UL><LI> startup_stm32f303xe.o(RESET)
</UL>
<P><STRONG><a name="[42]"></a>DMA2_Channel3_IRQHandler</STRONG> (Thumb, 0 bytes, Stack size 0 bytes, startup_stm32f303xe.o(.text))
<BR>[Address Reference Count : 1]<UL><LI> startup_stm32f303xe.o(RESET)
</UL>
<P><STRONG><a name="[43]"></a>DMA2_Channel4_IRQHandler</STRONG> (Thumb, 0 bytes, Stack size 0 bytes, startup_stm32f303xe.o(.text))
<BR>[Address Reference Count : 1]<UL><LI> startup_stm32f303xe.o(RESET)
</UL>
<P><STRONG><a name="[44]"></a>DMA2_Channel5_IRQHandler</STRONG> (Thumb, 0 bytes, Stack size 0 bytes, startup_stm32f303xe.o(.text))
<BR>[Address Reference Count : 1]<UL><LI> startup_stm32f303xe.o(RESET)
</UL>
<P><STRONG><a name="[11]"></a>EXTI1_IRQHandler</STRONG> (Thumb, 0 bytes, Stack size 0 bytes, startup_stm32f303xe.o(.text))
<BR>[Address Reference Count : 1]<UL><LI> startup_stm32f303xe.o(RESET)
</UL>
<P><STRONG><a name="[12]"></a>EXTI2_TSC_IRQHandler</STRONG> (Thumb, 0 bytes, Stack size 0 bytes, startup_stm32f303xe.o(.text))
<BR>[Address Reference Count : 1]<UL><LI> startup_stm32f303xe.o(RESET)
</UL>
<P><STRONG><a name="[13]"></a>EXTI3_IRQHandler</STRONG> (Thumb, 0 bytes, Stack size 0 bytes, startup_stm32f303xe.o(.text))
<BR>[Address Reference Count : 1]<UL><LI> startup_stm32f303xe.o(RESET)
</UL>
<P><STRONG><a name="[14]"></a>EXTI4_IRQHandler</STRONG> (Thumb, 0 bytes, Stack size 0 bytes, startup_stm32f303xe.o(.text))
<BR>[Address Reference Count : 1]<UL><LI> startup_stm32f303xe.o(RESET)
</UL>
<P><STRONG><a name="[21]"></a>EXTI9_5_IRQHandler</STRONG> (Thumb, 0 bytes, Stack size 0 bytes, startup_stm32f303xe.o(.text))
<BR>[Address Reference Count : 1]<UL><LI> startup_stm32f303xe.o(RESET)
</UL>
<P><STRONG><a name="[e]"></a>FLASH_IRQHandler</STRONG> (Thumb, 0 bytes, Stack size 0 bytes, startup_stm32f303xe.o(.text))
<BR>[Address Reference Count : 1]<UL><LI> startup_stm32f303xe.o(RESET)
</UL>
<P><STRONG><a name="[3a]"></a>FMC_IRQHandler</STRONG> (Thumb, 0 bytes, Stack size 0 bytes, startup_stm32f303xe.o(.text))
<BR>[Address Reference Count : 1]<UL><LI> startup_stm32f303xe.o(RESET)
</UL>
<P><STRONG><a name="[52]"></a>FPU_IRQHandler</STRONG> (Thumb, 0 bytes, Stack size 0 bytes, startup_stm32f303xe.o(.text))
<BR>[Address Reference Count : 1]<UL><LI> startup_stm32f303xe.o(RESET)
</UL>
<P><STRONG><a name="[2a]"></a>I2C1_ER_IRQHandler</STRONG> (Thumb, 0 bytes, Stack size 0 bytes, startup_stm32f303xe.o(.text))
<BR>[Address Reference Count : 1]<UL><LI> startup_stm32f303xe.o(RESET)
</UL>
<P><STRONG><a name="[29]"></a>I2C1_EV_IRQHandler</STRONG> (Thumb, 0 bytes, Stack size 0 bytes, startup_stm32f303xe.o(.text))
<BR>[Address Reference Count : 1]<UL><LI> startup_stm32f303xe.o(RESET)
</UL>
<P><STRONG><a name="[2c]"></a>I2C2_ER_IRQHandler</STRONG> (Thumb, 0 bytes, Stack size 0 bytes, startup_stm32f303xe.o(.text))
<BR>[Address Reference Count : 1]<UL><LI> startup_stm32f303xe.o(RESET)
</UL>
<P><STRONG><a name="[2b]"></a>I2C2_EV_IRQHandler</STRONG> (Thumb, 0 bytes, Stack size 0 bytes, startup_stm32f303xe.o(.text))
<BR>[Address Reference Count : 1]<UL><LI> startup_stm32f303xe.o(RESET)
</UL>
<P><STRONG><a name="[4a]"></a>I2C3_ER_IRQHandler</STRONG> (Thumb, 0 bytes, Stack size 0 bytes, startup_stm32f303xe.o(.text))
<BR>[Address Reference Count : 1]<UL><LI> startup_stm32f303xe.o(RESET)
</UL>
<P><STRONG><a name="[49]"></a>I2C3_EV_IRQHandler</STRONG> (Thumb, 0 bytes, Stack size 0 bytes, startup_stm32f303xe.o(.text))
<BR>[Address Reference Count : 1]<UL><LI> startup_stm32f303xe.o(RESET)
</UL>
<P><STRONG><a name="[b]"></a>PVD_IRQHandler</STRONG> (Thumb, 0 bytes, Stack size 0 bytes, startup_stm32f303xe.o(.text))
<BR>[Address Reference Count : 1]<UL><LI> startup_stm32f303xe.o(RESET)
</UL>
<P><STRONG><a name="[f]"></a>RCC_IRQHandler</STRONG> (Thumb, 0 bytes, Stack size 0 bytes, startup_stm32f303xe.o(.text))
<BR>[Address Reference Count : 1]<UL><LI> startup_stm32f303xe.o(RESET)
</UL>
<P><STRONG><a name="[33]"></a>RTC_Alarm_IRQHandler</STRONG> (Thumb, 0 bytes, Stack size 0 bytes, startup_stm32f303xe.o(.text))
<BR>[Address Reference Count : 1]<UL><LI> startup_stm32f303xe.o(RESET)
</UL>
<P><STRONG><a name="[d]"></a>RTC_WKUP_IRQHandler</STRONG> (Thumb, 0 bytes, Stack size 0 bytes, startup_stm32f303xe.o(.text))
<BR>[Address Reference Count : 1]<UL><LI> startup_stm32f303xe.o(RESET)
</UL>
<P><STRONG><a name="[2d]"></a>SPI1_IRQHandler</STRONG> (Thumb, 0 bytes, Stack size 0 bytes, startup_stm32f303xe.o(.text))
<BR>[Address Reference Count : 1]<UL><LI> startup_stm32f303xe.o(RESET)
</UL>
<P><STRONG><a name="[2e]"></a>SPI2_IRQHandler</STRONG> (Thumb, 0 bytes, Stack size 0 bytes, startup_stm32f303xe.o(.text))
<BR>[Address Reference Count : 1]<UL><LI> startup_stm32f303xe.o(RESET)
</UL>
<P><STRONG><a name="[3b]"></a>SPI3_IRQHandler</STRONG> (Thumb, 0 bytes, Stack size 0 bytes, startup_stm32f303xe.o(.text))
<BR>[Address Reference Count : 1]<UL><LI> startup_stm32f303xe.o(RESET)
</UL>
<P><STRONG><a name="[53]"></a>SPI4_IRQHandler</STRONG> (Thumb, 0 bytes, Stack size 0 bytes, startup_stm32f303xe.o(.text))
<BR>[Address Reference Count : 1]<UL><LI> startup_stm32f303xe.o(RESET)
</UL>
<P><STRONG><a name="[c]"></a>TAMP_STAMP_IRQHandler</STRONG> (Thumb, 0 bytes, Stack size 0 bytes, startup_stm32f303xe.o(.text))
<BR>[Address Reference Count : 1]<UL><LI> startup_stm32f303xe.o(RESET)
</UL>
<P><STRONG><a name="[22]"></a>TIM1_BRK_TIM15_IRQHandler</STRONG> (Thumb, 0 bytes, Stack size 0 bytes, startup_stm32f303xe.o(.text))
<BR>[Address Reference Count : 1]<UL><LI> startup_stm32f303xe.o(RESET)
</UL>
<P><STRONG><a name="[25]"></a>TIM1_CC_IRQHandler</STRONG> (Thumb, 0 bytes, Stack size 0 bytes, startup_stm32f303xe.o(.text))
<BR>[Address Reference Count : 1]<UL><LI> startup_stm32f303xe.o(RESET)
</UL>
<P><STRONG><a name="[24]"></a>TIM1_TRG_COM_TIM17_IRQHandler</STRONG> (Thumb, 0 bytes, Stack size 0 bytes, startup_stm32f303xe.o(.text))
<BR>[Address Reference Count : 1]<UL><LI> startup_stm32f303xe.o(RESET)
</UL>
<P><STRONG><a name="[23]"></a>TIM1_UP_TIM16_IRQHandler</STRONG> (Thumb, 0 bytes, Stack size 0 bytes, startup_stm32f303xe.o(.text))
<BR>[Address Reference Count : 1]<UL><LI> startup_stm32f303xe.o(RESET)
</UL>
<P><STRONG><a name="[4e]"></a>TIM20_BRK_IRQHandler</STRONG> (Thumb, 0 bytes, Stack size 0 bytes, startup_stm32f303xe.o(.text))
<BR>[Address Reference Count : 1]<UL><LI> startup_stm32f303xe.o(RESET)
</UL>
<P><STRONG><a name="[51]"></a>TIM20_CC_IRQHandler</STRONG> (Thumb, 0 bytes, Stack size 0 bytes, startup_stm32f303xe.o(.text))
<BR>[Address Reference Count : 1]<UL><LI> startup_stm32f303xe.o(RESET)
</UL>
<P><STRONG><a name="[50]"></a>TIM20_TRG_COM_IRQHandler</STRONG> (Thumb, 0 bytes, Stack size 0 bytes, startup_stm32f303xe.o(.text))
<BR>[Address Reference Count : 1]<UL><LI> startup_stm32f303xe.o(RESET)
</UL>
<P><STRONG><a name="[4f]"></a>TIM20_UP_IRQHandler</STRONG> (Thumb, 0 bytes, Stack size 0 bytes, startup_stm32f303xe.o(.text))
<BR>[Address Reference Count : 1]<UL><LI> startup_stm32f303xe.o(RESET)
</UL>
<P><STRONG><a name="[27]"></a>TIM3_IRQHandler</STRONG> (Thumb, 0 bytes, Stack size 0 bytes, startup_stm32f303xe.o(.text))
<BR>[Address Reference Count : 1]<UL><LI> startup_stm32f303xe.o(RESET)
</UL>
<P><STRONG><a name="[28]"></a>TIM4_IRQHandler</STRONG> (Thumb, 0 bytes, Stack size 0 bytes, startup_stm32f303xe.o(.text))
<BR>[Address Reference Count : 1]<UL><LI> startup_stm32f303xe.o(RESET)
</UL>
<P><STRONG><a name="[3e]"></a>TIM6_DAC_IRQHandler</STRONG> (Thumb, 0 bytes, Stack size 0 bytes, startup_stm32f303xe.o(.text))
<BR>[Address Reference Count : 1]<UL><LI> startup_stm32f303xe.o(RESET)
</UL>
<P><STRONG><a name="[3f]"></a>TIM7_IRQHandler</STRONG> (Thumb, 0 bytes, Stack size 0 bytes, startup_stm32f303xe.o(.text))
<BR>[Address Reference Count : 1]<UL><LI> startup_stm32f303xe.o(RESET)
</UL>
<P><STRONG><a name="[35]"></a>TIM8_BRK_IRQHandler</STRONG> (Thumb, 0 bytes, Stack size 0 bytes, startup_stm32f303xe.o(.text))
<BR>[Address Reference Count : 1]<UL><LI> startup_stm32f303xe.o(RESET)
</UL>
<P><STRONG><a name="[38]"></a>TIM8_CC_IRQHandler</STRONG> (Thumb, 0 bytes, Stack size 0 bytes, startup_stm32f303xe.o(.text))
<BR>[Address Reference Count : 1]<UL><LI> startup_stm32f303xe.o(RESET)
</UL>
<P><STRONG><a name="[37]"></a>TIM8_TRG_COM_IRQHandler</STRONG> (Thumb, 0 bytes, Stack size 0 bytes, startup_stm32f303xe.o(.text))
<BR>[Address Reference Count : 1]<UL><LI> startup_stm32f303xe.o(RESET)
</UL>
<P><STRONG><a name="[36]"></a>TIM8_UP_IRQHandler</STRONG> (Thumb, 0 bytes, Stack size 0 bytes, startup_stm32f303xe.o(.text))
<BR>[Address Reference Count : 1]<UL><LI> startup_stm32f303xe.o(RESET)
</UL>
<P><STRONG><a name="[3c]"></a>UART4_IRQHandler</STRONG> (Thumb, 0 bytes, Stack size 0 bytes, startup_stm32f303xe.o(.text))
<BR>[Address Reference Count : 1]<UL><LI> startup_stm32f303xe.o(RESET)
</UL>
<P><STRONG><a name="[3d]"></a>UART5_IRQHandler</STRONG> (Thumb, 0 bytes, Stack size 0 bytes, startup_stm32f303xe.o(.text))
<BR>[Address Reference Count : 1]<UL><LI> startup_stm32f303xe.o(RESET)
</UL>
<P><STRONG><a name="[2f]"></a>USART1_IRQHandler</STRONG> (Thumb, 0 bytes, Stack size 0 bytes, startup_stm32f303xe.o(.text))
<BR>[Address Reference Count : 1]<UL><LI> startup_stm32f303xe.o(RESET)
</UL>
<P><STRONG><a name="[30]"></a>USART2_IRQHandler</STRONG> (Thumb, 0 bytes, Stack size 0 bytes, startup_stm32f303xe.o(.text))
<BR>[Address Reference Count : 1]<UL><LI> startup_stm32f303xe.o(RESET)
</UL>
<P><STRONG><a name="[31]"></a>USART3_IRQHandler</STRONG> (Thumb, 0 bytes, Stack size 0 bytes, startup_stm32f303xe.o(.text))
<BR>[Address Reference Count : 1]<UL><LI> startup_stm32f303xe.o(RESET)
</UL>
<P><STRONG><a name="[34]"></a>USBWakeUp_IRQHandler</STRONG> (Thumb, 0 bytes, Stack size 0 bytes, startup_stm32f303xe.o(.text))
<BR>[Address Reference Count : 1]<UL><LI> startup_stm32f303xe.o(RESET)
</UL>
<P><STRONG><a name="[4d]"></a>USBWakeUp_RMP_IRQHandler</STRONG> (Thumb, 0 bytes, Stack size 0 bytes, startup_stm32f303xe.o(.text))
<BR>[Address Reference Count : 1]<UL><LI> startup_stm32f303xe.o(RESET)
</UL>
<P><STRONG><a name="[1d]"></a>USB_HP_CAN_TX_IRQHandler</STRONG> (Thumb, 0 bytes, Stack size 0 bytes, startup_stm32f303xe.o(.text))
<BR>[Address Reference Count : 1]<UL><LI> startup_stm32f303xe.o(RESET)
</UL>
<P><STRONG><a name="[4b]"></a>USB_HP_IRQHandler</STRONG> (Thumb, 0 bytes, Stack size 0 bytes, startup_stm32f303xe.o(.text))
<BR>[Address Reference Count : 1]<UL><LI> startup_stm32f303xe.o(RESET)
</UL>
<P><STRONG><a name="[1e]"></a>USB_LP_CAN_RX0_IRQHandler</STRONG> (Thumb, 0 bytes, Stack size 0 bytes, startup_stm32f303xe.o(.text))
<BR>[Address Reference Count : 1]<UL><LI> startup_stm32f303xe.o(RESET)
</UL>
<P><STRONG><a name="[a]"></a>WWDG_IRQHandler</STRONG> (Thumb, 0 bytes, Stack size 0 bytes, startup_stm32f303xe.o(.text))
<BR>[Address Reference Count : 1]<UL><LI> startup_stm32f303xe.o(RESET)
</UL>
<P><STRONG><a name="[e4]"></a>__aeabi_memcpy</STRONG> (Thumb, 36 bytes, Stack size 0 bytes, memcpya.o(.text))
<BR><BR>[Called By]<UL><LI><a href="#[e0]">&gt;&gt;</a>&nbsp;&nbsp;&nbsp;driverHWSPI1WriteRead
<LI><a href="#[dd]">&gt;&gt;</a>&nbsp;&nbsp;&nbsp;copy2mbx
<LI><a href="#[d8]">&gt;&gt;</a>&nbsp;&nbsp;&nbsp;SPIWritePDRamRegister
<LI><a href="#[d7]">&gt;&gt;</a>&nbsp;&nbsp;&nbsp;SPIReadPDRamRegister
</UL>

<P><STRONG><a name="[12a]"></a>__aeabi_memcpy4</STRONG> (Thumb, 0 bytes, Stack size 0 bytes, memcpya.o(.text), UNUSED)

<P><STRONG><a name="[12b]"></a>__aeabi_memcpy8</STRONG> (Thumb, 0 bytes, Stack size 0 bytes, memcpya.o(.text), UNUSED)

<P><STRONG><a name="[5a]"></a>__aeabi_memset</STRONG> (Thumb, 14 bytes, Stack size 0 bytes, memseta.o(.text))
<BR><BR>[Called By]<UL><LI><a href="#[5b]">&gt;&gt;</a>&nbsp;&nbsp;&nbsp;_memset$wrapper
<LI><a href="#[59]">&gt;&gt;</a>&nbsp;&nbsp;&nbsp;__aeabi_memclr
<LI><a href="#[e0]">&gt;&gt;</a>&nbsp;&nbsp;&nbsp;driverHWSPI1WriteRead
</UL>

<P><STRONG><a name="[12c]"></a>__aeabi_memset4</STRONG> (Thumb, 0 bytes, Stack size 0 bytes, memseta.o(.text), UNUSED)

<P><STRONG><a name="[12d]"></a>__aeabi_memset8</STRONG> (Thumb, 0 bytes, Stack size 0 bytes, memseta.o(.text), UNUSED)

<P><STRONG><a name="[59]"></a>__aeabi_memclr</STRONG> (Thumb, 4 bytes, Stack size 0 bytes, memseta.o(.text), UNUSED)
<BR><BR>[Calls]<UL><LI><a href="#[5a]">&gt;&gt;</a>&nbsp;&nbsp;&nbsp;__aeabi_memset
</UL>

<P><STRONG><a name="[12e]"></a>__aeabi_memclr4</STRONG> (Thumb, 0 bytes, Stack size 0 bytes, memseta.o(.text), UNUSED)

<P><STRONG><a name="[12f]"></a>__aeabi_memclr8</STRONG> (Thumb, 0 bytes, Stack size 0 bytes, memseta.o(.text), UNUSED)

<P><STRONG><a name="[5b]"></a>_memset$wrapper</STRONG> (Thumb, 18 bytes, Stack size 8 bytes, memseta.o(.text), UNUSED)
<BR><BR>[Calls]<UL><LI><a href="#[5a]">&gt;&gt;</a>&nbsp;&nbsp;&nbsp;__aeabi_memset
</UL>

<P><STRONG><a name="[58]"></a>__scatterload</STRONG> (Thumb, 28 bytes, Stack size 0 bytes, init.o(.text))
<BR><BR>[Calls]<UL><LI><a href="#[5c]">&gt;&gt;</a>&nbsp;&nbsp;&nbsp;__main_after_scatterload
</UL>
<BR>[Called By]<UL><LI><a href="#[57]">&gt;&gt;</a>&nbsp;&nbsp;&nbsp;_main_scatterload
</UL>

<P><STRONG><a name="[130]"></a>__scatterload_rt2</STRONG> (Thumb, 0 bytes, Stack size 0 bytes, init.o(.text), UNUSED)

<P><STRONG><a name="[8e]"></a>APP_safeoutput</STRONG> (Thumb, 8 bytes, Stack size 0 bytes, middlesoes.o(i.APP_safeoutput))
<BR><BR>[Called By]<UL><LI><a href="#[60]">&gt;&gt;</a>&nbsp;&nbsp;&nbsp;ESC_stopoutput
</UL>

<P><STRONG><a name="[4]"></a>BusFault_Handler</STRONG> (Thumb, 4 bytes, Stack size 0 bytes, stm32f3xx_it.o(i.BusFault_Handler))
<BR>[Address Reference Count : 1]<UL><LI> startup_stm32f303xe.o(RESET)
</UL>
<P><STRONG><a name="[5d]"></a>DIG_process</STRONG> (Thumb, 196 bytes, Stack size 8 bytes, middlesoes.o(i.DIG_process))
<BR><BR>[Stack]<UL><LI>Max Depth = 280<LI>Call Chain = DIG_process &rArr; ESC_stopoutput &rArr; ESC_SMdisable &rArr; ESC_SMwritepdi &rArr; ESC_write &rArr; PDIWriteReg &rArr; SPIWritePDRamRegister &rArr; SPIReadDWord &rArr; driverHWSPI1WriteRead &rArr; HAL_SPI_TransmitReceive &rArr; SPI_EndRxTxTransaction &rArr; SPI_WaitFifoStateUntilTimeout
</UL>
<BR>[Calls]<UL><LI><a href="#[5f]">&gt;&gt;</a>&nbsp;&nbsp;&nbsp;modEffectChangeState
<LI><a href="#[63]">&gt;&gt;</a>&nbsp;&nbsp;&nbsp;TXPDO_update
<LI><a href="#[5e]">&gt;&gt;</a>&nbsp;&nbsp;&nbsp;RXPDO_update
<LI><a href="#[60]">&gt;&gt;</a>&nbsp;&nbsp;&nbsp;ESC_stopoutput
<LI><a href="#[62]">&gt;&gt;</a>&nbsp;&nbsp;&nbsp;ESC_ALstatus
<LI><a href="#[61]">&gt;&gt;</a>&nbsp;&nbsp;&nbsp;ESC_ALerror
</UL>
<BR>[Called By]<UL><LI><a href="#[11d]">&gt;&gt;</a>&nbsp;&nbsp;&nbsp;middleSOESTask
</UL>

<P><STRONG><a name="[7]"></a>DebugMon_Handler</STRONG> (Thumb, 2 bytes, Stack size 0 bytes, stm32f3xx_it.o(i.DebugMon_Handler))
<BR>[Address Reference Count : 1]<UL><LI> startup_stm32f303xe.o(RESET)
</UL>
<P><STRONG><a name="[61]"></a>ESC_ALerror</STRONG> (Thumb, 24 bytes, Stack size 16 bytes, esc.o(i.ESC_ALerror))
<BR><BR>[Stack]<UL><LI>Max Depth = 248<LI>Call Chain = ESC_ALerror &rArr; ESC_write &rArr; PDIWriteReg &rArr; SPIWritePDRamRegister &rArr; SPIReadDWord &rArr; driverHWSPI1WriteRead &rArr; HAL_SPI_TransmitReceive &rArr; SPI_EndRxTxTransaction &rArr; SPI_WaitFifoStateUntilTimeout
</UL>
<BR>[Calls]<UL><LI><a href="#[64]">&gt;&gt;</a>&nbsp;&nbsp;&nbsp;ESC_write
</UL>
<BR>[Called By]<UL><LI><a href="#[11b]">&gt;&gt;</a>&nbsp;&nbsp;&nbsp;middleSOESInit
<LI><a href="#[5d]">&gt;&gt;</a>&nbsp;&nbsp;&nbsp;DIG_process
<LI><a href="#[8b]">&gt;&gt;</a>&nbsp;&nbsp;&nbsp;ESC_state
<LI><a href="#[89]">&gt;&gt;</a>&nbsp;&nbsp;&nbsp;ESC_startmbxboot
<LI><a href="#[88]">&gt;&gt;</a>&nbsp;&nbsp;&nbsp;ESC_startmbx
<LI><a href="#[87]">&gt;&gt;</a>&nbsp;&nbsp;&nbsp;ESC_startinput
</UL>

<P><STRONG><a name="[62]"></a>ESC_ALstatus</STRONG> (Thumb, 24 bytes, Stack size 16 bytes, esc.o(i.ESC_ALstatus))
<BR><BR>[Stack]<UL><LI>Max Depth = 248<LI>Call Chain = ESC_ALstatus &rArr; ESC_write &rArr; PDIWriteReg &rArr; SPIWritePDRamRegister &rArr; SPIReadDWord &rArr; driverHWSPI1WriteRead &rArr; HAL_SPI_TransmitReceive &rArr; SPI_EndRxTxTransaction &rArr; SPI_WaitFifoStateUntilTimeout
</UL>
<BR>[Calls]<UL><LI><a href="#[64]">&gt;&gt;</a>&nbsp;&nbsp;&nbsp;ESC_write
</UL>
<BR>[Called By]<UL><LI><a href="#[11b]">&gt;&gt;</a>&nbsp;&nbsp;&nbsp;middleSOESInit
<LI><a href="#[5d]">&gt;&gt;</a>&nbsp;&nbsp;&nbsp;DIG_process
<LI><a href="#[8b]">&gt;&gt;</a>&nbsp;&nbsp;&nbsp;ESC_state
</UL>

<P><STRONG><a name="[65]"></a>ESC_ReadAlEvent</STRONG> (Thumb, 12 bytes, Stack size 8 bytes, esc.o(i.ESC_ReadAlEvent))
<BR><BR>[Stack]<UL><LI>Max Depth = 200<LI>Call Chain = ESC_ReadAlEvent &rArr; PDIReadAlEventReg &rArr; SPIReadRegUsingCSR &rArr; SPIReadDWord &rArr; driverHWSPI1WriteRead &rArr; HAL_SPI_TransmitReceive &rArr; SPI_EndRxTxTransaction &rArr; SPI_WaitFifoStateUntilTimeout
</UL>
<BR>[Calls]<UL><LI><a href="#[66]">&gt;&gt;</a>&nbsp;&nbsp;&nbsp;PDIReadAlEventReg
</UL>
<BR>[Called By]<UL><LI><a href="#[11d]">&gt;&gt;</a>&nbsp;&nbsp;&nbsp;middleSOESTask
</UL>

<P><STRONG><a name="[67]"></a>ESC_SMack</STRONG> (Thumb, 22 bytes, Stack size 16 bytes, esc.o(i.ESC_SMack))
<BR><BR>[Stack]<UL><LI>Max Depth = 248<LI>Call Chain = ESC_SMack &rArr; ESC_read &rArr; PDIReadReg &rArr; SPIReadPDRamRegister &rArr; SPIReadDWord &rArr; driverHWSPI1WriteRead &rArr; HAL_SPI_TransmitReceive &rArr; SPI_EndRxTxTransaction &rArr; SPI_WaitFifoStateUntilTimeout
</UL>
<BR>[Calls]<UL><LI><a href="#[68]">&gt;&gt;</a>&nbsp;&nbsp;&nbsp;ESC_read
</UL>
<BR>[Called By]<UL><LI><a href="#[7e]">&gt;&gt;</a>&nbsp;&nbsp;&nbsp;ESC_mbxprocess
</UL>

<P><STRONG><a name="[69]"></a>ESC_SMdisable</STRONG> (Thumb, 26 bytes, Stack size 16 bytes, esc.o(i.ESC_SMdisable))
<BR><BR>[Stack]<UL><LI>Max Depth = 264<LI>Call Chain = ESC_SMdisable &rArr; ESC_SMwritepdi &rArr; ESC_write &rArr; PDIWriteReg &rArr; SPIWritePDRamRegister &rArr; SPIReadDWord &rArr; driverHWSPI1WriteRead &rArr; HAL_SPI_TransmitReceive &rArr; SPI_EndRxTxTransaction &rArr; SPI_WaitFifoStateUntilTimeout
</UL>
<BR>[Calls]<UL><LI><a href="#[6a]">&gt;&gt;</a>&nbsp;&nbsp;&nbsp;ESC_SMwritepdi
</UL>
<BR>[Called By]<UL><LI><a href="#[60]">&gt;&gt;</a>&nbsp;&nbsp;&nbsp;ESC_stopoutput
<LI><a href="#[8d]">&gt;&gt;</a>&nbsp;&nbsp;&nbsp;ESC_stopmbx
<LI><a href="#[8c]">&gt;&gt;</a>&nbsp;&nbsp;&nbsp;ESC_stopinput
<LI><a href="#[87]">&gt;&gt;</a>&nbsp;&nbsp;&nbsp;ESC_startinput
<LI><a href="#[7e]">&gt;&gt;</a>&nbsp;&nbsp;&nbsp;ESC_mbxprocess
<LI><a href="#[71]">&gt;&gt;</a>&nbsp;&nbsp;&nbsp;ESC_checkmbxboot
<LI><a href="#[70]">&gt;&gt;</a>&nbsp;&nbsp;&nbsp;ESC_checkmbx
</UL>

<P><STRONG><a name="[6b]"></a>ESC_SMenable</STRONG> (Thumb, 26 bytes, Stack size 16 bytes, esc.o(i.ESC_SMenable))
<BR><BR>[Stack]<UL><LI>Max Depth = 264<LI>Call Chain = ESC_SMenable &rArr; ESC_SMwritepdi &rArr; ESC_write &rArr; PDIWriteReg &rArr; SPIWritePDRamRegister &rArr; SPIReadDWord &rArr; driverHWSPI1WriteRead &rArr; HAL_SPI_TransmitReceive &rArr; SPI_EndRxTxTransaction &rArr; SPI_WaitFifoStateUntilTimeout
</UL>
<BR>[Calls]<UL><LI><a href="#[6a]">&gt;&gt;</a>&nbsp;&nbsp;&nbsp;ESC_SMwritepdi
</UL>
<BR>[Called By]<UL><LI><a href="#[8b]">&gt;&gt;</a>&nbsp;&nbsp;&nbsp;ESC_state
<LI><a href="#[8a]">&gt;&gt;</a>&nbsp;&nbsp;&nbsp;ESC_startoutput
<LI><a href="#[89]">&gt;&gt;</a>&nbsp;&nbsp;&nbsp;ESC_startmbxboot
<LI><a href="#[88]">&gt;&gt;</a>&nbsp;&nbsp;&nbsp;ESC_startmbx
<LI><a href="#[87]">&gt;&gt;</a>&nbsp;&nbsp;&nbsp;ESC_startinput
<LI><a href="#[7e]">&gt;&gt;</a>&nbsp;&nbsp;&nbsp;ESC_mbxprocess
</UL>

<P><STRONG><a name="[6c]"></a>ESC_SMstatus</STRONG> (Thumb, 42 bytes, Stack size 16 bytes, esc.o(i.ESC_SMstatus))
<BR><BR>[Stack]<UL><LI>Max Depth = 248<LI>Call Chain = ESC_SMstatus &rArr; ESC_read &rArr; PDIReadReg &rArr; SPIReadPDRamRegister &rArr; SPIReadDWord &rArr; driverHWSPI1WriteRead &rArr; HAL_SPI_TransmitReceive &rArr; SPI_EndRxTxTransaction &rArr; SPI_WaitFifoStateUntilTimeout
</UL>
<BR>[Calls]<UL><LI><a href="#[68]">&gt;&gt;</a>&nbsp;&nbsp;&nbsp;ESC_read
</UL>
<BR>[Called By]<UL><LI><a href="#[89]">&gt;&gt;</a>&nbsp;&nbsp;&nbsp;ESC_startmbxboot
<LI><a href="#[88]">&gt;&gt;</a>&nbsp;&nbsp;&nbsp;ESC_startmbx
<LI><a href="#[7e]">&gt;&gt;</a>&nbsp;&nbsp;&nbsp;ESC_mbxprocess
</UL>

<P><STRONG><a name="[6a]"></a>ESC_SMwritepdi</STRONG> (Thumb, 28 bytes, Stack size 16 bytes, esc.o(i.ESC_SMwritepdi))
<BR><BR>[Stack]<UL><LI>Max Depth = 248<LI>Call Chain = ESC_SMwritepdi &rArr; ESC_write &rArr; PDIWriteReg &rArr; SPIWritePDRamRegister &rArr; SPIReadDWord &rArr; driverHWSPI1WriteRead &rArr; HAL_SPI_TransmitReceive &rArr; SPI_EndRxTxTransaction &rArr; SPI_WaitFifoStateUntilTimeout
</UL>
<BR>[Calls]<UL><LI><a href="#[64]">&gt;&gt;</a>&nbsp;&nbsp;&nbsp;ESC_write
</UL>
<BR>[Called By]<UL><LI><a href="#[7e]">&gt;&gt;</a>&nbsp;&nbsp;&nbsp;ESC_mbxprocess
<LI><a href="#[6b]">&gt;&gt;</a>&nbsp;&nbsp;&nbsp;ESC_SMenable
<LI><a href="#[69]">&gt;&gt;</a>&nbsp;&nbsp;&nbsp;ESC_SMdisable
</UL>

<P><STRONG><a name="[6d]"></a>ESC_ackmbxread</STRONG> (Thumb, 48 bytes, Stack size 8 bytes, esc.o(i.ESC_ackmbxread))
<BR><BR>[Stack]<UL><LI>Max Depth = 240<LI>Call Chain = ESC_ackmbxread &rArr; ESC_write &rArr; PDIWriteReg &rArr; SPIWritePDRamRegister &rArr; SPIReadDWord &rArr; driverHWSPI1WriteRead &rArr; HAL_SPI_TransmitReceive &rArr; SPI_EndRxTxTransaction &rArr; SPI_WaitFifoStateUntilTimeout
</UL>
<BR>[Calls]<UL><LI><a href="#[64]">&gt;&gt;</a>&nbsp;&nbsp;&nbsp;ESC_write
</UL>
<BR>[Called By]<UL><LI><a href="#[7e]">&gt;&gt;</a>&nbsp;&nbsp;&nbsp;ESC_mbxprocess
</UL>

<P><STRONG><a name="[6e]"></a>ESC_address</STRONG> (Thumb, 26 bytes, Stack size 8 bytes, esc.o(i.ESC_address))
<BR><BR>[Stack]<UL><LI>Max Depth = 240<LI>Call Chain = ESC_address &rArr; ESC_read &rArr; PDIReadReg &rArr; SPIReadPDRamRegister &rArr; SPIReadDWord &rArr; driverHWSPI1WriteRead &rArr; HAL_SPI_TransmitReceive &rArr; SPI_EndRxTxTransaction &rArr; SPI_WaitFifoStateUntilTimeout
</UL>
<BR>[Calls]<UL><LI><a href="#[68]">&gt;&gt;</a>&nbsp;&nbsp;&nbsp;ESC_read
</UL>
<BR>[Called By]<UL><LI><a href="#[8b]">&gt;&gt;</a>&nbsp;&nbsp;&nbsp;ESC_state
</UL>

<P><STRONG><a name="[6f]"></a>ESC_checkSM23</STRONG> (Thumb, 128 bytes, Stack size 16 bytes, esc.o(i.ESC_checkSM23))
<BR><BR>[Stack]<UL><LI>Max Depth = 248<LI>Call Chain = ESC_checkSM23 &rArr; ESC_read &rArr; PDIReadReg &rArr; SPIReadPDRamRegister &rArr; SPIReadDWord &rArr; driverHWSPI1WriteRead &rArr; HAL_SPI_TransmitReceive &rArr; SPI_EndRxTxTransaction &rArr; SPI_WaitFifoStateUntilTimeout
</UL>
<BR>[Calls]<UL><LI><a href="#[68]">&gt;&gt;</a>&nbsp;&nbsp;&nbsp;ESC_read
</UL>
<BR>[Called By]<UL><LI><a href="#[8b]">&gt;&gt;</a>&nbsp;&nbsp;&nbsp;ESC_state
<LI><a href="#[87]">&gt;&gt;</a>&nbsp;&nbsp;&nbsp;ESC_startinput
</UL>

<P><STRONG><a name="[70]"></a>ESC_checkmbx</STRONG> (Thumb, 154 bytes, Stack size 16 bytes, esc.o(i.ESC_checkmbx))
<BR><BR>[Stack]<UL><LI>Max Depth = 280<LI>Call Chain = ESC_checkmbx &rArr; ESC_SMdisable &rArr; ESC_SMwritepdi &rArr; ESC_write &rArr; PDIWriteReg &rArr; SPIWritePDRamRegister &rArr; SPIReadDWord &rArr; driverHWSPI1WriteRead &rArr; HAL_SPI_TransmitReceive &rArr; SPI_EndRxTxTransaction &rArr; SPI_WaitFifoStateUntilTimeout
</UL>
<BR>[Calls]<UL><LI><a href="#[68]">&gt;&gt;</a>&nbsp;&nbsp;&nbsp;ESC_read
<LI><a href="#[69]">&gt;&gt;</a>&nbsp;&nbsp;&nbsp;ESC_SMdisable
</UL>
<BR>[Called By]<UL><LI><a href="#[8b]">&gt;&gt;</a>&nbsp;&nbsp;&nbsp;ESC_state
<LI><a href="#[88]">&gt;&gt;</a>&nbsp;&nbsp;&nbsp;ESC_startmbx
</UL>

<P><STRONG><a name="[71]"></a>ESC_checkmbxboot</STRONG> (Thumb, 154 bytes, Stack size 16 bytes, esc.o(i.ESC_checkmbxboot))
<BR><BR>[Stack]<UL><LI>Max Depth = 280<LI>Call Chain = ESC_checkmbxboot &rArr; ESC_SMdisable &rArr; ESC_SMwritepdi &rArr; ESC_write &rArr; PDIWriteReg &rArr; SPIWritePDRamRegister &rArr; SPIReadDWord &rArr; driverHWSPI1WriteRead &rArr; HAL_SPI_TransmitReceive &rArr; SPI_EndRxTxTransaction &rArr; SPI_WaitFifoStateUntilTimeout
</UL>
<BR>[Calls]<UL><LI><a href="#[68]">&gt;&gt;</a>&nbsp;&nbsp;&nbsp;ESC_read
<LI><a href="#[69]">&gt;&gt;</a>&nbsp;&nbsp;&nbsp;ESC_SMdisable
</UL>
<BR>[Called By]<UL><LI><a href="#[89]">&gt;&gt;</a>&nbsp;&nbsp;&nbsp;ESC_startmbxboot
</UL>

<P><STRONG><a name="[cf]"></a>ESC_claimbuffer</STRONG> (Thumb, 106 bytes, Stack size 0 bytes, esc.o(i.ESC_claimbuffer))
<BR><BR>[Called By]<UL><LI><a href="#[76]">&gt;&gt;</a>&nbsp;&nbsp;&nbsp;SDO_uploadsegment
<LI><a href="#[75]">&gt;&gt;</a>&nbsp;&nbsp;&nbsp;SDO_upload
<LI><a href="#[de]">&gt;&gt;</a>&nbsp;&nbsp;&nbsp;SDO_infoerror
<LI><a href="#[74]">&gt;&gt;</a>&nbsp;&nbsp;&nbsp;SDO_getodlistcont
<LI><a href="#[78]">&gt;&gt;</a>&nbsp;&nbsp;&nbsp;SDO_getodlist
<LI><a href="#[79]">&gt;&gt;</a>&nbsp;&nbsp;&nbsp;SDO_getod
<LI><a href="#[7a]">&gt;&gt;</a>&nbsp;&nbsp;&nbsp;SDO_geted
<LI><a href="#[77]">&gt;&gt;</a>&nbsp;&nbsp;&nbsp;SDO_download
<LI><a href="#[7b]">&gt;&gt;</a>&nbsp;&nbsp;&nbsp;SDO_abort
<LI><a href="#[73]">&gt;&gt;</a>&nbsp;&nbsp;&nbsp;MBX_error
</UL>

<P><STRONG><a name="[72]"></a>ESC_coeprocess</STRONG> (Thumb, 272 bytes, Stack size 24 bytes, esc_coe.o(i.ESC_coeprocess))
<BR><BR>[Stack]<UL><LI>Max Depth = 124<LI>Call Chain = ESC_coeprocess &rArr; SDO_download &rArr; ESC_objecthandler &rArr; sizeTXPDO
</UL>
<BR>[Calls]<UL><LI><a href="#[76]">&gt;&gt;</a>&nbsp;&nbsp;&nbsp;SDO_uploadsegment
<LI><a href="#[75]">&gt;&gt;</a>&nbsp;&nbsp;&nbsp;SDO_upload
<LI><a href="#[74]">&gt;&gt;</a>&nbsp;&nbsp;&nbsp;SDO_getodlistcont
<LI><a href="#[78]">&gt;&gt;</a>&nbsp;&nbsp;&nbsp;SDO_getodlist
<LI><a href="#[79]">&gt;&gt;</a>&nbsp;&nbsp;&nbsp;SDO_getod
<LI><a href="#[7a]">&gt;&gt;</a>&nbsp;&nbsp;&nbsp;SDO_geted
<LI><a href="#[77]">&gt;&gt;</a>&nbsp;&nbsp;&nbsp;SDO_download
<LI><a href="#[7b]">&gt;&gt;</a>&nbsp;&nbsp;&nbsp;SDO_abort
<LI><a href="#[73]">&gt;&gt;</a>&nbsp;&nbsp;&nbsp;MBX_error
</UL>
<BR>[Called By]<UL><LI><a href="#[11d]">&gt;&gt;</a>&nbsp;&nbsp;&nbsp;middleSOESTask
</UL>

<P><STRONG><a name="[7c]"></a>ESC_init</STRONG> (Thumb, 8 bytes, Stack size 8 bytes, esc.o(i.ESC_init))
<BR><BR>[Stack]<UL><LI>Max Depth = 116<LI>Call Chain = ESC_init &rArr; PDI_Init &rArr; driverHWSPI1Init &rArr; HAL_SPI_Init &rArr; HAL_SPI_MspInit &rArr; HAL_GPIO_Init
</UL>
<BR>[Calls]<UL><LI><a href="#[7d]">&gt;&gt;</a>&nbsp;&nbsp;&nbsp;PDI_Init
</UL>
<BR>[Called By]<UL><LI><a href="#[11b]">&gt;&gt;</a>&nbsp;&nbsp;&nbsp;middleSOESInit
</UL>

<P><STRONG><a name="[7e]"></a>ESC_mbxprocess</STRONG> (Thumb, 452 bytes, Stack size 16 bytes, esc.o(i.ESC_mbxprocess))
<BR><BR>[Stack]<UL><LI>Max Depth = 280<LI>Call Chain = ESC_mbxprocess &rArr; ESC_SMenable &rArr; ESC_SMwritepdi &rArr; ESC_write &rArr; PDIWriteReg &rArr; SPIWritePDRamRegister &rArr; SPIReadDWord &rArr; driverHWSPI1WriteRead &rArr; HAL_SPI_TransmitReceive &rArr; SPI_EndRxTxTransaction &rArr; SPI_WaitFifoStateUntilTimeout
</UL>
<BR>[Calls]<UL><LI><a href="#[73]">&gt;&gt;</a>&nbsp;&nbsp;&nbsp;MBX_error
<LI><a href="#[7f]">&gt;&gt;</a>&nbsp;&nbsp;&nbsp;ESC_writembx
<LI><a href="#[81]">&gt;&gt;</a>&nbsp;&nbsp;&nbsp;ESC_readmbx
<LI><a href="#[80]">&gt;&gt;</a>&nbsp;&nbsp;&nbsp;ESC_outreqbuffer
<LI><a href="#[6d]">&gt;&gt;</a>&nbsp;&nbsp;&nbsp;ESC_ackmbxread
<LI><a href="#[6a]">&gt;&gt;</a>&nbsp;&nbsp;&nbsp;ESC_SMwritepdi
<LI><a href="#[6c]">&gt;&gt;</a>&nbsp;&nbsp;&nbsp;ESC_SMstatus
<LI><a href="#[6b]">&gt;&gt;</a>&nbsp;&nbsp;&nbsp;ESC_SMenable
<LI><a href="#[69]">&gt;&gt;</a>&nbsp;&nbsp;&nbsp;ESC_SMdisable
<LI><a href="#[67]">&gt;&gt;</a>&nbsp;&nbsp;&nbsp;ESC_SMack
</UL>
<BR>[Called By]<UL><LI><a href="#[11d]">&gt;&gt;</a>&nbsp;&nbsp;&nbsp;middleSOESTask
</UL>

<P><STRONG><a name="[82]"></a>ESC_objecthandler</STRONG> (Thumb, 200 bytes, Stack size 16 bytes, middlesoes.o(i.ESC_objecthandler))
<BR><BR>[Stack]<UL><LI>Max Depth = 52<LI>Call Chain = ESC_objecthandler &rArr; sizeTXPDO
</UL>
<BR>[Calls]<UL><LI><a href="#[84]">&gt;&gt;</a>&nbsp;&nbsp;&nbsp;sizeTXPDO
<LI><a href="#[83]">&gt;&gt;</a>&nbsp;&nbsp;&nbsp;sizeRXPDO
</UL>
<BR>[Called By]<UL><LI><a href="#[77]">&gt;&gt;</a>&nbsp;&nbsp;&nbsp;SDO_download
</UL>

<P><STRONG><a name="[80]"></a>ESC_outreqbuffer</STRONG> (Thumb, 22 bytes, Stack size 0 bytes, esc.o(i.ESC_outreqbuffer))
<BR><BR>[Called By]<UL><LI><a href="#[7e]">&gt;&gt;</a>&nbsp;&nbsp;&nbsp;ESC_mbxprocess
</UL>

<P><STRONG><a name="[85]"></a>ESC_pre_objecthandler</STRONG> (Thumb, 74 bytes, Stack size 16 bytes, esc_coe.o(i.ESC_pre_objecthandler))
<BR><BR>[Stack]<UL><LI>Max Depth = 40<LI>Call Chain = ESC_pre_objecthandler &rArr; SDO_abort
</UL>
<BR>[Calls]<UL><LI><a href="#[7b]">&gt;&gt;</a>&nbsp;&nbsp;&nbsp;SDO_abort
</UL>
<BR>[Called By]<UL><LI><a href="#[77]">&gt;&gt;</a>&nbsp;&nbsp;&nbsp;SDO_download
</UL>

<P><STRONG><a name="[68]"></a>ESC_read</STRONG> (Thumb, 102 bytes, Stack size 24 bytes, esc.o(i.ESC_read))
<BR><BR>[Stack]<UL><LI>Max Depth = 232<LI>Call Chain = ESC_read &rArr; PDIReadReg &rArr; SPIReadPDRamRegister &rArr; SPIReadDWord &rArr; driverHWSPI1WriteRead &rArr; HAL_SPI_TransmitReceive &rArr; SPI_EndRxTxTransaction &rArr; SPI_WaitFifoStateUntilTimeout
</UL>
<BR>[Calls]<UL><LI><a href="#[86]">&gt;&gt;</a>&nbsp;&nbsp;&nbsp;PDIReadReg
</UL>
<BR>[Called By]<UL><LI><a href="#[11d]">&gt;&gt;</a>&nbsp;&nbsp;&nbsp;middleSOESTask
<LI><a href="#[11b]">&gt;&gt;</a>&nbsp;&nbsp;&nbsp;middleSOESInit
<LI><a href="#[5e]">&gt;&gt;</a>&nbsp;&nbsp;&nbsp;RXPDO_update
<LI><a href="#[8b]">&gt;&gt;</a>&nbsp;&nbsp;&nbsp;ESC_state
<LI><a href="#[81]">&gt;&gt;</a>&nbsp;&nbsp;&nbsp;ESC_readmbx
<LI><a href="#[71]">&gt;&gt;</a>&nbsp;&nbsp;&nbsp;ESC_checkmbxboot
<LI><a href="#[70]">&gt;&gt;</a>&nbsp;&nbsp;&nbsp;ESC_checkmbx
<LI><a href="#[6f]">&gt;&gt;</a>&nbsp;&nbsp;&nbsp;ESC_checkSM23
<LI><a href="#[6e]">&gt;&gt;</a>&nbsp;&nbsp;&nbsp;ESC_address
<LI><a href="#[6c]">&gt;&gt;</a>&nbsp;&nbsp;&nbsp;ESC_SMstatus
<LI><a href="#[67]">&gt;&gt;</a>&nbsp;&nbsp;&nbsp;ESC_SMack
</UL>

<P><STRONG><a name="[81]"></a>ESC_readmbx</STRONG> (Thumb, 150 bytes, Stack size 16 bytes, esc.o(i.ESC_readmbx))
<BR><BR>[Stack]<UL><LI>Max Depth = 248<LI>Call Chain = ESC_readmbx &rArr; ESC_read &rArr; PDIReadReg &rArr; SPIReadPDRamRegister &rArr; SPIReadDWord &rArr; driverHWSPI1WriteRead &rArr; HAL_SPI_TransmitReceive &rArr; SPI_EndRxTxTransaction &rArr; SPI_WaitFifoStateUntilTimeout
</UL>
<BR>[Calls]<UL><LI><a href="#[68]">&gt;&gt;</a>&nbsp;&nbsp;&nbsp;ESC_read
</UL>
<BR>[Called By]<UL><LI><a href="#[7e]">&gt;&gt;</a>&nbsp;&nbsp;&nbsp;ESC_mbxprocess
</UL>

<P><STRONG><a name="[11e]"></a>ESC_reset</STRONG> (Thumb, 2 bytes, Stack size 0 bytes, esc.o(i.ESC_reset))
<BR><BR>[Called By]<UL><LI><a href="#[11b]">&gt;&gt;</a>&nbsp;&nbsp;&nbsp;middleSOESInit
</UL>

<P><STRONG><a name="[87]"></a>ESC_startinput</STRONG> (Thumb, 70 bytes, Stack size 8 bytes, esc.o(i.ESC_startinput))
<BR><BR>[Stack]<UL><LI>Max Depth = 272<LI>Call Chain = ESC_startinput &rArr; ESC_SMenable &rArr; ESC_SMwritepdi &rArr; ESC_write &rArr; PDIWriteReg &rArr; SPIWritePDRamRegister &rArr; SPIReadDWord &rArr; driverHWSPI1WriteRead &rArr; HAL_SPI_TransmitReceive &rArr; SPI_EndRxTxTransaction &rArr; SPI_WaitFifoStateUntilTimeout
</UL>
<BR>[Calls]<UL><LI><a href="#[6f]">&gt;&gt;</a>&nbsp;&nbsp;&nbsp;ESC_checkSM23
<LI><a href="#[6b]">&gt;&gt;</a>&nbsp;&nbsp;&nbsp;ESC_SMenable
<LI><a href="#[69]">&gt;&gt;</a>&nbsp;&nbsp;&nbsp;ESC_SMdisable
<LI><a href="#[61]">&gt;&gt;</a>&nbsp;&nbsp;&nbsp;ESC_ALerror
</UL>
<BR>[Called By]<UL><LI><a href="#[8b]">&gt;&gt;</a>&nbsp;&nbsp;&nbsp;ESC_state
</UL>

<P><STRONG><a name="[88]"></a>ESC_startmbx</STRONG> (Thumb, 86 bytes, Stack size 8 bytes, esc.o(i.ESC_startmbx))
<BR><BR>[Stack]<UL><LI>Max Depth = 288<LI>Call Chain = ESC_startmbx &rArr; ESC_checkmbx &rArr; ESC_SMdisable &rArr; ESC_SMwritepdi &rArr; ESC_write &rArr; PDIWriteReg &rArr; SPIWritePDRamRegister &rArr; SPIReadDWord &rArr; driverHWSPI1WriteRead &rArr; HAL_SPI_TransmitReceive &rArr; SPI_EndRxTxTransaction &rArr; SPI_WaitFifoStateUntilTimeout
</UL>
<BR>[Calls]<UL><LI><a href="#[70]">&gt;&gt;</a>&nbsp;&nbsp;&nbsp;ESC_checkmbx
<LI><a href="#[6c]">&gt;&gt;</a>&nbsp;&nbsp;&nbsp;ESC_SMstatus
<LI><a href="#[6b]">&gt;&gt;</a>&nbsp;&nbsp;&nbsp;ESC_SMenable
<LI><a href="#[61]">&gt;&gt;</a>&nbsp;&nbsp;&nbsp;ESC_ALerror
</UL>
<BR>[Called By]<UL><LI><a href="#[8b]">&gt;&gt;</a>&nbsp;&nbsp;&nbsp;ESC_state
</UL>

<P><STRONG><a name="[89]"></a>ESC_startmbxboot</STRONG> (Thumb, 86 bytes, Stack size 8 bytes, esc.o(i.ESC_startmbxboot))
<BR><BR>[Stack]<UL><LI>Max Depth = 288<LI>Call Chain = ESC_startmbxboot &rArr; ESC_checkmbxboot &rArr; ESC_SMdisable &rArr; ESC_SMwritepdi &rArr; ESC_write &rArr; PDIWriteReg &rArr; SPIWritePDRamRegister &rArr; SPIReadDWord &rArr; driverHWSPI1WriteRead &rArr; HAL_SPI_TransmitReceive &rArr; SPI_EndRxTxTransaction &rArr; SPI_WaitFifoStateUntilTimeout
</UL>
<BR>[Calls]<UL><LI><a href="#[71]">&gt;&gt;</a>&nbsp;&nbsp;&nbsp;ESC_checkmbxboot
<LI><a href="#[6c]">&gt;&gt;</a>&nbsp;&nbsp;&nbsp;ESC_SMstatus
<LI><a href="#[6b]">&gt;&gt;</a>&nbsp;&nbsp;&nbsp;ESC_SMenable
<LI><a href="#[61]">&gt;&gt;</a>&nbsp;&nbsp;&nbsp;ESC_ALerror
</UL>
<BR>[Called By]<UL><LI><a href="#[8b]">&gt;&gt;</a>&nbsp;&nbsp;&nbsp;ESC_state
</UL>

<P><STRONG><a name="[8a]"></a>ESC_startoutput</STRONG> (Thumb, 26 bytes, Stack size 8 bytes, esc.o(i.ESC_startoutput))
<BR><BR>[Stack]<UL><LI>Max Depth = 272<LI>Call Chain = ESC_startoutput &rArr; ESC_SMenable &rArr; ESC_SMwritepdi &rArr; ESC_write &rArr; PDIWriteReg &rArr; SPIWritePDRamRegister &rArr; SPIReadDWord &rArr; driverHWSPI1WriteRead &rArr; HAL_SPI_TransmitReceive &rArr; SPI_EndRxTxTransaction &rArr; SPI_WaitFifoStateUntilTimeout
</UL>
<BR>[Calls]<UL><LI><a href="#[6b]">&gt;&gt;</a>&nbsp;&nbsp;&nbsp;ESC_SMenable
</UL>
<BR>[Called By]<UL><LI><a href="#[8b]">&gt;&gt;</a>&nbsp;&nbsp;&nbsp;ESC_state
</UL>

<P><STRONG><a name="[8b]"></a>ESC_state</STRONG> (Thumb, 784 bytes, Stack size 32 bytes, esc.o(i.ESC_state))
<BR><BR>[Stack]<UL><LI>Max Depth = 320<LI>Call Chain = ESC_state &rArr; ESC_startmbxboot &rArr; ESC_checkmbxboot &rArr; ESC_SMdisable &rArr; ESC_SMwritepdi &rArr; ESC_write &rArr; PDIWriteReg &rArr; SPIWritePDRamRegister &rArr; SPIReadDWord &rArr; driverHWSPI1WriteRead &rArr; HAL_SPI_TransmitReceive &rArr; SPI_EndRxTxTransaction &rArr; SPI_WaitFifoStateUntilTimeout
</UL>
<BR>[Calls]<UL><LI><a href="#[84]">&gt;&gt;</a>&nbsp;&nbsp;&nbsp;sizeTXPDO
<LI><a href="#[83]">&gt;&gt;</a>&nbsp;&nbsp;&nbsp;sizeRXPDO
<LI><a href="#[60]">&gt;&gt;</a>&nbsp;&nbsp;&nbsp;ESC_stopoutput
<LI><a href="#[8d]">&gt;&gt;</a>&nbsp;&nbsp;&nbsp;ESC_stopmbx
<LI><a href="#[8c]">&gt;&gt;</a>&nbsp;&nbsp;&nbsp;ESC_stopinput
<LI><a href="#[8a]">&gt;&gt;</a>&nbsp;&nbsp;&nbsp;ESC_startoutput
<LI><a href="#[89]">&gt;&gt;</a>&nbsp;&nbsp;&nbsp;ESC_startmbxboot
<LI><a href="#[88]">&gt;&gt;</a>&nbsp;&nbsp;&nbsp;ESC_startmbx
<LI><a href="#[87]">&gt;&gt;</a>&nbsp;&nbsp;&nbsp;ESC_startinput
<LI><a href="#[68]">&gt;&gt;</a>&nbsp;&nbsp;&nbsp;ESC_read
<LI><a href="#[70]">&gt;&gt;</a>&nbsp;&nbsp;&nbsp;ESC_checkmbx
<LI><a href="#[6f]">&gt;&gt;</a>&nbsp;&nbsp;&nbsp;ESC_checkSM23
<LI><a href="#[6e]">&gt;&gt;</a>&nbsp;&nbsp;&nbsp;ESC_address
<LI><a href="#[6b]">&gt;&gt;</a>&nbsp;&nbsp;&nbsp;ESC_SMenable
<LI><a href="#[62]">&gt;&gt;</a>&nbsp;&nbsp;&nbsp;ESC_ALstatus
<LI><a href="#[61]">&gt;&gt;</a>&nbsp;&nbsp;&nbsp;ESC_ALerror
</UL>
<BR>[Called By]<UL><LI><a href="#[11d]">&gt;&gt;</a>&nbsp;&nbsp;&nbsp;middleSOESTask
</UL>

<P><STRONG><a name="[8c]"></a>ESC_stopinput</STRONG> (Thumb, 22 bytes, Stack size 8 bytes, esc.o(i.ESC_stopinput))
<BR><BR>[Stack]<UL><LI>Max Depth = 272<LI>Call Chain = ESC_stopinput &rArr; ESC_SMdisable &rArr; ESC_SMwritepdi &rArr; ESC_write &rArr; PDIWriteReg &rArr; SPIWritePDRamRegister &rArr; SPIReadDWord &rArr; driverHWSPI1WriteRead &rArr; HAL_SPI_TransmitReceive &rArr; SPI_EndRxTxTransaction &rArr; SPI_WaitFifoStateUntilTimeout
</UL>
<BR>[Calls]<UL><LI><a href="#[69]">&gt;&gt;</a>&nbsp;&nbsp;&nbsp;ESC_SMdisable
</UL>
<BR>[Called By]<UL><LI><a href="#[11b]">&gt;&gt;</a>&nbsp;&nbsp;&nbsp;middleSOESInit
<LI><a href="#[8b]">&gt;&gt;</a>&nbsp;&nbsp;&nbsp;ESC_state
</UL>

<P><STRONG><a name="[8d]"></a>ESC_stopmbx</STRONG> (Thumb, 74 bytes, Stack size 8 bytes, esc.o(i.ESC_stopmbx))
<BR><BR>[Stack]<UL><LI>Max Depth = 272<LI>Call Chain = ESC_stopmbx &rArr; ESC_SMdisable &rArr; ESC_SMwritepdi &rArr; ESC_write &rArr; PDIWriteReg &rArr; SPIWritePDRamRegister &rArr; SPIReadDWord &rArr; driverHWSPI1WriteRead &rArr; HAL_SPI_TransmitReceive &rArr; SPI_EndRxTxTransaction &rArr; SPI_WaitFifoStateUntilTimeout
</UL>
<BR>[Calls]<UL><LI><a href="#[69]">&gt;&gt;</a>&nbsp;&nbsp;&nbsp;ESC_SMdisable
</UL>
<BR>[Called By]<UL><LI><a href="#[11b]">&gt;&gt;</a>&nbsp;&nbsp;&nbsp;middleSOESInit
<LI><a href="#[8b]">&gt;&gt;</a>&nbsp;&nbsp;&nbsp;ESC_state
</UL>

<P><STRONG><a name="[60]"></a>ESC_stopoutput</STRONG> (Thumb, 26 bytes, Stack size 8 bytes, esc.o(i.ESC_stopoutput))
<BR><BR>[Stack]<UL><LI>Max Depth = 272<LI>Call Chain = ESC_stopoutput &rArr; ESC_SMdisable &rArr; ESC_SMwritepdi &rArr; ESC_write &rArr; PDIWriteReg &rArr; SPIWritePDRamRegister &rArr; SPIReadDWord &rArr; driverHWSPI1WriteRead &rArr; HAL_SPI_TransmitReceive &rArr; SPI_EndRxTxTransaction &rArr; SPI_WaitFifoStateUntilTimeout
</UL>
<BR>[Calls]<UL><LI><a href="#[8e]">&gt;&gt;</a>&nbsp;&nbsp;&nbsp;APP_safeoutput
<LI><a href="#[69]">&gt;&gt;</a>&nbsp;&nbsp;&nbsp;ESC_SMdisable
</UL>
<BR>[Called By]<UL><LI><a href="#[11b]">&gt;&gt;</a>&nbsp;&nbsp;&nbsp;middleSOESInit
<LI><a href="#[5d]">&gt;&gt;</a>&nbsp;&nbsp;&nbsp;DIG_process
<LI><a href="#[8b]">&gt;&gt;</a>&nbsp;&nbsp;&nbsp;ESC_state
</UL>

<P><STRONG><a name="[64]"></a>ESC_write</STRONG> (Thumb, 102 bytes, Stack size 24 bytes, esc.o(i.ESC_write))
<BR><BR>[Stack]<UL><LI>Max Depth = 232<LI>Call Chain = ESC_write &rArr; PDIWriteReg &rArr; SPIWritePDRamRegister &rArr; SPIReadDWord &rArr; driverHWSPI1WriteRead &rArr; HAL_SPI_TransmitReceive &rArr; SPI_EndRxTxTransaction &rArr; SPI_WaitFifoStateUntilTimeout
</UL>
<BR>[Calls]<UL><LI><a href="#[8f]">&gt;&gt;</a>&nbsp;&nbsp;&nbsp;PDIWriteReg
</UL>
<BR>[Called By]<UL><LI><a href="#[63]">&gt;&gt;</a>&nbsp;&nbsp;&nbsp;TXPDO_update
<LI><a href="#[7f]">&gt;&gt;</a>&nbsp;&nbsp;&nbsp;ESC_writembx
<LI><a href="#[6d]">&gt;&gt;</a>&nbsp;&nbsp;&nbsp;ESC_ackmbxread
<LI><a href="#[6a]">&gt;&gt;</a>&nbsp;&nbsp;&nbsp;ESC_SMwritepdi
<LI><a href="#[62]">&gt;&gt;</a>&nbsp;&nbsp;&nbsp;ESC_ALstatus
<LI><a href="#[61]">&gt;&gt;</a>&nbsp;&nbsp;&nbsp;ESC_ALerror
</UL>

<P><STRONG><a name="[7f]"></a>ESC_writembx</STRONG> (Thumb, 110 bytes, Stack size 24 bytes, esc.o(i.ESC_writembx))
<BR><BR>[Stack]<UL><LI>Max Depth = 256<LI>Call Chain = ESC_writembx &rArr; ESC_write &rArr; PDIWriteReg &rArr; SPIWritePDRamRegister &rArr; SPIReadDWord &rArr; driverHWSPI1WriteRead &rArr; HAL_SPI_TransmitReceive &rArr; SPI_EndRxTxTransaction &rArr; SPI_WaitFifoStateUntilTimeout
</UL>
<BR>[Calls]<UL><LI><a href="#[64]">&gt;&gt;</a>&nbsp;&nbsp;&nbsp;ESC_write
</UL>
<BR>[Called By]<UL><LI><a href="#[7e]">&gt;&gt;</a>&nbsp;&nbsp;&nbsp;ESC_mbxprocess
</UL>

<P><STRONG><a name="[90]"></a>ESC_xoeprocess</STRONG> (Thumb, 62 bytes, Stack size 8 bytes, esc.o(i.ESC_xoeprocess))
<BR><BR>[Stack]<UL><LI>Max Depth = 24<LI>Call Chain = ESC_xoeprocess &rArr; MBX_error
</UL>
<BR>[Calls]<UL><LI><a href="#[73]">&gt;&gt;</a>&nbsp;&nbsp;&nbsp;MBX_error
</UL>
<BR>[Called By]<UL><LI><a href="#[11d]">&gt;&gt;</a>&nbsp;&nbsp;&nbsp;middleSOESTask
</UL>

<P><STRONG><a name="[10]"></a>EXTI0_IRQHandler</STRONG> (Thumb, 20 bytes, Stack size 8 bytes, driverhwlaninterrupt.o(i.EXTI0_IRQHandler))
<BR><BR>[Stack]<UL><LI>Max Depth = 24<LI>Call Chain = EXTI0_IRQHandler &rArr; HAL_GPIO_EXTI_IRQHandler &rArr; HAL_GPIO_EXTI_Callback
</UL>
<BR>[Calls]<UL><LI><a href="#[91]">&gt;&gt;</a>&nbsp;&nbsp;&nbsp;HAL_GPIO_EXTI_IRQHandler
</UL>
<BR>[Address Reference Count : 1]<UL><LI> startup_stm32f303xe.o(RESET)
</UL>
<P><STRONG><a name="[32]"></a>EXTI15_10_IRQHandler</STRONG> (Thumb, 40 bytes, Stack size 8 bytes, driverhwlaninterrupt.o(i.EXTI15_10_IRQHandler))
<BR><BR>[Stack]<UL><LI>Max Depth = 24<LI>Call Chain = EXTI15_10_IRQHandler &rArr; HAL_GPIO_EXTI_IRQHandler &rArr; HAL_GPIO_EXTI_Callback
</UL>
<BR>[Calls]<UL><LI><a href="#[91]">&gt;&gt;</a>&nbsp;&nbsp;&nbsp;HAL_GPIO_EXTI_IRQHandler
</UL>
<BR>[Address Reference Count : 1]<UL><LI> startup_stm32f303xe.o(RESET)
</UL>
<P><STRONG><a name="[ed]"></a>Error_Handler</STRONG> (Thumb, 4 bytes, Stack size 0 bytes, main.o(i.Error_Handler))
<BR><BR>[Called By]<UL><LI><a href="#[ec]">&gt;&gt;</a>&nbsp;&nbsp;&nbsp;SystemClock_Config
</UL>

<P><STRONG><a name="[92]"></a>HAL_GPIO_EXTI_Callback</STRONG> (Thumb, 88 bytes, Stack size 8 bytes, driverhwlaninterrupt.o(i.HAL_GPIO_EXTI_Callback))
<BR><BR>[Stack]<UL><LI>Max Depth = 8<LI>Call Chain = HAL_GPIO_EXTI_Callback
</UL>
<BR>[Called By]<UL><LI><a href="#[91]">&gt;&gt;</a>&nbsp;&nbsp;&nbsp;HAL_GPIO_EXTI_IRQHandler
</UL>

<P><STRONG><a name="[91]"></a>HAL_GPIO_EXTI_IRQHandler</STRONG> (Thumb, 24 bytes, Stack size 8 bytes, stm32f3xx_hal_gpio.o(i.HAL_GPIO_EXTI_IRQHandler))
<BR><BR>[Stack]<UL><LI>Max Depth = 16<LI>Call Chain = HAL_GPIO_EXTI_IRQHandler &rArr; HAL_GPIO_EXTI_Callback
</UL>
<BR>[Calls]<UL><LI><a href="#[92]">&gt;&gt;</a>&nbsp;&nbsp;&nbsp;HAL_GPIO_EXTI_Callback
</UL>
<BR>[Called By]<UL><LI><a href="#[32]">&gt;&gt;</a>&nbsp;&nbsp;&nbsp;EXTI15_10_IRQHandler
<LI><a href="#[10]">&gt;&gt;</a>&nbsp;&nbsp;&nbsp;EXTI0_IRQHandler
</UL>

<P><STRONG><a name="[9d]"></a>HAL_GPIO_Init</STRONG> (Thumb, 452 bytes, Stack size 20 bytes, stm32f3xx_hal_gpio.o(i.HAL_GPIO_Init))
<BR><BR>[Stack]<UL><LI>Max Depth = 20<LI>Call Chain = HAL_GPIO_Init
</UL>
<BR>[Called By]<UL><LI><a href="#[d0]">&gt;&gt;</a>&nbsp;&nbsp;&nbsp;MX_GPIO_Init
<LI><a href="#[bf]">&gt;&gt;</a>&nbsp;&nbsp;&nbsp;HAL_SPI_MspInit
<LI><a href="#[94]">&gt;&gt;</a>&nbsp;&nbsp;&nbsp;HAL_I2C_MspInit
<LI><a href="#[da]">&gt;&gt;</a>&nbsp;&nbsp;&nbsp;driverHWSPI1Init
<LI><a href="#[115]">&gt;&gt;</a>&nbsp;&nbsp;&nbsp;driverHWStatusInit
</UL>

<P><STRONG><a name="[d1]"></a>HAL_GPIO_WritePin</STRONG> (Thumb, 10 bytes, Stack size 0 bytes, stm32f3xx_hal_gpio.o(i.HAL_GPIO_WritePin))
<BR><BR>[Called By]<UL><LI><a href="#[d0]">&gt;&gt;</a>&nbsp;&nbsp;&nbsp;MX_GPIO_Init
<LI><a href="#[e1]">&gt;&gt;</a>&nbsp;&nbsp;&nbsp;driverHWSPI1SetCS
<LI><a href="#[da]">&gt;&gt;</a>&nbsp;&nbsp;&nbsp;driverHWSPI1Init
<LI><a href="#[114]">&gt;&gt;</a>&nbsp;&nbsp;&nbsp;driverHWSetOutput
</UL>

<P><STRONG><a name="[96]"></a>HAL_GetTick</STRONG> (Thumb, 6 bytes, Stack size 0 bytes, stm32f3xx_hal.o(i.HAL_GetTick))
<BR><BR>[Called By]<UL><LI><a href="#[9c]">&gt;&gt;</a>&nbsp;&nbsp;&nbsp;I2C_WaitOnTXISFlagUntilTimeout
<LI><a href="#[9a]">&gt;&gt;</a>&nbsp;&nbsp;&nbsp;I2C_WaitOnSTOPFlagUntilTimeout
<LI><a href="#[99]">&gt;&gt;</a>&nbsp;&nbsp;&nbsp;I2C_WaitOnRXNEFlagUntilTimeout
<LI><a href="#[97]">&gt;&gt;</a>&nbsp;&nbsp;&nbsp;I2C_WaitOnFlagUntilTimeout
<LI><a href="#[cd]">&gt;&gt;</a>&nbsp;&nbsp;&nbsp;I2C_IsAcknowledgeFailed
<LI><a href="#[122]">&gt;&gt;</a>&nbsp;&nbsp;&nbsp;modEffectTaskBlinkShort
<LI><a href="#[123]">&gt;&gt;</a>&nbsp;&nbsp;&nbsp;modEffectTaskBlinkLong
<LI><a href="#[ba]">&gt;&gt;</a>&nbsp;&nbsp;&nbsp;HAL_RCCEx_PeriphCLKConfig
<LI><a href="#[9b]">&gt;&gt;</a>&nbsp;&nbsp;&nbsp;HAL_I2C_Master_Transmit
<LI><a href="#[95]">&gt;&gt;</a>&nbsp;&nbsp;&nbsp;HAL_I2C_Master_Receive
<LI><a href="#[c0]">&gt;&gt;</a>&nbsp;&nbsp;&nbsp;HAL_SPI_TransmitReceive
<LI><a href="#[c1]">&gt;&gt;</a>&nbsp;&nbsp;&nbsp;SPI_WaitFlagStateUntilTimeout
<LI><a href="#[ea]">&gt;&gt;</a>&nbsp;&nbsp;&nbsp;SPI_WaitFifoStateUntilTimeout
<LI><a href="#[bd]">&gt;&gt;</a>&nbsp;&nbsp;&nbsp;HAL_RCC_OscConfig
<LI><a href="#[bb]">&gt;&gt;</a>&nbsp;&nbsp;&nbsp;HAL_RCC_ClockConfig
<LI><a href="#[117]">&gt;&gt;</a>&nbsp;&nbsp;&nbsp;modDelayTick1ms
<LI><a href="#[118]">&gt;&gt;</a>&nbsp;&nbsp;&nbsp;driverSWNunChuckInit
</UL>

<P><STRONG><a name="[10f]"></a>HAL_I2CEx_ConfigAnalogFilter</STRONG> (Thumb, 106 bytes, Stack size 0 bytes, stm32f3xx_hal_i2c_ex.o(i.HAL_I2CEx_ConfigAnalogFilter))
<BR><BR>[Called By]<UL><LI><a href="#[10e]">&gt;&gt;</a>&nbsp;&nbsp;&nbsp;driverHWI2C3Init
</UL>

<P><STRONG><a name="[93]"></a>HAL_I2C_Init</STRONG> (Thumb, 184 bytes, Stack size 8 bytes, stm32f3xx_hal_i2c.o(i.HAL_I2C_Init))
<BR><BR>[Stack]<UL><LI>Max Depth = 60<LI>Call Chain = HAL_I2C_Init &rArr; HAL_I2C_MspInit &rArr; HAL_GPIO_Init
</UL>
<BR>[Calls]<UL><LI><a href="#[94]">&gt;&gt;</a>&nbsp;&nbsp;&nbsp;HAL_I2C_MspInit
</UL>
<BR>[Called By]<UL><LI><a href="#[10e]">&gt;&gt;</a>&nbsp;&nbsp;&nbsp;driverHWI2C3Init
</UL>

<P><STRONG><a name="[95]"></a>HAL_I2C_Master_Receive</STRONG> (Thumb, 374 bytes, Stack size 32 bytes, stm32f3xx_hal_i2c.o(i.HAL_I2C_Master_Receive))
<BR><BR>[Stack]<UL><LI>Max Depth = 64<LI>Call Chain = HAL_I2C_Master_Receive &rArr; I2C_WaitOnSTOPFlagUntilTimeout &rArr; I2C_IsAcknowledgeFailed
</UL>
<BR>[Calls]<UL><LI><a href="#[9a]">&gt;&gt;</a>&nbsp;&nbsp;&nbsp;I2C_WaitOnSTOPFlagUntilTimeout
<LI><a href="#[99]">&gt;&gt;</a>&nbsp;&nbsp;&nbsp;I2C_WaitOnRXNEFlagUntilTimeout
<LI><a href="#[97]">&gt;&gt;</a>&nbsp;&nbsp;&nbsp;I2C_WaitOnFlagUntilTimeout
<LI><a href="#[98]">&gt;&gt;</a>&nbsp;&nbsp;&nbsp;I2C_TransferConfig
<LI><a href="#[96]">&gt;&gt;</a>&nbsp;&nbsp;&nbsp;HAL_GetTick
</UL>
<BR>[Called By]<UL><LI><a href="#[110]">&gt;&gt;</a>&nbsp;&nbsp;&nbsp;driverHWI2C3Read
</UL>

<P><STRONG><a name="[9b]"></a>HAL_I2C_Master_Transmit</STRONG> (Thumb, 368 bytes, Stack size 32 bytes, stm32f3xx_hal_i2c.o(i.HAL_I2C_Master_Transmit))
<BR><BR>[Stack]<UL><LI>Max Depth = 64<LI>Call Chain = HAL_I2C_Master_Transmit &rArr; I2C_WaitOnTXISFlagUntilTimeout &rArr; I2C_IsAcknowledgeFailed
</UL>
<BR>[Calls]<UL><LI><a href="#[9c]">&gt;&gt;</a>&nbsp;&nbsp;&nbsp;I2C_WaitOnTXISFlagUntilTimeout
<LI><a href="#[9a]">&gt;&gt;</a>&nbsp;&nbsp;&nbsp;I2C_WaitOnSTOPFlagUntilTimeout
<LI><a href="#[97]">&gt;&gt;</a>&nbsp;&nbsp;&nbsp;I2C_WaitOnFlagUntilTimeout
<LI><a href="#[98]">&gt;&gt;</a>&nbsp;&nbsp;&nbsp;I2C_TransferConfig
<LI><a href="#[96]">&gt;&gt;</a>&nbsp;&nbsp;&nbsp;HAL_GetTick
</UL>
<BR>[Called By]<UL><LI><a href="#[111]">&gt;&gt;</a>&nbsp;&nbsp;&nbsp;driverHWI2C3ReadWrite
</UL>

<P><STRONG><a name="[94]"></a>HAL_I2C_MspInit</STRONG> (Thumb, 166 bytes, Stack size 32 bytes, stm32f3xx_hal_msp.o(i.HAL_I2C_MspInit))
<BR><BR>[Stack]<UL><LI>Max Depth = 52<LI>Call Chain = HAL_I2C_MspInit &rArr; HAL_GPIO_Init
</UL>
<BR>[Calls]<UL><LI><a href="#[9d]">&gt;&gt;</a>&nbsp;&nbsp;&nbsp;HAL_GPIO_Init
</UL>
<BR>[Called By]<UL><LI><a href="#[93]">&gt;&gt;</a>&nbsp;&nbsp;&nbsp;HAL_I2C_Init
</UL>

<P><STRONG><a name="[eb]"></a>HAL_IncTick</STRONG> (Thumb, 12 bytes, Stack size 0 bytes, stm32f3xx_hal.o(i.HAL_IncTick))
<BR><BR>[Called By]<UL><LI><a href="#[9]">&gt;&gt;</a>&nbsp;&nbsp;&nbsp;SysTick_Handler
</UL>

<P><STRONG><a name="[9e]"></a>HAL_Init</STRONG> (Thumb, 34 bytes, Stack size 8 bytes, stm32f3xx_hal.o(i.HAL_Init))
<BR><BR>[Stack]<UL><LI>Max Depth = 72<LI>Call Chain = HAL_Init &rArr; HAL_InitTick &rArr; HAL_NVIC_SetPriority &rArr; NVIC_SetPriority
</UL>
<BR>[Calls]<UL><LI><a href="#[a1]">&gt;&gt;</a>&nbsp;&nbsp;&nbsp;HAL_MspInit
<LI><a href="#[a0]">&gt;&gt;</a>&nbsp;&nbsp;&nbsp;HAL_InitTick
<LI><a href="#[9f]">&gt;&gt;</a>&nbsp;&nbsp;&nbsp;HAL_NVIC_SetPriorityGrouping
</UL>
<BR>[Called By]<UL><LI><a href="#[54]">&gt;&gt;</a>&nbsp;&nbsp;&nbsp;main
</UL>

<P><STRONG><a name="[a0]"></a>HAL_InitTick</STRONG> (Thumb, 36 bytes, Stack size 16 bytes, stm32f3xx_hal.o(i.HAL_InitTick))
<BR><BR>[Stack]<UL><LI>Max Depth = 64<LI>Call Chain = HAL_InitTick &rArr; HAL_NVIC_SetPriority &rArr; NVIC_SetPriority
</UL>
<BR>[Calls]<UL><LI><a href="#[a2]">&gt;&gt;</a>&nbsp;&nbsp;&nbsp;HAL_SYSTICK_Config
<LI><a href="#[a3]">&gt;&gt;</a>&nbsp;&nbsp;&nbsp;HAL_NVIC_SetPriority
</UL>
<BR>[Called By]<UL><LI><a href="#[9e]">&gt;&gt;</a>&nbsp;&nbsp;&nbsp;HAL_Init
<LI><a href="#[bb]">&gt;&gt;</a>&nbsp;&nbsp;&nbsp;HAL_RCC_ClockConfig
</UL>

<P><STRONG><a name="[a1]"></a>HAL_MspInit</STRONG> (Thumb, 114 bytes, Stack size 8 bytes, stm32f3xx_hal_msp.o(i.HAL_MspInit))
<BR><BR>[Stack]<UL><LI>Max Depth = 56<LI>Call Chain = HAL_MspInit &rArr; HAL_NVIC_SetPriority &rArr; NVIC_SetPriority
</UL>
<BR>[Calls]<UL><LI><a href="#[9f]">&gt;&gt;</a>&nbsp;&nbsp;&nbsp;HAL_NVIC_SetPriorityGrouping
<LI><a href="#[a3]">&gt;&gt;</a>&nbsp;&nbsp;&nbsp;HAL_NVIC_SetPriority
</UL>
<BR>[Called By]<UL><LI><a href="#[9e]">&gt;&gt;</a>&nbsp;&nbsp;&nbsp;HAL_Init
</UL>

<P><STRONG><a name="[a3]"></a>HAL_NVIC_SetPriority</STRONG> (Thumb, 124 bytes, Stack size 40 bytes, stm32f3xx_hal_cortex.o(i.HAL_NVIC_SetPriority))
<BR><BR>[Stack]<UL><LI>Max Depth = 48<LI>Call Chain = HAL_NVIC_SetPriority &rArr; NVIC_SetPriority
</UL>
<BR>[Calls]<UL><LI><a href="#[a5]">&gt;&gt;</a>&nbsp;&nbsp;&nbsp;NVIC_SetPriority
<LI><a href="#[a4]">&gt;&gt;</a>&nbsp;&nbsp;&nbsp;NVIC_GetPriorityGrouping
</UL>
<BR>[Called By]<UL><LI><a href="#[ec]">&gt;&gt;</a>&nbsp;&nbsp;&nbsp;SystemClock_Config
<LI><a href="#[a1]">&gt;&gt;</a>&nbsp;&nbsp;&nbsp;HAL_MspInit
<LI><a href="#[a0]">&gt;&gt;</a>&nbsp;&nbsp;&nbsp;HAL_InitTick
</UL>

<P><STRONG><a name="[9f]"></a>HAL_NVIC_SetPriorityGrouping</STRONG> (Thumb, 32 bytes, Stack size 0 bytes, stm32f3xx_hal_cortex.o(i.HAL_NVIC_SetPriorityGrouping))
<BR><BR>[Called By]<UL><LI><a href="#[a1]">&gt;&gt;</a>&nbsp;&nbsp;&nbsp;HAL_MspInit
<LI><a href="#[9e]">&gt;&gt;</a>&nbsp;&nbsp;&nbsp;HAL_Init
</UL>

<P><STRONG><a name="[a6]"></a>HAL_PCD_DataInStageCallback</STRONG> (Thumb, 32 bytes, Stack size 16 bytes, usbd_conf.o(i.HAL_PCD_DataInStageCallback))
<BR><BR>[Stack]<UL><LI>Max Depth = 136<LI>Call Chain = HAL_PCD_DataInStageCallback &rArr; USBD_LL_DataInStage &rArr; USBD_CtlContinueSendData &rArr; USBD_LL_Transmit &rArr; HAL_PCD_EP_Transmit &rArr; PCD_WritePMA
</UL>
<BR>[Calls]<UL><LI><a href="#[a7]">&gt;&gt;</a>&nbsp;&nbsp;&nbsp;USBD_LL_DataInStage
</UL>
<BR>[Called By]<UL><LI><a href="#[ad]">&gt;&gt;</a>&nbsp;&nbsp;&nbsp;PCD_EP_ISR_Handler
</UL>

<P><STRONG><a name="[a8]"></a>HAL_PCD_DataOutStageCallback</STRONG> (Thumb, 32 bytes, Stack size 16 bytes, usbd_conf.o(i.HAL_PCD_DataOutStageCallback))
<BR><BR>[Stack]<UL><LI>Max Depth = 128<LI>Call Chain = HAL_PCD_DataOutStageCallback &rArr; USBD_LL_DataOutStage &rArr; USBD_CtlSendStatus &rArr; USBD_LL_Transmit &rArr; HAL_PCD_EP_Transmit &rArr; PCD_WritePMA
</UL>
<BR>[Calls]<UL><LI><a href="#[a9]">&gt;&gt;</a>&nbsp;&nbsp;&nbsp;USBD_LL_DataOutStage
</UL>
<BR>[Called By]<UL><LI><a href="#[ad]">&gt;&gt;</a>&nbsp;&nbsp;&nbsp;PCD_EP_ISR_Handler
</UL>

<P><STRONG><a name="[fe]"></a>HAL_PCD_EP_ClrStall</STRONG> (Thumb, 288 bytes, Stack size 16 bytes, stm32f3xx_hal_pcd.o(i.HAL_PCD_EP_ClrStall))
<BR><BR>[Stack]<UL><LI>Max Depth = 16<LI>Call Chain = HAL_PCD_EP_ClrStall
</UL>
<BR>[Called By]<UL><LI><a href="#[fd]">&gt;&gt;</a>&nbsp;&nbsp;&nbsp;USBD_LL_ClearStallEP
</UL>

<P><STRONG><a name="[101]"></a>HAL_PCD_EP_Open</STRONG> (Thumb, 1302 bytes, Stack size 24 bytes, stm32f3xx_hal_pcd.o(i.HAL_PCD_EP_Open))
<BR><BR>[Stack]<UL><LI>Max Depth = 24<LI>Call Chain = HAL_PCD_EP_Open
</UL>
<BR>[Called By]<UL><LI><a href="#[100]">&gt;&gt;</a>&nbsp;&nbsp;&nbsp;USBD_LL_OpenEP
</UL>

<P><STRONG><a name="[d3]"></a>HAL_PCD_EP_Receive</STRONG> (Thumb, 338 bytes, Stack size 20 bytes, stm32f3xx_hal_pcd.o(i.HAL_PCD_EP_Receive))
<BR><BR>[Stack]<UL><LI>Max Depth = 20<LI>Call Chain = HAL_PCD_EP_Receive
</UL>
<BR>[Called By]<UL><LI><a href="#[f4]">&gt;&gt;</a>&nbsp;&nbsp;&nbsp;USBD_LL_PrepareReceive
<LI><a href="#[ad]">&gt;&gt;</a>&nbsp;&nbsp;&nbsp;PCD_EP_ISR_Handler
</UL>

<P><STRONG><a name="[107]"></a>HAL_PCD_EP_SetStall</STRONG> (Thumb, 234 bytes, Stack size 16 bytes, stm32f3xx_hal_pcd.o(i.HAL_PCD_EP_SetStall))
<BR><BR>[Stack]<UL><LI>Max Depth = 16<LI>Call Chain = HAL_PCD_EP_SetStall
</UL>
<BR>[Called By]<UL><LI><a href="#[f7]">&gt;&gt;</a>&nbsp;&nbsp;&nbsp;USBD_LL_StallEP
</UL>

<P><STRONG><a name="[aa]"></a>HAL_PCD_EP_Transmit</STRONG> (Thumb, 312 bytes, Stack size 32 bytes, stm32f3xx_hal_pcd.o(i.HAL_PCD_EP_Transmit))
<BR><BR>[Stack]<UL><LI>Max Depth = 56<LI>Call Chain = HAL_PCD_EP_Transmit &rArr; PCD_WritePMA
</UL>
<BR>[Calls]<UL><LI><a href="#[ab]">&gt;&gt;</a>&nbsp;&nbsp;&nbsp;PCD_WritePMA
</UL>
<BR>[Called By]<UL><LI><a href="#[ad]">&gt;&gt;</a>&nbsp;&nbsp;&nbsp;PCD_EP_ISR_Handler
<LI><a href="#[f6]">&gt;&gt;</a>&nbsp;&nbsp;&nbsp;USBD_LL_Transmit
</UL>

<P><STRONG><a name="[ac]"></a>HAL_PCD_IRQHandler</STRONG> (Thumb, 356 bytes, Stack size 16 bytes, stm32f3xx_hal_pcd.o(i.HAL_PCD_IRQHandler))
<BR><BR>[Stack]<UL><LI>Max Depth = 208<LI>Call Chain = HAL_PCD_IRQHandler &rArr; PCD_EP_ISR_Handler &rArr; HAL_PCD_SetupStageCallback &rArr; USBD_LL_SetupStage &rArr; USBD_StdDevReq &rArr; USBD_GetDescriptor &rArr; USBD_CtlSendData &rArr; USBD_LL_Transmit &rArr; HAL_PCD_EP_Transmit &rArr; PCD_WritePMA
</UL>
<BR>[Calls]<UL><LI><a href="#[b1]">&gt;&gt;</a>&nbsp;&nbsp;&nbsp;HAL_PCD_SuspendCallback
<LI><a href="#[b2]">&gt;&gt;</a>&nbsp;&nbsp;&nbsp;HAL_PCD_SOFCallback
<LI><a href="#[b0]">&gt;&gt;</a>&nbsp;&nbsp;&nbsp;HAL_PCD_ResumeCallback
<LI><a href="#[ae]">&gt;&gt;</a>&nbsp;&nbsp;&nbsp;HAL_PCD_ResetCallback
<LI><a href="#[af]">&gt;&gt;</a>&nbsp;&nbsp;&nbsp;HAL_PCD_SetAddress
<LI><a href="#[ad]">&gt;&gt;</a>&nbsp;&nbsp;&nbsp;PCD_EP_ISR_Handler
</UL>
<BR>[Called By]<UL><LI><a href="#[4c]">&gt;&gt;</a>&nbsp;&nbsp;&nbsp;USB_LP_IRQHandler
</UL>

<P><STRONG><a name="[ae]"></a>HAL_PCD_ResetCallback</STRONG> (Thumb, 42 bytes, Stack size 16 bytes, usbd_conf.o(i.HAL_PCD_ResetCallback))
<BR><BR>[Stack]<UL><LI>Max Depth = 72<LI>Call Chain = HAL_PCD_ResetCallback &rArr; USBD_LL_Reset &rArr; USBD_LL_OpenEP &rArr; HAL_PCD_EP_Open
</UL>
<BR>[Calls]<UL><LI><a href="#[b3]">&gt;&gt;</a>&nbsp;&nbsp;&nbsp;USBD_LL_SetSpeed
<LI><a href="#[b4]">&gt;&gt;</a>&nbsp;&nbsp;&nbsp;USBD_LL_Reset
</UL>
<BR>[Called By]<UL><LI><a href="#[ac]">&gt;&gt;</a>&nbsp;&nbsp;&nbsp;HAL_PCD_IRQHandler
</UL>

<P><STRONG><a name="[b0]"></a>HAL_PCD_ResumeCallback</STRONG> (Thumb, 14 bytes, Stack size 8 bytes, usbd_conf.o(i.HAL_PCD_ResumeCallback))
<BR><BR>[Stack]<UL><LI>Max Depth = 8<LI>Call Chain = HAL_PCD_ResumeCallback
</UL>
<BR>[Calls]<UL><LI><a href="#[b5]">&gt;&gt;</a>&nbsp;&nbsp;&nbsp;USBD_LL_Resume
</UL>
<BR>[Called By]<UL><LI><a href="#[ac]">&gt;&gt;</a>&nbsp;&nbsp;&nbsp;HAL_PCD_IRQHandler
</UL>

<P><STRONG><a name="[b2]"></a>HAL_PCD_SOFCallback</STRONG> (Thumb, 14 bytes, Stack size 8 bytes, usbd_conf.o(i.HAL_PCD_SOFCallback))
<BR><BR>[Stack]<UL><LI>Max Depth = 16<LI>Call Chain = HAL_PCD_SOFCallback &rArr; USBD_LL_SOF
</UL>
<BR>[Calls]<UL><LI><a href="#[b6]">&gt;&gt;</a>&nbsp;&nbsp;&nbsp;USBD_LL_SOF
</UL>
<BR>[Called By]<UL><LI><a href="#[ac]">&gt;&gt;</a>&nbsp;&nbsp;&nbsp;HAL_PCD_IRQHandler
</UL>

<P><STRONG><a name="[af]"></a>HAL_PCD_SetAddress</STRONG> (Thumb, 54 bytes, Stack size 0 bytes, stm32f3xx_hal_pcd.o(i.HAL_PCD_SetAddress))
<BR><BR>[Called By]<UL><LI><a href="#[102]">&gt;&gt;</a>&nbsp;&nbsp;&nbsp;USBD_LL_SetUSBAddress
<LI><a href="#[ac]">&gt;&gt;</a>&nbsp;&nbsp;&nbsp;HAL_PCD_IRQHandler
</UL>

<P><STRONG><a name="[b7]"></a>HAL_PCD_SetupStageCallback</STRONG> (Thumb, 18 bytes, Stack size 8 bytes, usbd_conf.o(i.HAL_PCD_SetupStageCallback))
<BR><BR>[Stack]<UL><LI>Max Depth = 160<LI>Call Chain = HAL_PCD_SetupStageCallback &rArr; USBD_LL_SetupStage &rArr; USBD_StdDevReq &rArr; USBD_GetDescriptor &rArr; USBD_CtlSendData &rArr; USBD_LL_Transmit &rArr; HAL_PCD_EP_Transmit &rArr; PCD_WritePMA
</UL>
<BR>[Calls]<UL><LI><a href="#[b8]">&gt;&gt;</a>&nbsp;&nbsp;&nbsp;USBD_LL_SetupStage
</UL>
<BR>[Called By]<UL><LI><a href="#[ad]">&gt;&gt;</a>&nbsp;&nbsp;&nbsp;PCD_EP_ISR_Handler
</UL>

<P><STRONG><a name="[b1]"></a>HAL_PCD_SuspendCallback</STRONG> (Thumb, 30 bytes, Stack size 8 bytes, usbd_conf.o(i.HAL_PCD_SuspendCallback))
<BR><BR>[Stack]<UL><LI>Max Depth = 8<LI>Call Chain = HAL_PCD_SuspendCallback
</UL>
<BR>[Calls]<UL><LI><a href="#[b9]">&gt;&gt;</a>&nbsp;&nbsp;&nbsp;USBD_LL_Suspend
</UL>
<BR>[Called By]<UL><LI><a href="#[ac]">&gt;&gt;</a>&nbsp;&nbsp;&nbsp;HAL_PCD_IRQHandler
</UL>

<P><STRONG><a name="[ba]"></a>HAL_RCCEx_PeriphCLKConfig</STRONG> (Thumb, 926 bytes, Stack size 24 bytes, stm32f3xx_hal_rcc_ex.o(i.HAL_RCCEx_PeriphCLKConfig))
<BR><BR>[Stack]<UL><LI>Max Depth = 24<LI>Call Chain = HAL_RCCEx_PeriphCLKConfig
</UL>
<BR>[Calls]<UL><LI><a href="#[96]">&gt;&gt;</a>&nbsp;&nbsp;&nbsp;HAL_GetTick
</UL>
<BR>[Called By]<UL><LI><a href="#[ec]">&gt;&gt;</a>&nbsp;&nbsp;&nbsp;SystemClock_Config
</UL>

<P><STRONG><a name="[bb]"></a>HAL_RCC_ClockConfig</STRONG> (Thumb, 732 bytes, Stack size 16 bytes, stm32f3xx_hal_rcc.o(i.HAL_RCC_ClockConfig))
<BR><BR>[Stack]<UL><LI>Max Depth = 80<LI>Call Chain = HAL_RCC_ClockConfig &rArr; HAL_InitTick &rArr; HAL_NVIC_SetPriority &rArr; NVIC_SetPriority
</UL>
<BR>[Calls]<UL><LI><a href="#[bc]">&gt;&gt;</a>&nbsp;&nbsp;&nbsp;HAL_RCC_GetSysClockFreq
<LI><a href="#[96]">&gt;&gt;</a>&nbsp;&nbsp;&nbsp;HAL_GetTick
<LI><a href="#[a0]">&gt;&gt;</a>&nbsp;&nbsp;&nbsp;HAL_InitTick
</UL>
<BR>[Called By]<UL><LI><a href="#[ec]">&gt;&gt;</a>&nbsp;&nbsp;&nbsp;SystemClock_Config
</UL>

<P><STRONG><a name="[ee]"></a>HAL_RCC_GetHCLKFreq</STRONG> (Thumb, 6 bytes, Stack size 0 bytes, stm32f3xx_hal_rcc.o(i.HAL_RCC_GetHCLKFreq))
<BR><BR>[Called By]<UL><LI><a href="#[ec]">&gt;&gt;</a>&nbsp;&nbsp;&nbsp;SystemClock_Config
</UL>

<P><STRONG><a name="[bc]"></a>HAL_RCC_GetSysClockFreq</STRONG> (Thumb, 130 bytes, Stack size 16 bytes, stm32f3xx_hal_rcc.o(i.HAL_RCC_GetSysClockFreq))
<BR><BR>[Stack]<UL><LI>Max Depth = 16<LI>Call Chain = HAL_RCC_GetSysClockFreq
</UL>
<BR>[Called By]<UL><LI><a href="#[bb]">&gt;&gt;</a>&nbsp;&nbsp;&nbsp;HAL_RCC_ClockConfig
</UL>

<P><STRONG><a name="[bd]"></a>HAL_RCC_OscConfig</STRONG> (Thumb, 2558 bytes, Stack size 24 bytes, stm32f3xx_hal_rcc.o(i.HAL_RCC_OscConfig))
<BR><BR>[Stack]<UL><LI>Max Depth = 24<LI>Call Chain = HAL_RCC_OscConfig
</UL>
<BR>[Calls]<UL><LI><a href="#[96]">&gt;&gt;</a>&nbsp;&nbsp;&nbsp;HAL_GetTick
</UL>
<BR>[Called By]<UL><LI><a href="#[ec]">&gt;&gt;</a>&nbsp;&nbsp;&nbsp;SystemClock_Config
</UL>

<P><STRONG><a name="[be]"></a>HAL_SPI_Init</STRONG> (Thumb, 206 bytes, Stack size 16 bytes, stm32f3xx_hal_spi.o(i.HAL_SPI_Init))
<BR><BR>[Stack]<UL><LI>Max Depth = 68<LI>Call Chain = HAL_SPI_Init &rArr; HAL_SPI_MspInit &rArr; HAL_GPIO_Init
</UL>
<BR>[Calls]<UL><LI><a href="#[bf]">&gt;&gt;</a>&nbsp;&nbsp;&nbsp;HAL_SPI_MspInit
</UL>
<BR>[Called By]<UL><LI><a href="#[da]">&gt;&gt;</a>&nbsp;&nbsp;&nbsp;driverHWSPI1Init
</UL>

<P><STRONG><a name="[bf]"></a>HAL_SPI_MspInit</STRONG> (Thumb, 144 bytes, Stack size 32 bytes, stm32f3xx_hal_msp.o(i.HAL_SPI_MspInit))
<BR><BR>[Stack]<UL><LI>Max Depth = 52<LI>Call Chain = HAL_SPI_MspInit &rArr; HAL_GPIO_Init
</UL>
<BR>[Calls]<UL><LI><a href="#[9d]">&gt;&gt;</a>&nbsp;&nbsp;&nbsp;HAL_GPIO_Init
</UL>
<BR>[Called By]<UL><LI><a href="#[be]">&gt;&gt;</a>&nbsp;&nbsp;&nbsp;HAL_SPI_Init
</UL>

<P><STRONG><a name="[c0]"></a>HAL_SPI_TransmitReceive</STRONG> (Thumb, 836 bytes, Stack size 40 bytes, stm32f3xx_hal_spi.o(i.HAL_SPI_TransmitReceive))
<BR><BR>[Stack]<UL><LI>Max Depth = 88<LI>Call Chain = HAL_SPI_TransmitReceive &rArr; SPI_EndRxTxTransaction &rArr; SPI_WaitFifoStateUntilTimeout
</UL>
<BR>[Calls]<UL><LI><a href="#[96]">&gt;&gt;</a>&nbsp;&nbsp;&nbsp;HAL_GetTick
<LI><a href="#[c1]">&gt;&gt;</a>&nbsp;&nbsp;&nbsp;SPI_WaitFlagStateUntilTimeout
<LI><a href="#[c2]">&gt;&gt;</a>&nbsp;&nbsp;&nbsp;SPI_EndRxTxTransaction
</UL>
<BR>[Called By]<UL><LI><a href="#[e0]">&gt;&gt;</a>&nbsp;&nbsp;&nbsp;driverHWSPI1WriteRead
<LI><a href="#[e7]">&gt;&gt;</a>&nbsp;&nbsp;&nbsp;driverHWSPI1Write
</UL>

<P><STRONG><a name="[ef]"></a>HAL_SYSTICK_CLKSourceConfig</STRONG> (Thumb, 40 bytes, Stack size 0 bytes, stm32f3xx_hal_cortex.o(i.HAL_SYSTICK_CLKSourceConfig))
<BR><BR>[Called By]<UL><LI><a href="#[ec]">&gt;&gt;</a>&nbsp;&nbsp;&nbsp;SystemClock_Config
</UL>

<P><STRONG><a name="[c4]"></a>HAL_SYSTICK_Callback</STRONG> (Thumb, 2 bytes, Stack size 0 bytes, stm32f3xx_hal_cortex.o(i.HAL_SYSTICK_Callback))
<BR><BR>[Called By]<UL><LI><a href="#[c3]">&gt;&gt;</a>&nbsp;&nbsp;&nbsp;HAL_SYSTICK_IRQHandler
</UL>

<P><STRONG><a name="[a2]"></a>HAL_SYSTICK_Config</STRONG> (Thumb, 52 bytes, Stack size 16 bytes, stm32f3xx_hal_cortex.o(i.HAL_SYSTICK_Config))
<BR><BR>[Stack]<UL><LI>Max Depth = 24<LI>Call Chain = HAL_SYSTICK_Config &rArr; NVIC_SetPriority
</UL>
<BR>[Calls]<UL><LI><a href="#[a5]">&gt;&gt;</a>&nbsp;&nbsp;&nbsp;NVIC_SetPriority
</UL>
<BR>[Called By]<UL><LI><a href="#[ec]">&gt;&gt;</a>&nbsp;&nbsp;&nbsp;SystemClock_Config
<LI><a href="#[a0]">&gt;&gt;</a>&nbsp;&nbsp;&nbsp;HAL_InitTick
</UL>

<P><STRONG><a name="[c3]"></a>HAL_SYSTICK_IRQHandler</STRONG> (Thumb, 8 bytes, Stack size 8 bytes, stm32f3xx_hal_cortex.o(i.HAL_SYSTICK_IRQHandler))
<BR><BR>[Stack]<UL><LI>Max Depth = 8<LI>Call Chain = HAL_SYSTICK_IRQHandler
</UL>
<BR>[Calls]<UL><LI><a href="#[c4]">&gt;&gt;</a>&nbsp;&nbsp;&nbsp;HAL_SYSTICK_Callback
</UL>
<BR>[Called By]<UL><LI><a href="#[9]">&gt;&gt;</a>&nbsp;&nbsp;&nbsp;SysTick_Handler
</UL>

<P><STRONG><a name="[ca]"></a>HAL_TIMEx_BreakCallback</STRONG> (Thumb, 2 bytes, Stack size 0 bytes, stm32f3xx_hal_tim_ex.o(i.HAL_TIMEx_BreakCallback))
<BR><BR>[Called By]<UL><LI><a href="#[c5]">&gt;&gt;</a>&nbsp;&nbsp;&nbsp;HAL_TIM_IRQHandler
</UL>

<P><STRONG><a name="[cc]"></a>HAL_TIMEx_CommutationCallback</STRONG> (Thumb, 2 bytes, Stack size 0 bytes, stm32f3xx_hal_tim_ex.o(i.HAL_TIMEx_CommutationCallback))
<BR><BR>[Called By]<UL><LI><a href="#[c5]">&gt;&gt;</a>&nbsp;&nbsp;&nbsp;HAL_TIM_IRQHandler
</UL>

<P><STRONG><a name="[c6]"></a>HAL_TIM_IC_CaptureCallback</STRONG> (Thumb, 2 bytes, Stack size 0 bytes, stm32f3xx_hal_tim.o(i.HAL_TIM_IC_CaptureCallback))
<BR><BR>[Called By]<UL><LI><a href="#[c5]">&gt;&gt;</a>&nbsp;&nbsp;&nbsp;HAL_TIM_IRQHandler
</UL>

<P><STRONG><a name="[c5]"></a>HAL_TIM_IRQHandler</STRONG> (Thumb, 406 bytes, Stack size 8 bytes, stm32f3xx_hal_tim.o(i.HAL_TIM_IRQHandler))
<BR><BR>[Stack]<UL><LI>Max Depth = 16<LI>Call Chain = HAL_TIM_IRQHandler &rArr; HAL_TIM_PeriodElapsedCallback
</UL>
<BR>[Calls]<UL><LI><a href="#[cc]">&gt;&gt;</a>&nbsp;&nbsp;&nbsp;HAL_TIMEx_CommutationCallback
<LI><a href="#[ca]">&gt;&gt;</a>&nbsp;&nbsp;&nbsp;HAL_TIMEx_BreakCallback
<LI><a href="#[c9]">&gt;&gt;</a>&nbsp;&nbsp;&nbsp;HAL_TIM_PeriodElapsedCallback
<LI><a href="#[cb]">&gt;&gt;</a>&nbsp;&nbsp;&nbsp;HAL_TIM_TriggerCallback
<LI><a href="#[c8]">&gt;&gt;</a>&nbsp;&nbsp;&nbsp;HAL_TIM_PWM_PulseFinishedCallback
<LI><a href="#[c7]">&gt;&gt;</a>&nbsp;&nbsp;&nbsp;HAL_TIM_OC_DelayElapsedCallback
<LI><a href="#[c6]">&gt;&gt;</a>&nbsp;&nbsp;&nbsp;HAL_TIM_IC_CaptureCallback
</UL>
<BR>[Called By]<UL><LI><a href="#[26]">&gt;&gt;</a>&nbsp;&nbsp;&nbsp;TIM2_IRQHandler
</UL>

<P><STRONG><a name="[c7]"></a>HAL_TIM_OC_DelayElapsedCallback</STRONG> (Thumb, 2 bytes, Stack size 0 bytes, stm32f3xx_hal_tim.o(i.HAL_TIM_OC_DelayElapsedCallback))
<BR><BR>[Called By]<UL><LI><a href="#[c5]">&gt;&gt;</a>&nbsp;&nbsp;&nbsp;HAL_TIM_IRQHandler
</UL>

<P><STRONG><a name="[c8]"></a>HAL_TIM_PWM_PulseFinishedCallback</STRONG> (Thumb, 2 bytes, Stack size 0 bytes, stm32f3xx_hal_tim.o(i.HAL_TIM_PWM_PulseFinishedCallback))
<BR><BR>[Called By]<UL><LI><a href="#[c5]">&gt;&gt;</a>&nbsp;&nbsp;&nbsp;HAL_TIM_IRQHandler
</UL>

<P><STRONG><a name="[c9]"></a>HAL_TIM_PeriodElapsedCallback</STRONG> (Thumb, 40 bytes, Stack size 8 bytes, driverhwecatticktimer.o(i.HAL_TIM_PeriodElapsedCallback))
<BR><BR>[Stack]<UL><LI>Max Depth = 8<LI>Call Chain = HAL_TIM_PeriodElapsedCallback
</UL>
[...]
<LI><a href="#[ec]">&gt;&gt;</a>&nbsp;&nbsp;&nbsp;SystemClock_Config
<LI><a href="#[d0]">&gt;&gt;</a>&nbsp;&nbsp;&nbsp;MX_GPIO_Init
<LI><a href="#[9e]">&gt;&gt;</a>&nbsp;&nbsp;&nbsp;HAL_Init
<LI><a href="#[118]">&gt;&gt;</a>&nbsp;&nbsp;&nbsp;driverSWNunChuckInit
<LI><a href="#[116]">&gt;&gt;</a>&nbsp;&nbsp;&nbsp;driverSWNunChuckGetData
</UL>
<BR>[Address Reference Count : 1]<UL><LI> entry9a.o(.ARM.Collect$$$$0000000B)
</UL>
<P><STRONG><a name="[112]"></a>malloc</STRONG> (Thumb, 92 bytes, Stack size 20 bytes, malloc.o(i.malloc))
<BR><BR>[Stack]<UL><LI>Max Depth = 20<LI>Call Chain = malloc
</UL>
<BR>[Called By]<UL><LI><a href="#[e0]">&gt;&gt;</a>&nbsp;&nbsp;&nbsp;driverHWSPI1WriteRead
<LI><a href="#[e7]">&gt;&gt;</a>&nbsp;&nbsp;&nbsp;driverHWSPI1Write
</UL>

<P><STRONG><a name="[11b]"></a>middleSOESInit</STRONG> (Thumb, 116 bytes, Stack size 8 bytes, middlesoes.o(i.middleSOESInit))
<BR><BR>[Stack]<UL><LI>Max Depth = 280<LI>Call Chain = middleSOESInit &rArr; ESC_stopoutput &rArr; ESC_SMdisable &rArr; ESC_SMwritepdi &rArr; ESC_write &rArr; PDIWriteReg &rArr; SPIWritePDRamRegister &rArr; SPIReadDWord &rArr; driverHWSPI1WriteRead &rArr; HAL_SPI_TransmitReceive &rArr; SPI_EndRxTxTransaction &rArr; SPI_WaitFifoStateUntilTimeout
</UL>
<BR>[Calls]<UL><LI><a href="#[84]">&gt;&gt;</a>&nbsp;&nbsp;&nbsp;sizeTXPDO
<LI><a href="#[83]">&gt;&gt;</a>&nbsp;&nbsp;&nbsp;sizeRXPDO
<LI><a href="#[60]">&gt;&gt;</a>&nbsp;&nbsp;&nbsp;ESC_stopoutput
<LI><a href="#[8d]">&gt;&gt;</a>&nbsp;&nbsp;&nbsp;ESC_stopmbx
<LI><a href="#[8c]">&gt;&gt;</a>&nbsp;&nbsp;&nbsp;ESC_stopinput
<LI><a href="#[11e]">&gt;&gt;</a>&nbsp;&nbsp;&nbsp;ESC_reset
<LI><a href="#[68]">&gt;&gt;</a>&nbsp;&nbsp;&nbsp;ESC_read
<LI><a href="#[7c]">&gt;&gt;</a>&nbsp;&nbsp;&nbsp;ESC_init
<LI><a href="#[62]">&gt;&gt;</a>&nbsp;&nbsp;&nbsp;ESC_ALstatus
<LI><a href="#[61]">&gt;&gt;</a>&nbsp;&nbsp;&nbsp;ESC_ALerror
<LI><a href="#[d5]">&gt;&gt;</a>&nbsp;&nbsp;&nbsp;PDIReadLAN9252DirectReg
</UL>
<BR>[Called By]<UL><LI><a href="#[54]">&gt;&gt;</a>&nbsp;&nbsp;&nbsp;main
</UL>

<P><STRONG><a name="[11d]"></a>middleSOESTask</STRONG> (Thumb, 90 bytes, Stack size 8 bytes, middlesoes.o(i.middleSOESTask))
<BR><BR>[Stack]<UL><LI>Max Depth = 328<LI>Call Chain = middleSOESTask &rArr; ESC_state &rArr; ESC_startmbxboot &rArr; ESC_checkmbxboot &rArr; ESC_SMdisable &rArr; ESC_SMwritepdi &rArr; ESC_write &rArr; PDIWriteReg &rArr; SPIWritePDRamRegister &rArr; SPIReadDWord &rArr; driverHWSPI1WriteRead &rArr; HAL_SPI_TransmitReceive &rArr; SPI_EndRxTxTransaction &rArr; SPI_WaitFifoStateUntilTimeout
</UL>
<BR>[Calls]<UL><LI><a href="#[5d]">&gt;&gt;</a>&nbsp;&nbsp;&nbsp;DIG_process
<LI><a href="#[72]">&gt;&gt;</a>&nbsp;&nbsp;&nbsp;ESC_coeprocess
<LI><a href="#[90]">&gt;&gt;</a>&nbsp;&nbsp;&nbsp;ESC_xoeprocess
<LI><a href="#[8b]">&gt;&gt;</a>&nbsp;&nbsp;&nbsp;ESC_state
<LI><a href="#[68]">&gt;&gt;</a>&nbsp;&nbsp;&nbsp;ESC_read
<LI><a href="#[7e]">&gt;&gt;</a>&nbsp;&nbsp;&nbsp;ESC_mbxprocess
<LI><a href="#[65]">&gt;&gt;</a>&nbsp;&nbsp;&nbsp;ESC_ReadAlEvent
</UL>
<BR>[Called By]<UL><LI><a href="#[54]">&gt;&gt;</a>&nbsp;&nbsp;&nbsp;main
</UL>

<P><STRONG><a name="[119]"></a>modDelayInit</STRONG> (Thumb, 2 bytes, Stack size 0 bytes, moddelay.o(i.modDelayInit))
<BR><BR>[Called By]<UL><LI><a href="#[11a]">&gt;&gt;</a>&nbsp;&nbsp;&nbsp;modEffectInit
<LI><a href="#[54]">&gt;&gt;</a>&nbsp;&nbsp;&nbsp;main
</UL>

<P><STRONG><a name="[11f]"></a>modDelayTick100ms</STRONG> (Thumb, 52 bytes, Stack size 16 bytes, moddelay.o(i.modDelayTick100ms))
<BR><BR>[Stack]<UL><LI>Max Depth = 32<LI>Call Chain = modDelayTick100ms &rArr; modDelayTick1ms
</UL>
<BR>[Calls]<UL><LI><a href="#[117]">&gt;&gt;</a>&nbsp;&nbsp;&nbsp;modDelayTick1ms
</UL>
<BR>[Called By]<UL><LI><a href="#[120]">&gt;&gt;</a>&nbsp;&nbsp;&nbsp;modEffectTaskFlash
</UL>

<P><STRONG><a name="[117]"></a>modDelayTick1ms</STRONG> (Thumb, 32 bytes, Stack size 16 bytes, moddelay.o(i.modDelayTick1ms))
<BR><BR>[Stack]<UL><LI>Max Depth = 16<LI>Call Chain = modDelayTick1ms
</UL>
<BR>[Calls]<UL><LI><a href="#[96]">&gt;&gt;</a>&nbsp;&nbsp;&nbsp;HAL_GetTick
</UL>
<BR>[Called By]<UL><LI><a href="#[121]">&gt;&gt;</a>&nbsp;&nbsp;&nbsp;modEffectTaskFlashFast
<LI><a href="#[122]">&gt;&gt;</a>&nbsp;&nbsp;&nbsp;modEffectTaskBlinkShort
<LI><a href="#[123]">&gt;&gt;</a>&nbsp;&nbsp;&nbsp;modEffectTaskBlinkLong
<LI><a href="#[11f]">&gt;&gt;</a>&nbsp;&nbsp;&nbsp;modDelayTick100ms
<LI><a href="#[118]">&gt;&gt;</a>&nbsp;&nbsp;&nbsp;driverSWNunChuckInit
<LI><a href="#[116]">&gt;&gt;</a>&nbsp;&nbsp;&nbsp;driverSWNunChuckGetData
</UL>

<P><STRONG><a name="[5f]"></a>modEffectChangeState</STRONG> (Thumb, 48 bytes, Stack size 0 bytes, modeffect.o(i.modEffectChangeState))
<BR><BR>[Called By]<UL><LI><a href="#[5d]">&gt;&gt;</a>&nbsp;&nbsp;&nbsp;DIG_process
</UL>

<P><STRONG><a name="[11a]"></a>modEffectInit</STRONG> (Thumb, 12 bytes, Stack size 8 bytes, modeffect.o(i.modEffectInit))
<BR><BR>[Stack]<UL><LI>Max Depth = 60<LI>Call Chain = modEffectInit &rArr; driverHWStatusInit &rArr; HAL_GPIO_Init
</UL>
<BR>[Calls]<UL><LI><a href="#[119]">&gt;&gt;</a>&nbsp;&nbsp;&nbsp;modDelayInit
<LI><a href="#[115]">&gt;&gt;</a>&nbsp;&nbsp;&nbsp;driverHWStatusInit
</UL>
<BR>[Called By]<UL><LI><a href="#[54]">&gt;&gt;</a>&nbsp;&nbsp;&nbsp;main
</UL>

<P><STRONG><a name="[11c]"></a>modEffectTask</STRONG> (Thumb, 138 bytes, Stack size 16 bytes, modeffect.o(i.modEffectTask))
<BR><BR>[Stack]<UL><LI>Max Depth = 56<LI>Call Chain = modEffectTask &rArr; modEffectTaskFlash &rArr; modDelayTick100ms &rArr; modDelayTick1ms
</UL>
<BR>[Calls]<UL><LI><a href="#[121]">&gt;&gt;</a>&nbsp;&nbsp;&nbsp;modEffectTaskFlashFast
<LI><a href="#[120]">&gt;&gt;</a>&nbsp;&nbsp;&nbsp;modEffectTaskFlash
<LI><a href="#[122]">&gt;&gt;</a>&nbsp;&nbsp;&nbsp;modEffectTaskBlinkShort
<LI><a href="#[123]">&gt;&gt;</a>&nbsp;&nbsp;&nbsp;modEffectTaskBlinkLong
<LI><a href="#[114]">&gt;&gt;</a>&nbsp;&nbsp;&nbsp;driverHWSetOutput
</UL>
<BR>[Called By]<UL><LI><a href="#[54]">&gt;&gt;</a>&nbsp;&nbsp;&nbsp;main
</UL>

<P><STRONG><a name="[123]"></a>modEffectTaskBlinkLong</STRONG> (Thumb, 118 bytes, Stack size 16 bytes, modeffect.o(i.modEffectTaskBlinkLong))
<BR><BR>[Stack]<UL><LI>Max Depth = 32<LI>Call Chain = modEffectTaskBlinkLong &rArr; modDelayTick1ms
</UL>
<BR>[Calls]<UL><LI><a href="#[96]">&gt;&gt;</a>&nbsp;&nbsp;&nbsp;HAL_GetTick
<LI><a href="#[117]">&gt;&gt;</a>&nbsp;&nbsp;&nbsp;modDelayTick1ms
</UL>
<BR>[Called By]<UL><LI><a href="#[11c]">&gt;&gt;</a>&nbsp;&nbsp;&nbsp;modEffectTask
</UL>

<P><STRONG><a name="[122]"></a>modEffectTaskBlinkShort</STRONG> (Thumb, 118 bytes, Stack size 16 bytes, modeffect.o(i.modEffectTaskBlinkShort))
<BR><BR>[Stack]<UL><LI>Max Depth = 32<LI>Call Chain = modEffectTaskBlinkShort &rArr; modDelayTick1ms
</UL>
<BR>[Calls]<UL><LI><a href="#[96]">&gt;&gt;</a>&nbsp;&nbsp;&nbsp;HAL_GetTick
<LI><a href="#[117]">&gt;&gt;</a>&nbsp;&nbsp;&nbsp;modDelayTick1ms
</UL>
<BR>[Called By]<UL><LI><a href="#[11c]">&gt;&gt;</a>&nbsp;&nbsp;&nbsp;modEffectTask
</UL>

<P><STRONG><a name="[120]"></a>modEffectTaskFlash</STRONG> (Thumb, 38 bytes, Stack size 8 bytes, modeffect.o(i.modEffectTaskFlash))
<BR><BR>[Stack]<UL><LI>Max Depth = 40<LI>Call Chain = modEffectTaskFlash &rArr; modDelayTick100ms &rArr; modDelayTick1ms
</UL>
<BR>[Calls]<UL><LI><a href="#[11f]">&gt;&gt;</a>&nbsp;&nbsp;&nbsp;modDelayTick100ms
</UL>
<BR>[Called By]<UL><LI><a href="#[11c]">&gt;&gt;</a>&nbsp;&nbsp;&nbsp;modEffectTask
</UL>

<P><STRONG><a name="[121]"></a>modEffectTaskFlashFast</STRONG> (Thumb, 38 bytes, Stack size 8 bytes, modeffect.o(i.modEffectTaskFlashFast))
<BR><BR>[Stack]<UL><LI>Max Depth = 24<LI>Call Chain = modEffectTaskFlashFast &rArr; modDelayTick1ms
</UL>
<BR>[Calls]<UL><LI><a href="#[117]">&gt;&gt;</a>&nbsp;&nbsp;&nbsp;modDelayTick1ms
</UL>
<BR>[Called By]<UL><LI><a href="#[11c]">&gt;&gt;</a>&nbsp;&nbsp;&nbsp;modEffectTask
</UL>

<P><STRONG><a name="[83]"></a>sizeRXPDO</STRONG> (Thumb, 156 bytes, Stack size 36 bytes, esc_coe.o(i.sizeRXPDO))
<BR><BR>[Stack]<UL><LI>Max Depth = 36<LI>Call Chain = sizeRXPDO
</UL>
<BR>[Calls]<UL><LI><a href="#[db]">&gt;&gt;</a>&nbsp;&nbsp;&nbsp;SDO_findobject
</UL>
<BR>[Called By]<UL><LI><a href="#[11b]">&gt;&gt;</a>&nbsp;&nbsp;&nbsp;middleSOESInit
<LI><a href="#[82]">&gt;&gt;</a>&nbsp;&nbsp;&nbsp;ESC_objecthandler
<LI><a href="#[8b]">&gt;&gt;</a>&nbsp;&nbsp;&nbsp;ESC_state
</UL>

<P><STRONG><a name="[84]"></a>sizeTXPDO</STRONG> (Thumb, 156 bytes, Stack size 36 bytes, esc_coe.o(i.sizeTXPDO))
<BR><BR>[Stack]<UL><LI>Max Depth = 36<LI>Call Chain = sizeTXPDO
</UL>
<BR>[Calls]<UL><LI><a href="#[db]">&gt;&gt;</a>&nbsp;&nbsp;&nbsp;SDO_findobject
</UL>
<BR>[Called By]<UL><LI><a href="#[11b]">&gt;&gt;</a>&nbsp;&nbsp;&nbsp;middleSOESInit
<LI><a href="#[82]">&gt;&gt;</a>&nbsp;&nbsp;&nbsp;ESC_objecthandler
<LI><a href="#[8b]">&gt;&gt;</a>&nbsp;&nbsp;&nbsp;ESC_state
</UL>
<P>
<H3>
Local Symbols
</H3>
<P><STRONG><a name="[ce]"></a>I2C_Flush_TXDR</STRONG> (Thumb, 40 bytes, Stack size 0 bytes, stm32f3xx_hal_i2c.o(i.I2C_Flush_TXDR))
<BR><BR>[Called By]<UL><LI><a href="#[cd]">&gt;&gt;</a>&nbsp;&nbsp;&nbsp;I2C_IsAcknowledgeFailed
</UL>

<P><STRONG><a name="[cd]"></a>I2C_IsAcknowledgeFailed</STRONG> (Thumb, 136 bytes, Stack size 16 bytes, stm32f3xx_hal_i2c.o(i.I2C_IsAcknowledgeFailed))
<BR><BR>[Stack]<UL><LI>Max Depth = 16<LI>Call Chain = I2C_IsAcknowledgeFailed
</UL>
<BR>[Calls]<UL><LI><a href="#[ce]">&gt;&gt;</a>&nbsp;&nbsp;&nbsp;I2C_Flush_TXDR
<LI><a href="#[96]">&gt;&gt;</a>&nbsp;&nbsp;&nbsp;HAL_GetTick
</UL>
<BR>[Called By]<UL><LI><a href="#[9c]">&gt;&gt;</a>&nbsp;&nbsp;&nbsp;I2C_WaitOnTXISFlagUntilTimeout
<LI><a href="#[9a]">&gt;&gt;</a>&nbsp;&nbsp;&nbsp;I2C_WaitOnSTOPFlagUntilTimeout
<LI><a href="#[99]">&gt;&gt;</a>&nbsp;&nbsp;&nbsp;I2C_WaitOnRXNEFlagUntilTimeout
</UL>

<P><STRONG><a name="[98]"></a>I2C_TransferConfig</STRONG> (Thumb, 42 bytes, Stack size 20 bytes, stm32f3xx_hal_i2c.o(i.I2C_TransferConfig))
<BR><BR>[Stack]<UL><LI>Max Depth = 20<LI>Call Chain = I2C_TransferConfig
</UL>
<BR>[Called By]<UL><LI><a href="#[9b]">&gt;&gt;</a>&nbsp;&nbsp;&nbsp;HAL_I2C_Master_Transmit
<LI><a href="#[95]">&gt;&gt;</a>&nbsp;&nbsp;&nbsp;HAL_I2C_Master_Receive
</UL>

<P><STRONG><a name="[97]"></a>I2C_WaitOnFlagUntilTimeout</STRONG> (Thumb, 86 bytes, Stack size 24 bytes, stm32f3xx_hal_i2c.o(i.I2C_WaitOnFlagUntilTimeout))
<BR><BR>[Stack]<UL><LI>Max Depth = 24<LI>Call Chain = I2C_WaitOnFlagUntilTimeout
</UL>
<BR>[Calls]<UL><LI><a href="#[96]">&gt;&gt;</a>&nbsp;&nbsp;&nbsp;HAL_GetTick
</UL>
<BR>[Called By]<UL><LI><a href="#[9b]">&gt;&gt;</a>&nbsp;&nbsp;&nbsp;HAL_I2C_Master_Transmit
<LI><a href="#[95]">&gt;&gt;</a>&nbsp;&nbsp;&nbsp;HAL_I2C_Master_Receive
</UL>

<P><STRONG><a name="[99]"></a>I2C_WaitOnRXNEFlagUntilTimeout</STRONG> (Thumb, 138 bytes, Stack size 16 bytes, stm32f3xx_hal_i2c.o(i.I2C_WaitOnRXNEFlagUntilTimeout))
<BR><BR>[Stack]<UL><LI>Max Depth = 32<LI>Call Chain = I2C_WaitOnRXNEFlagUntilTimeout &rArr; I2C_IsAcknowledgeFailed
</UL>
<BR>[Calls]<UL><LI><a href="#[cd]">&gt;&gt;</a>&nbsp;&nbsp;&nbsp;I2C_IsAcknowledgeFailed
<LI><a href="#[96]">&gt;&gt;</a>&nbsp;&nbsp;&nbsp;HAL_GetTick
</UL>
<BR>[Called By]<UL><LI><a href="#[95]">&gt;&gt;</a>&nbsp;&nbsp;&nbsp;HAL_I2C_Master_Receive
</UL>

<P><STRONG><a name="[9a]"></a>I2C_WaitOnSTOPFlagUntilTimeout</STRONG> (Thumb, 86 bytes, Stack size 16 bytes, stm32f3xx_hal_i2c.o(i.I2C_WaitOnSTOPFlagUntilTimeout))
<BR><BR>[Stack]<UL><LI>Max Depth = 32<LI>Call Chain = I2C_WaitOnSTOPFlagUntilTimeout &rArr; I2C_IsAcknowledgeFailed
</UL>
<BR>[Calls]<UL><LI><a href="#[cd]">&gt;&gt;</a>&nbsp;&nbsp;&nbsp;I2C_IsAcknowledgeFailed
<LI><a href="#[96]">&gt;&gt;</a>&nbsp;&nbsp;&nbsp;HAL_GetTick
</UL>
<BR>[Called By]<UL><LI><a href="#[9b]">&gt;&gt;</a>&nbsp;&nbsp;&nbsp;HAL_I2C_Master_Transmit
<LI><a href="#[95]">&gt;&gt;</a>&nbsp;&nbsp;&nbsp;HAL_I2C_Master_Receive
</UL>

<P><STRONG><a name="[9c]"></a>I2C_WaitOnTXISFlagUntilTimeout</STRONG> (Thumb, 90 bytes, Stack size 16 bytes, stm32f3xx_hal_i2c.o(i.I2C_WaitOnTXISFlagUntilTimeout))
<BR><BR>[Stack]<UL><LI>Max Depth = 32<LI>Call Chain = I2C_WaitOnTXISFlagUntilTimeout &rArr; I2C_IsAcknowledgeFailed
</UL>
<BR>[Calls]<UL><LI><a href="#[cd]">&gt;&gt;</a>&nbsp;&nbsp;&nbsp;I2C_IsAcknowledgeFailed
<LI><a href="#[96]">&gt;&gt;</a>&nbsp;&nbsp;&nbsp;HAL_GetTick
</UL>
<BR>[Called By]<UL><LI><a href="#[9b]">&gt;&gt;</a>&nbsp;&nbsp;&nbsp;HAL_I2C_Master_Transmit
</UL>

<P><STRONG><a name="[c2]"></a>SPI_EndRxTxTransaction</STRONG> (Thumb, 64 bytes, Stack size 16 bytes, stm32f3xx_hal_spi.o(i.SPI_EndRxTxTransaction))
<BR><BR>[Stack]<UL><LI>Max Depth = 48<LI>Call Chain = SPI_EndRxTxTransaction &rArr; SPI_WaitFifoStateUntilTimeout
</UL>
<BR>[Calls]<UL><LI><a href="#[c1]">&gt;&gt;</a>&nbsp;&nbsp;&nbsp;SPI_WaitFlagStateUntilTimeout
<LI><a href="#[ea]">&gt;&gt;</a>&nbsp;&nbsp;&nbsp;SPI_WaitFifoStateUntilTimeout
</UL>
<BR>[Called By]<UL><LI><a href="#[c0]">&gt;&gt;</a>&nbsp;&nbsp;&nbsp;HAL_SPI_TransmitReceive
</UL>

<P><STRONG><a name="[ea]"></a>SPI_WaitFifoStateUntilTimeout</STRONG> (Thumb, 180 bytes, Stack size 32 bytes, stm32f3xx_hal_spi.o(i.SPI_WaitFifoStateUntilTimeout))
<BR><BR>[Stack]<UL><LI>Max Depth = 32<LI>Call Chain = SPI_WaitFifoStateUntilTimeout
</UL>
<BR>[Calls]<UL><LI><a href="#[96]">&gt;&gt;</a>&nbsp;&nbsp;&nbsp;HAL_GetTick
</UL>
<BR>[Called By]<UL><LI><a href="#[c2]">&gt;&gt;</a>&nbsp;&nbsp;&nbsp;SPI_EndRxTxTransaction
</UL>

<P><STRONG><a name="[c1]"></a>SPI_WaitFlagStateUntilTimeout</STRONG> (Thumb, 162 bytes, Stack size 24 bytes, stm32f3xx_hal_spi.o(i.SPI_WaitFlagStateUntilTimeout))
<BR><BR>[Stack]<UL><LI>Max Depth = 24<LI>Call Chain = SPI_WaitFlagStateUntilTimeout
</UL>
<BR>[Calls]<UL><LI><a href="#[96]">&gt;&gt;</a>&nbsp;&nbsp;&nbsp;HAL_GetTick
</UL>
<BR>[Called By]<UL><LI><a href="#[c0]">&gt;&gt;</a>&nbsp;&nbsp;&nbsp;HAL_SPI_TransmitReceive
<LI><a href="#[c2]">&gt;&gt;</a>&nbsp;&nbsp;&nbsp;SPI_EndRxTxTransaction
</UL>

<P><STRONG><a name="[ad]"></a>PCD_EP_ISR_Handler</STRONG> (Thumb, 1068 bytes, Stack size 32 bytes, stm32f3xx_hal_pcd.o(i.PCD_EP_ISR_Handler))
<BR><BR>[Stack]<UL><LI>Max Depth = 192<LI>Call Chain = PCD_EP_ISR_Handler &rArr; HAL_PCD_SetupStageCallback &rArr; USBD_LL_SetupStage &rArr; USBD_StdDevReq &rArr; USBD_GetDescriptor &rArr; USBD_CtlSendData &rArr; USBD_LL_Transmit &rArr; HAL_PCD_EP_Transmit &rArr; PCD_WritePMA
</UL>
<BR>[Calls]<UL><LI><a href="#[ab]">&gt;&gt;</a>&nbsp;&nbsp;&nbsp;PCD_WritePMA
<LI><a href="#[d2]">&gt;&gt;</a>&nbsp;&nbsp;&nbsp;PCD_ReadPMA
<LI><a href="#[b7]">&gt;&gt;</a>&nbsp;&nbsp;&nbsp;HAL_PCD_SetupStageCallback
<LI><a href="#[a8]">&gt;&gt;</a>&nbsp;&nbsp;&nbsp;HAL_PCD_DataOutStageCallback
<LI><a href="#[a6]">&gt;&gt;</a>&nbsp;&nbsp;&nbsp;HAL_PCD_DataInStageCallback
<LI><a href="#[aa]">&gt;&gt;</a>&nbsp;&nbsp;&nbsp;HAL_PCD_EP_Transmit
<LI><a href="#[d3]">&gt;&gt;</a>&nbsp;&nbsp;&nbsp;HAL_PCD_EP_Receive
</UL>
<BR>[Called By]<UL><LI><a href="#[ac]">&gt;&gt;</a>&nbsp;&nbsp;&nbsp;HAL_PCD_IRQHandler
</UL>

<P><STRONG><a name="[a4]"></a>NVIC_GetPriorityGrouping</STRONG> (Thumb, 10 bytes, Stack size 0 bytes, stm32f3xx_hal_cortex.o(i.NVIC_GetPriorityGrouping))
<BR><BR>[Called By]<UL><LI><a href="#[a3]">&gt;&gt;</a>&nbsp;&nbsp;&nbsp;HAL_NVIC_SetPriority
</UL>

<P><STRONG><a name="[a5]"></a>NVIC_SetPriority</STRONG> (Thumb, 32 bytes, Stack size 8 bytes, stm32f3xx_hal_cortex.o(i.NVIC_SetPriority))
<BR><BR>[Stack]<UL><LI>Max Depth = 8<LI>Call Chain = NVIC_SetPriority
</UL>
<BR>[Called By]<UL><LI><a href="#[a2]">&gt;&gt;</a>&nbsp;&nbsp;&nbsp;HAL_SYSTICK_Config
<LI><a href="#[a3]">&gt;&gt;</a>&nbsp;&nbsp;&nbsp;HAL_NVIC_SetPriority
</UL>

<P><STRONG><a name="[f0]"></a>USBD_ClrFeature</STRONG> (Thumb, 68 bytes, Stack size 16 bytes, usbd_ctlreq.o(i.USBD_ClrFeature))
<BR><BR>[Stack]<UL><LI>Max Depth = 104<LI>Call Chain = USBD_ClrFeature &rArr; USBD_CtlSendStatus &rArr; USBD_LL_Transmit &rArr; HAL_PCD_EP_Transmit &rArr; PCD_WritePMA
</UL>
<BR>[Calls]<UL><LI><a href="#[f2]">&gt;&gt;</a>&nbsp;&nbsp;&nbsp;USBD_CtlError
<LI><a href="#[f1]">&gt;&gt;</a>&nbsp;&nbsp;&nbsp;USBD_CtlSendStatus
</UL>
<BR>[Called By]<UL><LI><a href="#[104]">&gt;&gt;</a>&nbsp;&nbsp;&nbsp;USBD_StdDevReq
</UL>

<P><STRONG><a name="[fa]"></a>USBD_GetConfig</STRONG> (Thumb, 80 bytes, Stack size 16 bytes, usbd_ctlreq.o(i.USBD_GetConfig))
<BR><BR>[Stack]<UL><LI>Max Depth = 112<LI>Call Chain = USBD_GetConfig &rArr; USBD_CtlSendData &rArr; USBD_LL_Transmit &rArr; HAL_PCD_EP_Transmit &rArr; PCD_WritePMA
</UL>
<BR>[Calls]<UL><LI><a href="#[f2]">&gt;&gt;</a>&nbsp;&nbsp;&nbsp;USBD_CtlError
<LI><a href="#[f9]">&gt;&gt;</a>&nbsp;&nbsp;&nbsp;USBD_CtlSendData
</UL>
<BR>[Called By]<UL><LI><a href="#[104]">&gt;&gt;</a>&nbsp;&nbsp;&nbsp;USBD_StdDevReq
</UL>

<P><STRONG><a name="[fb]"></a>USBD_GetDescriptor</STRONG> (Thumb, 328 bytes, Stack size 24 bytes, usbd_ctlreq.o(i.USBD_GetDescriptor))
<BR><BR>[Stack]<UL><LI>Max Depth = 120<LI>Call Chain = USBD_GetDescriptor &rArr; USBD_CtlSendData &rArr; USBD_LL_Transmit &rArr; HAL_PCD_EP_Transmit &rArr; PCD_WritePMA
</UL>
<BR>[Calls]<UL><LI><a href="#[f2]">&gt;&gt;</a>&nbsp;&nbsp;&nbsp;USBD_CtlError
<LI><a href="#[f9]">&gt;&gt;</a>&nbsp;&nbsp;&nbsp;USBD_CtlSendData
</UL>
<BR>[Called By]<UL><LI><a href="#[104]">&gt;&gt;</a>&nbsp;&nbsp;&nbsp;USBD_StdDevReq
</UL>

<P><STRONG><a name="[fc]"></a>USBD_GetStatus</STRONG> (Thumb, 68 bytes, Stack size 16 bytes, usbd_ctlreq.o(i.USBD_GetStatus))
<BR><BR>[Stack]<UL><LI>Max Depth = 112<LI>Call Chain = USBD_GetStatus &rArr; USBD_CtlSendData &rArr; USBD_LL_Transmit &rArr; HAL_PCD_EP_Transmit &rArr; PCD_WritePMA
</UL>
<BR>[Calls]<UL><LI><a href="#[f2]">&gt;&gt;</a>&nbsp;&nbsp;&nbsp;USBD_CtlError
<LI><a href="#[f9]">&gt;&gt;</a>&nbsp;&nbsp;&nbsp;USBD_CtlSendData
</UL>
<BR>[Called By]<UL><LI><a href="#[104]">&gt;&gt;</a>&nbsp;&nbsp;&nbsp;USBD_StdDevReq
</UL>

<P><STRONG><a name="[108]"></a>USBD_SetAddress</STRONG> (Thumb, 84 bytes, Stack size 16 bytes, usbd_ctlreq.o(i.USBD_SetAddress))
<BR><BR>[Stack]<UL><LI>Max Depth = 104<LI>Call Chain = USBD_SetAddress &rArr; USBD_CtlSendStatus &rArr; USBD_LL_Transmit &rArr; HAL_PCD_EP_Transmit &rArr; PCD_WritePMA
</UL>
<BR>[Calls]<UL><LI><a href="#[f2]">&gt;&gt;</a>&nbsp;&nbsp;&nbsp;USBD_CtlError
<LI><a href="#[f1]">&gt;&gt;</a>&nbsp;&nbsp;&nbsp;USBD_CtlSendStatus
<LI><a href="#[102]">&gt;&gt;</a>&nbsp;&nbsp;&nbsp;USBD_LL_SetUSBAddress
</UL>
<BR>[Called By]<UL><LI><a href="#[104]">&gt;&gt;</a>&nbsp;&nbsp;&nbsp;USBD_StdDevReq
</UL>

<P><STRONG><a name="[109]"></a>USBD_SetConfig</STRONG> (Thumb, 218 bytes, Stack size 16 bytes, usbd_ctlreq.o(i.USBD_SetConfig))
<BR><BR>[Stack]<UL><LI>Max Depth = 104<LI>Call Chain = USBD_SetConfig &rArr; USBD_CtlSendStatus &rArr; USBD_LL_Transmit &rArr; HAL_PCD_EP_Transmit &rArr; PCD_WritePMA
</UL>
<BR>[Calls]<UL><LI><a href="#[10a]">&gt;&gt;</a>&nbsp;&nbsp;&nbsp;USBD_SetClassConfig
<LI><a href="#[10b]">&gt;&gt;</a>&nbsp;&nbsp;&nbsp;USBD_ClrClassConfig
<LI><a href="#[f2]">&gt;&gt;</a>&nbsp;&nbsp;&nbsp;USBD_CtlError
<LI><a href="#[f1]">&gt;&gt;</a>&nbsp;&nbsp;&nbsp;USBD_CtlSendStatus
</UL>
<BR>[Called By]<UL><LI><a href="#[104]">&gt;&gt;</a>&nbsp;&nbsp;&nbsp;USBD_StdDevReq
</UL>

<P><STRONG><a name="[10c]"></a>USBD_SetFeature</STRONG> (Thumb, 36 bytes, Stack size 16 bytes, usbd_ctlreq.o(i.USBD_SetFeature))
<BR><BR>[Stack]<UL><LI>Max Depth = 104<LI>Call Chain = USBD_SetFeature &rArr; USBD_CtlSendStatus &rArr; USBD_LL_Transmit &rArr; HAL_PCD_EP_Transmit &rArr; PCD_WritePMA
</UL>
<BR>[Calls]<UL><LI><a href="#[f1]">&gt;&gt;</a>&nbsp;&nbsp;&nbsp;USBD_CtlSendStatus
</UL>
<BR>[Called By]<UL><LI><a href="#[104]">&gt;&gt;</a>&nbsp;&nbsp;&nbsp;USBD_StdDevReq
</UL>

<P><STRONG><a name="[d0]"></a>MX_GPIO_Init</STRONG> (Thumb, 72 bytes, Stack size 32 bytes, main.o(i.MX_GPIO_Init))
<BR><BR>[Stack]<UL><LI>Max Depth = 52<LI>Call Chain = MX_GPIO_Init &rArr; HAL_GPIO_Init
</UL>
<BR>[Calls]<UL><LI><a href="#[d1]">&gt;&gt;</a>&nbsp;&nbsp;&nbsp;HAL_GPIO_WritePin
<LI><a href="#[9d]">&gt;&gt;</a>&nbsp;&nbsp;&nbsp;HAL_GPIO_Init
</UL>
<BR>[Called By]<UL><LI><a href="#[54]">&gt;&gt;</a>&nbsp;&nbsp;&nbsp;main
</UL>
<P>
<H3>
Undefined Global Symbols
</H3><HR></body></html>
