<html>
<body>
<pre>
<h1>µVision Build Log</h1>
<h2>Tool Versions:</h2>
IDE-Version: µVision V5.20.0.0
Copyright (C) 2016 ARM Ltd and ARM Germany GmbH. All rights reserved.
License Information: h Gebruiker, oijoijoij, LIC=Z3CX7-E4MXU-UK6B6-DKBSE-CVLYE-NB1HI
 
Tool Versions:
Toolchain:       MDK-ARM Professional  Version: 5.20
Toolchain Path:  C:\Keil_v5\ARM\ARMCC\Bin
C Compiler:      Armcc.exe V5.06 update 2 (build 183)
Assembler:       Armasm.exe V5.06 update 2 (build 183)
Linker/Locator:  ArmLink.exe V5.06 update 2 (build 183)
Library Manager: ArmAr.exe V5.06 update 2 (build 183)
Hex Converter:   FromElf.exe V5.06 update 2 (build 183)
CPU DLL:         SARMCM3.DLL V5.20
Dialog DLL:      DCM.DLL V1.13.7.0
Target DLL:      Segger\JL2CM3.dll V2.99.20.0
Dialog DLL:      TCM.DLL V1.14.9.0
 
<h2>Project:</h2>
C:\Projecten\DieBieSlave\Github\Firmware\DieBieSlave\MDK-ARM\DieBieSlave.uvprojx
Project File Date:  12/04/2016

<h2>Output:</h2>
*** Using Compiler 'V5.06 update 2 (build 183)', folder: 'C:\Keil_v5\ARM\ARMCC\Bin'
Rebuild target 'DieBieSlave'
compiling stm32f3xx_hal_uart.c...
compiling stm32f3xx_hal_pwr_ex.c...
compiling stm32f3xx_hal_flash.c...
compiling stm32f3xx_hal_rcc_ex.c...
compiling stm32f3xx_hal_gpio.c...
compiling stm32f3xx_hal_pwr.c...
compiling stm32f3xx_hal_i2c.c...
compiling stm32f3xx_hal_i2c_ex.c...
compiling stm32f3xx_hal.c...
compiling stm32f3xx_hal_tim.c...
compiling stm32f3xx_hal_tim_ex.c...
compiling stm32f3xx_hal_flash_ex.c...
compiling stm32f3xx_hal_pcd_ex.c...
compiling stm32f3xx_hal_can.c...
compiling stm32f3xx_hal_cortex.c...
compiling stm32f3xx_hal_spi_ex.c...
compiling stm32f3xx_hal_rcc.c...
compiling stm32f3xx_hal_pcd.c...
compiling stm32f3xx_hal_uart_ex.c...
compiling stm32f3xx_hal_spi.c...
compiling stm32f3xx_hal_dma.c...
compiling usbd_cdc_if.c...
compiling usbd_desc.c...
compiling usbd_ctlreq.c...
assembling startup_stm32f303xe.s...
compiling usbd_conf.c...
compiling usb_device.c...
compiling usbd_ioreq.c...
compiling usbd_cdc.c...
compiling usbd_core.c...
compiling main.c...
..\Main\main.c(176): warning:  #177-D: function "MX_CAN_Init" was declared but never referenced
  static void MX_CAN_Init(void)
..\Main\main.c(199): warning:  #177-D: function "MX_I2C1_Init" was declared but never referenced
  static void MX_I2C1_Init(void)
..\Main\main.c(226): warning:  #177-D: function "MX_I2C3_Init" was declared but never referenced
  static void MX_I2C3_Init(void)
..\Main\main.c(253): warning:  #177-D: function "MX_SPI1_Init" was declared but never referenced
  static void MX_SPI1_Init(void)
..\Main\main.c(278): warning:  #177-D: function "MX_SPI3_Init" was declared but never referenced
  static void MX_SPI3_Init(void)
..\Main\main.c(303): warning:  #177-D: function "MX_USART1_UART_Init" was declared but never referenced
  static void MX_USART1_UART_Init(void)
..\Main\main.c(324): warning:  #177-D: function "MX_USART2_UART_Init" was declared but never referenced
  static void MX_USART2_UART_Init(void)
..\Main\main.c: 7 warnings, 0 errors
compiling system_stm32f3xx.c...
compiling stm32f3xx_it.c...
compiling stm32f3xx_hal_msp.c...
linking...
Program Size: Code=8600 RO-data=484 RW-data=12 ZI-data=2508  
FromELF: creating hex file...
"DieBieSlave\DieBieSlave.axf" - 0 Error(s), 7 Warning(s).

<h2>Software Packages used:</h2>

Package Vendor: ARM
                http://www.keil.com/pack/ARM.CMSIS.5.0.0-Beta4.pack
                ARM::CMSIS:CORE:5.0.0
                CMSIS (Cortex Microcontroller Software Interface Standard)
   * Component: CORE Version: 5.0.0

<h2>Collection of Component include folders:</h2>
  C:\Projecten\DieBieSlave\Github\Firmware\DieBieSlave\MDK-ARM\RTE
  C:\Keil_v5\ARM\PACK\ARM\CMSIS\5.0.0-Beta4\CMSIS\Include
  C:\Keil_v5\ARM\PACK\Keil\STM32F3xx_DFP\1.3.0\Device\Include

<h2>Collection of Component Files used:</h2>

   * Component: ARM::CMSIS:CORE:5.0.0
Build Time Elapsed:  00:00:36
</pre>
</body>
</html>
