Component: ARM Compiler 5.06 update 2 (build 183) Tool: armlink [4d35b7]

==============================================================================

Section Cross References

    stm32f3xx_hal_uart.o(i.HAL_HalfDuplex_Init) refers to stm32f3xx_hal_msp.o(i.HAL_UART_MspInit) for HAL_UART_MspInit
    stm32f3xx_hal_uart.o(i.HAL_HalfDuplex_Init) refers to stm32f3xx_hal_uart.o(i.UART_SetConfig) for UART_SetConfig
    stm32f3xx_hal_uart.o(i.HAL_HalfDuplex_Init) refers to stm32f3xx_hal_uart.o(i.UART_AdvFeatureConfig) for UART_AdvFeatureConfig
    stm32f3xx_hal_uart.o(i.HAL_HalfDuplex_Init) refers to stm32f3xx_hal_uart.o(i.UART_CheckIdleState) for UART_CheckIdleState
    stm32f3xx_hal_uart.o(i.HAL_LIN_Init) refers to stm32f3xx_hal_msp.o(i.HAL_UART_MspInit) for HAL_UART_MspInit
    stm32f3xx_hal_uart.o(i.HAL_LIN_Init) refers to stm32f3xx_hal_uart.o(i.UART_SetConfig) for UART_SetConfig
    stm32f3xx_hal_uart.o(i.HAL_LIN_Init) refers to stm32f3xx_hal_uart.o(i.UART_AdvFeatureConfig) for UART_AdvFeatureConfig
    stm32f3xx_hal_uart.o(i.HAL_LIN_Init) refers to stm32f3xx_hal_uart.o(i.UART_CheckIdleState) for UART_CheckIdleState
    stm32f3xx_hal_uart.o(i.HAL_MultiProcessor_DisableMuteMode) refers to stm32f3xx_hal_uart.o(i.UART_CheckIdleState) for UART_CheckIdleState
    stm32f3xx_hal_uart.o(i.HAL_MultiProcessor_EnableMuteMode) refers to stm32f3xx_hal_uart.o(i.UART_CheckIdleState) for UART_CheckIdleState
    stm32f3xx_hal_uart.o(i.HAL_MultiProcessor_Init) refers to stm32f3xx_hal_msp.o(i.HAL_UART_MspInit) for HAL_UART_MspInit
    stm32f3xx_hal_uart.o(i.HAL_MultiProcessor_Init) refers to stm32f3xx_hal_uart.o(i.UART_SetConfig) for UART_SetConfig
    stm32f3xx_hal_uart.o(i.HAL_MultiProcessor_Init) refers to stm32f3xx_hal_uart.o(i.UART_AdvFeatureConfig) for UART_AdvFeatureConfig
    stm32f3xx_hal_uart.o(i.HAL_MultiProcessor_Init) refers to stm32f3xx_hal_uart.o(i.UART_CheckIdleState) for UART_CheckIdleState
    stm32f3xx_hal_uart.o(i.HAL_UART_DMAStop) refers to stm32f3xx_hal_dma.o(i.HAL_DMA_Abort) for HAL_DMA_Abort
    stm32f3xx_hal_uart.o(i.HAL_UART_DeInit) refers to stm32f3xx_hal_msp.o(i.HAL_UART_MspDeInit) for HAL_UART_MspDeInit
    stm32f3xx_hal_uart.o(i.HAL_UART_IRQHandler) refers to stm32f3xx_hal_uart_ex.o(i.HAL_UARTEx_WakeupCallback) for HAL_UARTEx_WakeupCallback
    stm32f3xx_hal_uart.o(i.HAL_UART_IRQHandler) refers to stm32f3xx_hal_uart.o(i.UART_Receive_IT) for UART_Receive_IT
    stm32f3xx_hal_uart.o(i.HAL_UART_IRQHandler) refers to stm32f3xx_hal_uart.o(i.UART_Transmit_IT) for UART_Transmit_IT
    stm32f3xx_hal_uart.o(i.HAL_UART_IRQHandler) refers to stm32f3xx_hal_uart.o(i.UART_EndTransmit_IT) for UART_EndTransmit_IT
    stm32f3xx_hal_uart.o(i.HAL_UART_IRQHandler) refers to stm32f3xx_hal_uart.o(i.HAL_UART_ErrorCallback) for HAL_UART_ErrorCallback
    stm32f3xx_hal_uart.o(i.HAL_UART_Init) refers to stm32f3xx_hal_msp.o(i.HAL_UART_MspInit) for HAL_UART_MspInit
    stm32f3xx_hal_uart.o(i.HAL_UART_Init) refers to stm32f3xx_hal_uart.o(i.UART_SetConfig) for UART_SetConfig
    stm32f3xx_hal_uart.o(i.HAL_UART_Init) refers to stm32f3xx_hal_uart.o(i.UART_AdvFeatureConfig) for UART_AdvFeatureConfig
    stm32f3xx_hal_uart.o(i.HAL_UART_Init) refers to stm32f3xx_hal_uart.o(i.UART_CheckIdleState) for UART_CheckIdleState
    stm32f3xx_hal_uart.o(i.HAL_UART_Receive) refers to stm32f3xx_hal_uart.o(i.UART_WaitOnFlagUntilTimeout) for UART_WaitOnFlagUntilTimeout
    stm32f3xx_hal_uart.o(i.HAL_UART_Receive_DMA) refers to stm32f3xx_hal_dma.o(i.HAL_DMA_Start_IT) for HAL_DMA_Start_IT
    stm32f3xx_hal_uart.o(i.HAL_UART_Receive_DMA) refers to stm32f3xx_hal_uart.o(i.UART_DMAReceiveCplt) for UART_DMAReceiveCplt
    stm32f3xx_hal_uart.o(i.HAL_UART_Receive_DMA) refers to stm32f3xx_hal_uart.o(i.UART_DMARxHalfCplt) for UART_DMARxHalfCplt
    stm32f3xx_hal_uart.o(i.HAL_UART_Receive_DMA) refers to stm32f3xx_hal_uart.o(i.UART_DMAError) for UART_DMAError
    stm32f3xx_hal_uart.o(i.HAL_UART_Transmit) refers to stm32f3xx_hal_uart.o(i.UART_WaitOnFlagUntilTimeout) for UART_WaitOnFlagUntilTimeout
    stm32f3xx_hal_uart.o(i.HAL_UART_Transmit_DMA) refers to stm32f3xx_hal_dma.o(i.HAL_DMA_Start_IT) for HAL_DMA_Start_IT
    stm32f3xx_hal_uart.o(i.HAL_UART_Transmit_DMA) refers to stm32f3xx_hal_uart.o(i.UART_DMATransmitCplt) for UART_DMATransmitCplt
    stm32f3xx_hal_uart.o(i.HAL_UART_Transmit_DMA) refers to stm32f3xx_hal_uart.o(i.UART_DMATxHalfCplt) for UART_DMATxHalfCplt
    stm32f3xx_hal_uart.o(i.HAL_UART_Transmit_DMA) refers to stm32f3xx_hal_uart.o(i.UART_DMAError) for UART_DMAError
    stm32f3xx_hal_uart.o(i.UART_CheckIdleState) refers to stm32f3xx_hal_uart.o(i.UART_WaitOnFlagUntilTimeout) for UART_WaitOnFlagUntilTimeout
    stm32f3xx_hal_uart.o(i.UART_DMAError) refers to stm32f3xx_hal_uart.o(i.HAL_UART_ErrorCallback) for HAL_UART_ErrorCallback
    stm32f3xx_hal_uart.o(i.UART_DMAReceiveCplt) refers to stm32f3xx_hal_uart.o(i.HAL_UART_RxCpltCallback) for HAL_UART_RxCpltCallback
[...]
    i.driverSWNunChuckGetID                  0x08004c30   Section        0  driverswnunchuck.o(i.driverSWNunChuckGetID)
    i.driverSWNunChuckGetSensorData          0x08004c9c   Section        0  driverswnunchuck.o(i.driverSWNunChuckGetSensorData)
    i.driverSWNunChuckInit                   0x08004d40   Section        0  driverswnunchuck.o(i.driverSWNunChuckInit)
    i.driverSWNunChuckSetAddressPointer      0x08004d9c   Section        0  driverswnunchuck.o(i.driverSWNunChuckSetAddressPointer)
    i.free                                   0x08004db4   Section        0  malloc.o(i.free)
    i.main                                   0x08004e04   Section        0  main.o(i.main)
    i.malloc                                 0x08004e7c   Section        0  malloc.o(i.malloc)
    i.middleNunChuckInit                     0x08004ee8   Section        0  middlenunchuck.o(i.middleNunChuckInit)
    i.middleNunChuckNewDataEvent             0x08004f28   Section        0  middlenunchuck.o(i.middleNunChuckNewDataEvent)
    i.middleNunChuckTask                     0x08004f38   Section        0  middlenunchuck.o(i.middleNunChuckTask)
    i.middleNunchuckMapVariable              0x08005080   Section        0  middlenunchuck.o(i.middleNunchuckMapVariable)
    i.middleSOESInit                         0x080050a0   Section        0  middlesoes.o(i.middleSOESInit)
    i.middleSOESReadBufferUpdateEvent        0x08005110   Section        0  middlesoes.o(i.middleSOESReadBufferUpdateEvent)
    i.middleSOESTask                         0x08005120   Section        0  middlesoes.o(i.middleSOESTask)
    i.modDelayInit                           0x0800517c   Section        0  moddelay.o(i.modDelayInit)
    i.modDelayTick100ms                      0x08005180   Section        0  moddelay.o(i.modDelayTick100ms)
    i.modDelayTick1ms                        0x080051b4   Section        0  moddelay.o(i.modDelayTick1ms)
    i.modEffectChangeState                   0x080051d4   Section        0  modeffect.o(i.modEffectChangeState)
    i.modEffectInit                          0x080051fc   Section        0  modeffect.o(i.modEffectInit)
    i.modEffectTask                          0x0800520c   Section        0  modeffect.o(i.modEffectTask)
    i.modEffectTaskBlinkLong                 0x08005268   Section        0  modeffect.o(i.modEffectTaskBlinkLong)
    i.modEffectTaskBlinkShort                0x080052b4   Section        0  modeffect.o(i.modEffectTaskBlinkShort)
    i.modEffectTaskFlash                     0x08005300   Section        0  modeffect.o(i.modEffectTaskFlash)
    i.modEffectTaskFlashFast                 0x08005324   Section        0  modeffect.o(i.modEffectTaskFlashFast)
    i.newNunChuckDataEventHandler            0x08005348   Section        0  main.o(i.newNunChuckDataEventHandler)
    i.newSOESReadBufferUpdateHandler         0x08005360   Section        0  main.o(i.newSOESReadBufferUpdateHandler)
    i.sizeRXPDO                              0x08005390   Section        0  esc_coe.o(i.sizeRXPDO)
    i.sizeTXPDO                              0x0800540c   Section        0  esc_coe.o(i.sizeTXPDO)
    .constdata                               0x08005488   Section       32  stm32f3xx_hal_rcc.o(.constdata)
    .constdata                               0x080054a8   Section       48  driverhwstatus.o(.constdata)
    .constdata                               0x080054d8   Section       12  objectlist.o(.constdata)
    acName1000                               0x080054d8   Data          12  objectlist.o(.constdata)
    .constdata                               0x080054e4   Section       25  objectlist.o(.constdata)
    acName1008                               0x080054e4   Data          25  objectlist.o(.constdata)
    .constdata                               0x080054fd   Section       30  objectlist.o(.constdata)
    acName1009                               0x080054fd   Data          30  objectlist.o(.constdata)
    .constdata                               0x0800551b   Section       30  objectlist.o(.constdata)
    acName100A                               0x0800551b   Data          30  objectlist.o(.constdata)
    .constdata                               0x08005539   Section       16  objectlist.o(.constdata)
    acName1018                               0x08005539   Data          16  objectlist.o(.constdata)
    .constdata                               0x08005549   Section       10  objectlist.o(.constdata)
    acName1018_01                            0x08005549   Data          10  objectlist.o(.constdata)
    .constdata                               0x08005553   Section       13  objectlist.o(.constdata)
    acName1018_02                            0x08005553   Data          13  objectlist.o(.constdata)
    .constdata                               0x08005560   Section       16  objectlist.o(.constdata)
    acName1018_03                            0x08005560   Data          16  objectlist.o(.constdata)
    .constdata                               0x08005570   Section       14  objectlist.o(.constdata)
    acName1018_04                            0x08005570   Data          14  objectlist.o(.constdata)
    .constdata                               0x0800557e   Section       14  objectlist.o(.constdata)
    acNameMO                                 0x0800557e   Data          14  objectlist.o(.constdata)
    .constdata                               0x0800558c   Section       20  objectlist.o(.constdata)
    acName1600                               0x0800558c   Data          20  objectlist.o(.constdata)
    .constdata                               0x080055a0   Section       21  objectlist.o(.constdata)
    acName1A00                               0x080055a0   Data          21  objectlist.o(.constdata)
    .constdata                               0x080055b5   Section       32  objectlist.o(.constdata)
    acName1C00                               0x080055b5   Data          32  objectlist.o(.constdata)
    .constdata                               0x080055d5   Section       24  objectlist.o(.constdata)
    acName1C00_01                            0x080055d5   Data          24  objectlist.o(.constdata)
    .constdata                               0x080055ed   Section       24  objectlist.o(.constdata)
    acName1C00_02                            0x080055ed   Data          24  objectlist.o(.constdata)
    .constdata                               0x08005605   Section       24  objectlist.o(.constdata)
    acName1C00_03                            0x08005605   Data          24  objectlist.o(.constdata)
    .constdata                               0x0800561d   Section       24  objectlist.o(.constdata)
    acName1C00_04                            0x0800561d   Data          24  objectlist.o(.constdata)
    .constdata                               0x08005635   Section       30  objectlist.o(.constdata)
    acName1C10                               0x08005635   Data          30  objectlist.o(.constdata)
    .constdata                               0x08005653   Section       30  objectlist.o(.constdata)
    acName1C11                               0x08005653   Data          30  objectlist.o(.constdata)
    .constdata                               0x08005671   Section       30  objectlist.o(.constdata)
    acName1C12                               0x08005671   Data          30  objectlist.o(.constdata)
    .constdata                               0x0800568f   Section       30  objectlist.o(.constdata)
    acName1C13                               0x0800568f   Data          30  objectlist.o(.constdata)
    .constdata                               0x080056ad   Section       18  objectlist.o(.constdata)
    acNameNOE                                0x080056ad   Data          18  objectlist.o(.constdata)
    .constdata                               0x080056bf   Section       15  objectlist.o(.constdata)
    acName6000                               0x080056bf   Data          15  objectlist.o(.constdata)
    .constdata                               0x080056ce   Section       10  objectlist.o(.constdata)
    acName6000_01                            0x080056ce   Data          10  objectlist.o(.constdata)
    .constdata                               0x080056d8   Section       10  objectlist.o(.constdata)
    acName6000_02                            0x080056d8   Data          10  objectlist.o(.constdata)
    .constdata                               0x080056e2   Section       15  objectlist.o(.constdata)
    acName6000_03                            0x080056e2   Data          15  objectlist.o(.constdata)
    .constdata                               0x080056f1   Section       15  objectlist.o(.constdata)
    acName6000_04                            0x080056f1   Data          15  objectlist.o(.constdata)
    .constdata                               0x08005700   Section       15  objectlist.o(.constdata)
    acName6000_05                            0x08005700   Data          15  objectlist.o(.constdata)
    .constdata                               0x0800570f   Section        8  objectlist.o(.constdata)
    acName6000_06                            0x0800570f   Data           8  objectlist.o(.constdata)
    .constdata                               0x08005717   Section        8  objectlist.o(.constdata)
    acName6000_07                            0x08005717   Data           8  objectlist.o(.constdata)
    .constdata                               0x0800571f   Section       18  objectlist.o(.constdata)
    acName6000_08                            0x0800571f   Data          18  objectlist.o(.constdata)
    .constdata                               0x08005731   Section       16  objectlist.o(.constdata)
    acName7000                               0x08005731   Data          16  objectlist.o(.constdata)
    .constdata                               0x08005741   Section        4  objectlist.o(.constdata)
    acName7000_01                            0x08005741   Data           4  objectlist.o(.constdata)
    .constdata                               0x08005745   Section       11  objectlist.o(.constdata)
    acName7100                               0x08005745   Data          11  objectlist.o(.constdata)
    .constdata                               0x08005750   Section       15  objectlist.o(.constdata)
    acName8001                               0x08005750   Data          15  objectlist.o(.constdata)
    .constdata                               0x0800575f   Section       20  objectlist.o(.constdata)
    .constdata                               0x08005773   Section       20  objectlist.o(.constdata)
    .constdata                               0x08005787   Section       20  objectlist.o(.constdata)
    .constdata                               0x0800579b   Section       20  objectlist.o(.constdata)
    .constdata                               0x080057af   Section      100  objectlist.o(.constdata)
    .constdata                               0x08005813   Section       60  objectlist.o(.constdata)
    .constdata                               0x0800584f   Section      240  objectlist.o(.constdata)
    .constdata                               0x0800593f   Section      100  objectlist.o(.constdata)
    .constdata                               0x080059a3   Section       20  objectlist.o(.constdata)
    .constdata                               0x080059b7   Section       20  objectlist.o(.constdata)
    .constdata                               0x080059cb   Section       40  objectlist.o(.constdata)
    .constdata                               0x080059f3   Section       40  objectlist.o(.constdata)
    .constdata                               0x08005a1b   Section      180  objectlist.o(.constdata)
    .constdata                               0x08005acf   Section       40  objectlist.o(.constdata)
    .constdata                               0x08005af7   Section       20  objectlist.o(.constdata)
    .constdata                               0x08005b0b   Section       20  objectlist.o(.constdata)
    .constdata                               0x08005b1f   Section      238  objectlist.o(.constdata)
    .constdata                               0x08005c0d   Section       16  system_stm32f3xx.o(.constdata)
    .data                                    0x20000000   Section        4  stm32f3xx_hal.o(.data)
    .data                                    0x20000004   Section       12  driverhwecatticktimer.o(.data)
    .data                                    0x20000010   Section       16  driverhwlaninterrupt.o(.data)
    .data                                    0x20000020   Section       20  driverswlan9252.o(.data)
    .data                                    0x20000034   Section        4  driverswnunchuck.o(.data)
    .data                                    0x20000038   Section        4  esc.o(.data)
    esc_cfg                                  0x20000038   Data           4  esc.o(.data)
    .data                                    0x2000003c   Section       23  objectlist.o(.data)
    ac1008_00                                0x2000003c   Data          23  objectlist.o(.data)
    .data                                    0x20000053   Section        4  objectlist.o(.data)
    ac1009_00                                0x20000053   Data           4  objectlist.o(.data)
    .data                                    0x20000057   Section        4  objectlist.o(.data)
    ac100A_00                                0x20000057   Data           4  objectlist.o(.data)
    .data                                    0x2000005b   Section        1  middlesoes.o(.data)
    .data                                    0x2000005c   Section       24  middlesoes.o(.data)
    .data                                    0x20000074   Section        3  middlesoes.o(.data)
    .data                                    0x20000077   Section        1  usbd_ctlreq.o(.data)
    cfgidx                                   0x20000077   Data           1  usbd_ctlreq.o(.data)
    .data                                    0x20000078   Section       32  middlenunchuck.o(.data)
    .data                                    0x20000098   Section        8  moddelay.o(.data)
    hmsCnt                                   0x20000098   Data           4  moddelay.o(.data)
    msTicks                                  0x2000009c   Data           4  moddelay.o(.data)
    .data                                    0x200000a0   Section       52  modeffect.o(.data)
    LEDOnState                               0x200000a0   Data           1  modeffect.o(.data)
    LEDOnState                               0x200000a1   Data           1  modeffect.o(.data)
    LEDOnState                               0x200000a2   Data           1  modeffect.o(.data)
    LEDOnState                               0x200000a3   Data           1  modeffect.o(.data)
    lastTick                                 0x200000a4   Data           4  modeffect.o(.data)
    lastTick                                 0x200000a8   Data           4  modeffect.o(.data)
    lastTick                                 0x200000ac   Data           4  modeffect.o(.data)
    lastTick                                 0x200000b0   Data           4  modeffect.o(.data)
    .data                                    0x200000d4   Section        4  system_stm32f3xx.o(.data)
    .data                                    0x200000d8   Section        4  mvars.o(.data)
    .data                                    0x200000dc   Section        4  mvars.o(.data)
    .bss                                     0x200000e0   Section       60  driverhwecatticktimer.o(.bss)
    .bss                                     0x2000011c   Section      100  driverhwspi1.o(.bss)
    .bss                                     0x20000180   Section       76  driverhwi2c3.o(.bss)
    .bss                                     0x200001cc   Section     1480  usbd_conf.o(.bss)
    mem                                      0x200001cc   Data         544  usbd_conf.o(.bss)
    .bss                                     0x20000794   Section       87  middlesoes.o(.bss)
    .bss                                     0x200007eb   Section      384  middlesoes.o(.bss)
    .bss                                     0x20000970   Section       64  middlenunchuck.o(.bss)
    .bss                                     0x200009b0   Section       32  main.o(.bss)
    HEAP                                     0x200009d0   Section      512  startup_stm32f303xe.o(HEAP)
    STACK                                    0x20000bd0   Section     1024  startup_stm32f303xe.o(STACK)

    Global Symbols

    Symbol Name                              Value     Ov Type        Size  Object(Section)

    BuildAttributes$$THM_ISAv4$E$P$D$K$B$S$7EM$VFPi3$EXTD16$VFPS$VFMA$PE$A:L22UL41UL21$X:L11$S22US41US21$IEEE1$IW$USESV6$~STKCKD$USESV7$~SHL$OSPACE$EBA8$MICROLIB$REQ8$PRES8$EABIv2 0x00000000   Number         0  anon$$obj.o ABSOLUTE
    __ARM_use_no_argv                        0x00000000   Number         0  main.o ABSOLUTE
    __cpp_initialize__aeabi_                  - Undefined Weak Reference
    __cxa_finalize                            - Undefined Weak Reference
    __decompress                              - Undefined Weak Reference
    _clock_init                               - Undefined Weak Reference
    _microlib_exit                            - Undefined Weak Reference
    __Vectors_Size                           0x00000194   Number         0  startup_stm32f303xe.o ABSOLUTE
    __Vectors                                0x08000000   Data           4  startup_stm32f303xe.o(RESET)
    __Vectors_End                            0x08000194   Data           0  startup_stm32f303xe.o(RESET)
    __main                                   0x08000195   Thumb Code     0  entry.o(.ARM.Collect$$$$00000000)
    _main_stk                                0x08000195   Thumb Code     0  entry2.o(.ARM.Collect$$$$00000001)
    _main_scatterload                        0x08000199   Thumb Code     0  entry5.o(.ARM.Collect$$$$00000004)
    __main_after_scatterload                 0x0800019d   Thumb Code     0  entry5.o(.ARM.Collect$$$$00000004)
    _main_clock                              0x0800019d   Thumb Code     0  entry7b.o(.ARM.Collect$$$$00000008)
    _main_cpp_init                           0x0800019d   Thumb Code     0  entry8b.o(.ARM.Collect$$$$0000000A)
    _main_init                               0x0800019d   Thumb Code     0  entry9a.o(.ARM.Collect$$$$0000000B)
    __rt_final_cpp                           0x080001a5   Thumb Code     0  entry10a.o(.ARM.Collect$$$$0000000D)
    __rt_final_exit                          0x080001a5   Thumb Code     0  entry11a.o(.ARM.Collect$$$$0000000F)
    Reset_Handler                            0x080001a9   Thumb Code     8  startup_stm32f303xe.o(.text)
    ADC1_2_IRQHandler                        0x080001c3   Thumb Code     0  startup_stm32f303xe.o(.text)
    ADC3_IRQHandler                          0x080001c3   Thumb Code     0  startup_stm32f303xe.o(.text)
    ADC4_IRQHandler                          0x080001c3   Thumb Code     0  startup_stm32f303xe.o(.text)
    CAN_RX1_IRQHandler                       0x080001c3   Thumb Code     0  startup_stm32f303xe.o(.text)
    CAN_SCE_IRQHandler                       0x080001c3   Thumb Code     0  startup_stm32f303xe.o(.text)
    COMP1_2_3_IRQHandler                     0x080001c3   Thumb Code     0  startup_stm32f303xe.o(.text)
    COMP4_5_6_IRQHandler                     0x080001c3   Thumb Code     0  startup_stm32f303xe.o(.text)
    COMP7_IRQHandler                         0x080001c3   Thumb Code     0  startup_stm32f303xe.o(.text)
    DMA1_Channel1_IRQHandler                 0x080001c3   Thumb Code     0  startup_stm32f303xe.o(.text)
    DMA1_Channel2_IRQHandler                 0x080001c3   Thumb Code     0  startup_stm32f303xe.o(.text)
    DMA1_Channel3_IRQHandler                 0x080001c3   Thumb Code     0  startup_stm32f303xe.o(.text)
    DMA1_Channel4_IRQHandler                 0x080001c3   Thumb Code     0  startup_stm32f303xe.o(.text)
    DMA1_Channel5_IRQHandler                 0x080001c3   Thumb Code     0  startup_stm32f303xe.o(.text)
    DMA1_Channel6_IRQHandler                 0x080001c3   Thumb Code     0  startup_stm32f303xe.o(.text)
    DMA1_Channel7_IRQHandler                 0x080001c3   Thumb Code     0  startup_stm32f303xe.o(.text)
    DMA2_Channel1_IRQHandler                 0x080001c3   Thumb Code     0  startup_stm32f303xe.o(.text)
    DMA2_Channel2_IRQHandler                 0x080001c3   Thumb Code     0  startup_stm32f303xe.o(.text)
    DMA2_Channel3_IRQHandler                 0x080001c3   Thumb Code     0  startup_stm32f303xe.o(.text)
    DMA2_Channel4_IRQHandler                 0x080001c3   Thumb Code     0  startup_stm32f303xe.o(.text)
    DMA2_Channel5_IRQHandler                 0x080001c3   Thumb Code     0  startup_stm32f303xe.o(.text)
    EXTI1_IRQHandler                         0x080001c3   Thumb Code     0  startup_stm32f303xe.o(.text)
    EXTI2_TSC_IRQHandler                     0x080001c3   Thumb Code     0  startup_stm32f303xe.o(.text)
    EXTI3_IRQHandler                         0x080001c3   Thumb Code     0  startup_stm32f303xe.o(.text)
    EXTI4_IRQHandler                         0x080001c3   Thumb Code     0  startup_stm32f303xe.o(.text)
    EXTI9_5_IRQHandler                       0x080001c3   Thumb Code     0  startup_stm32f303xe.o(.text)
    FLASH_IRQHandler                         0x080001c3   Thumb Code     0  startup_stm32f303xe.o(.text)
    FMC_IRQHandler                           0x080001c3   Thumb Code     0  startup_stm32f303xe.o(.text)
    FPU_IRQHandler                           0x080001c3   Thumb Code     0  startup_stm32f303xe.o(.text)
    I2C1_ER_IRQHandler                       0x080001c3   Thumb Code     0  startup_stm32f303xe.o(.text)
    I2C1_EV_IRQHandler                       0x080001c3   Thumb Code     0  startup_stm32f303xe.o(.text)
    I2C2_ER_IRQHandler                       0x080001c3   Thumb Code     0  startup_stm32f303xe.o(.text)
    I2C2_EV_IRQHandler                       0x080001c3   Thumb Code     0  startup_stm32f303xe.o(.text)
    I2C3_ER_IRQHandler                       0x080001c3   Thumb Code     0  startup_stm32f303xe.o(.text)
    I2C3_EV_IRQHandler                       0x080001c3   Thumb Code     0  startup_stm32f303xe.o(.text)
    PVD_IRQHandler                           0x080001c3   Thumb Code     0  startup_stm32f303xe.o(.text)
    RCC_IRQHandler                           0x080001c3   Thumb Code     0  startup_stm32f303xe.o(.text)
    RTC_Alarm_IRQHandler                     0x080001c3   Thumb Code     0  startup_stm32f303xe.o(.text)
    RTC_WKUP_IRQHandler                      0x080001c3   Thumb Code     0  startup_stm32f303xe.o(.text)
    SPI1_IRQHandler                          0x080001c3   Thumb Code     0  startup_stm32f303xe.o(.text)
    SPI2_IRQHandler                          0x080001c3   Thumb Code     0  startup_stm32f303xe.o(.text)
    SPI3_IRQHandler                          0x080001c3   Thumb Code     0  startup_stm32f303xe.o(.text)
    SPI4_IRQHandler                          0x080001c3   Thumb Code     0  startup_stm32f303xe.o(.text)
    TAMP_STAMP_IRQHandler                    0x080001c3   Thumb Code     0  startup_stm32f303xe.o(.text)
    TIM1_BRK_TIM15_IRQHandler                0x080001c3   Thumb Code     0  startup_stm32f303xe.o(.text)
    TIM1_CC_IRQHandler                       0x080001c3   Thumb Code     0  startup_stm32f303xe.o(.text)
    TIM1_TRG_COM_TIM17_IRQHandler            0x080001c3   Thumb Code     0  startup_stm32f303xe.o(.text)
    TIM1_UP_TIM16_IRQHandler                 0x080001c3   Thumb Code     0  startup_stm32f303xe.o(.text)
    TIM20_BRK_IRQHandler                     0x080001c3   Thumb Code     0  startup_stm32f303xe.o(.text)
    TIM20_CC_IRQHandler                      0x080001c3   Thumb Code     0  startup_stm32f303xe.o(.text)
    TIM20_TRG_COM_IRQHandler                 0x080001c3   Thumb Code     0  startup_stm32f303xe.o(.text)
    TIM20_UP_IRQHandler                      0x080001c3   Thumb Code     0  startup_stm32f303xe.o(.text)
    TIM3_IRQHandler                          0x080001c3   Thumb Code     0  startup_stm32f303xe.o(.text)
    TIM4_IRQHandler                          0x080001c3   Thumb Code     0  startup_stm32f303xe.o(.text)
    TIM6_DAC_IRQHandler                      0x080001c3   Thumb Code     0  startup_stm32f303xe.o(.text)
    TIM7_IRQHandler                          0x080001c3   Thumb Code     0  startup_stm32f303xe.o(.text)
    TIM8_BRK_IRQHandler                      0x080001c3   Thumb Code     0  startup_stm32f303xe.o(.text)
    TIM8_CC_IRQHandler                       0x080001c3   Thumb Code     0  startup_stm32f303xe.o(.text)
    TIM8_TRG_COM_IRQHandler                  0x080001c3   Thumb Code     0  startup_stm32f303xe.o(.text)
    TIM8_UP_IRQHandler                       0x080001c3   Thumb Code     0  startup_stm32f303xe.o(.text)
    UART4_IRQHandler                         0x080001c3   Thumb Code     0  startup_stm32f303xe.o(.text)
    UART5_IRQHandler                         0x080001c3   Thumb Code     0  startup_stm32f303xe.o(.text)
    USART1_IRQHandler                        0x080001c3   Thumb Code     0  startup_stm32f303xe.o(.text)
    USART2_IRQHandler                        0x080001c3   Thumb Code     0  startup_stm32f303xe.o(.text)
    USART3_IRQHandler                        0x080001c3   Thumb Code     0  startup_stm32f303xe.o(.text)
    USBWakeUp_IRQHandler                     0x080001c3   Thumb Code     0  startup_stm32f303xe.o(.text)
    USBWakeUp_RMP_IRQHandler                 0x080001c3   Thumb Code     0  startup_stm32f303xe.o(.text)
    USB_HP_CAN_TX_IRQHandler                 0x080001c3   Thumb Code     0  startup_stm32f303xe.o(.text)
    USB_HP_IRQHandler                        0x080001c3   Thumb Code     0  startup_stm32f303xe.o(.text)
    USB_LP_CAN_RX0_IRQHandler                0x080001c3   Thumb Code     0  startup_stm32f303xe.o(.text)
    WWDG_IRQHandler                          0x080001c3   Thumb Code     0  startup_stm32f303xe.o(.text)
    __aeabi_llsl                             0x080001cd   Thumb Code    30  llshl.o(.text)
    _ll_shift_l                              0x080001cd   Thumb Code     0  llshl.o(.text)
    __aeabi_memcpy                           0x080001eb   Thumb Code    36  memcpya.o(.text)
    __aeabi_memcpy4                          0x080001eb   Thumb Code     0  memcpya.o(.text)
    __aeabi_memcpy8                          0x080001eb   Thumb Code     0  memcpya.o(.text)
    __aeabi_memset                           0x0800020f   Thumb Code    14  memseta.o(.text)
    __aeabi_memset4                          0x0800020f   Thumb Code     0  memseta.o(.text)
    __aeabi_memset8                          0x0800020f   Thumb Code     0  memseta.o(.text)
    __aeabi_memclr                           0x0800021d   Thumb Code     4  memseta.o(.text)
    __aeabi_memclr4                          0x0800021d   Thumb Code     0  memseta.o(.text)
    __aeabi_memclr8                          0x0800021d   Thumb Code     0  memseta.o(.text)
    _memset$wrapper                          0x08000221   Thumb Code    18  memseta.o(.text)
    __scatterload                            0x08000235   Thumb Code    28  init.o(.text)
    __scatterload_rt2                        0x08000235   Thumb Code     0  init.o(.text)
    APP_safeoutput                           0x08000259   Thumb Code     8  middlesoes.o(i.APP_safeoutput)
    BusFault_Handler                         0x08000265   Thumb Code     2  stm32f3xx_it.o(i.BusFault_Handler)
    DIG_process                              0x08000269   Thumb Code   142  middlesoes.o(i.DIG_process)
    DebugMon_Handler                         0x08000301   Thumb Code     2  stm32f3xx_it.o(i.DebugMon_Handler)
    ESC_ALerror                              0x08000305   Thumb Code    24  esc.o(i.ESC_ALerror)
    ESC_ALstatus                             0x08000321   Thumb Code    24  esc.o(i.ESC_ALstatus)
    ESC_ReadAlEvent                          0x0800033d   Thumb Code    12  esc.o(i.ESC_ReadAlEvent)
    ESC_SMack                                0x0800034d   Thumb Code    20  esc.o(i.ESC_SMack)
    ESC_SMdisable                            0x08000361   Thumb Code    22  esc.o(i.ESC_SMdisable)
    ESC_SMenable                             0x0800037d   Thumb Code    22  esc.o(i.ESC_SMenable)
    ESC_SMstatus                             0x08000399   Thumb Code    38  esc.o(i.ESC_SMstatus)
    ESC_SMwritepdi                           0x080003c5   Thumb Code    22  esc.o(i.ESC_SMwritepdi)
    ESC_ackmbxread                           0x080003e1   Thumb Code    30  esc.o(i.ESC_ackmbxread)
    ESC_address                              0x08000405   Thumb Code    22  esc.o(i.ESC_address)
    ESC_checkSM23                            0x08000421   Thumb Code   116  esc.o(i.ESC_checkSM23)
    ESC_checkmbx                             0x080004a1   Thumb Code   122  esc.o(i.ESC_checkmbx)
    ESC_checkmbxboot                         0x08000521   Thumb Code   122  esc.o(i.ESC_checkmbxboot)
    ESC_claimbuffer                          0x080005a1   Thumb Code    88  esc.o(i.ESC_claimbuffer)
    ESC_coeprocess                           0x08000605   Thumb Code   238  esc_coe.o(i.ESC_coeprocess)
    ESC_init                                 0x08000709   Thumb Code     4  esc.o(i.ESC_init)
    ESC_mbxprocess                           0x0800070d   Thumb Code   352  esc.o(i.ESC_mbxprocess)
    ESC_objecthandler                        0x0800087d   Thumb Code    96  middlesoes.o(i.ESC_objecthandler)
    ESC_outreqbuffer                         0x080008e1   Thumb Code    22  esc.o(i.ESC_outreqbuffer)
    ESC_pre_objecthandler                    0x080008fd   Thumb Code    46  esc_coe.o(i.ESC_pre_objecthandler)
    ESC_read                                 0x08000939   Thumb Code    86  esc.o(i.ESC_read)
    ESC_readmbx                              0x08000991   Thumb Code    82  esc.o(i.ESC_readmbx)
    ESC_reset                                0x080009f1   Thumb Code     2  esc.o(i.ESC_reset)
    ESC_startinput                           0x080009f5   Thumb Code    60  esc.o(i.ESC_startinput)
    ESC_startmbx                             0x08000a39   Thumb Code    76  esc.o(i.ESC_startmbx)
    ESC_startmbxboot                         0x08000a8d   Thumb Code    76  esc.o(i.ESC_startmbxboot)
    ESC_startoutput                          0x08000ae1   Thumb Code    24  esc.o(i.ESC_startoutput)
    ESC_state                                0x08000afd   Thumb Code   618  esc.o(i.ESC_state)
    ESC_stopinput                            0x08000d81   Thumb Code    24  esc.o(i.ESC_stopinput)
    ESC_stopmbx                              0x08000d9d   Thumb Code    66  esc.o(i.ESC_stopmbx)
    ESC_stopoutput                           0x08000ded   Thumb Code    26  esc.o(i.ESC_stopoutput)
    ESC_write                                0x08000e0d   Thumb Code    86  esc.o(i.ESC_write)
    ESC_writembx                             0x08000e65   Thumb Code    60  esc.o(i.ESC_writembx)
    ESC_xoeprocess                           0x08000ea9   Thumb Code    54  esc.o(i.ESC_xoeprocess)
    EXTI0_IRQHandler                         0x08000ef1   Thumb Code    16  driverhwlaninterrupt.o(i.EXTI0_IRQHandler)
    EXTI15_10_IRQHandler                     0x08000f05   Thumb Code    36  driverhwlaninterrupt.o(i.EXTI15_10_IRQHandler)
    HAL_GPIO_EXTI_Callback                   0x08000f2d   Thumb Code    54  driverhwlaninterrupt.o(i.HAL_GPIO_EXTI_Callback)
    HAL_GPIO_EXTI_IRQHandler                 0x08000f69   Thumb Code    18  stm32f3xx_hal_gpio.o(i.HAL_GPIO_EXTI_IRQHandler)
    HAL_GPIO_Init                            0x08000f81   Thumb Code   422  stm32f3xx_hal_gpio.o(i.HAL_GPIO_Init)
    HAL_GPIO_WritePin                        0x0800114d   Thumb Code    10  stm32f3xx_hal_gpio.o(i.HAL_GPIO_WritePin)
    HAL_GetTick                              0x08001159   Thumb Code     6  stm32f3xx_hal.o(i.HAL_GetTick)
    HAL_I2CEx_ConfigAnalogFilter             0x08001165   Thumb Code    86  stm32f3xx_hal_i2c_ex.o(i.HAL_I2CEx_ConfigAnalogFilter)
    HAL_I2C_Init                             0x080011bd   Thumb Code   170  stm32f3xx_hal_i2c.o(i.HAL_I2C_Init)
    HAL_I2C_Master_Receive                   0x0800126d   Thumb Code   298  stm32f3xx_hal_i2c.o(i.HAL_I2C_Master_Receive)
    HAL_I2C_Master_Transmit                  0x0800139d   Thumb Code   292  stm32f3xx_hal_i2c.o(i.HAL_I2C_Master_Transmit)
    HAL_I2C_MspInit                          0x080014c5   Thumb Code   126  stm32f3xx_hal_msp.o(i.HAL_I2C_MspInit)
    HAL_IncTick                              0x08001559   Thumb Code    10  stm32f3xx_hal.o(i.HAL_IncTick)
    HAL_Init                                 0x08001569   Thumb Code    32  stm32f3xx_hal.o(i.HAL_Init)
    HAL_InitTick                             0x0800158d   Thumb Code    34  stm32f3xx_hal.o(i.HAL_InitTick)
    HAL_MspInit                              0x080015b5   Thumb Code   106  stm32f3xx_hal_msp.o(i.HAL_MspInit)
    HAL_NVIC_SetPriority                     0x08001625   Thumb Code    60  stm32f3xx_hal_cortex.o(i.HAL_NVIC_SetPriority)
    HAL_NVIC_SetPriorityGrouping             0x08001665   Thumb Code    26  stm32f3xx_hal_cortex.o(i.HAL_NVIC_SetPriorityGrouping)
    HAL_PCD_DataInStageCallback              0x08001689   Thumb Code    18  usbd_conf.o(i.HAL_PCD_DataInStageCallback)
    HAL_PCD_DataOutStageCallback             0x0800169b   Thumb Code    20  usbd_conf.o(i.HAL_PCD_DataOutStageCallback)
    HAL_PCD_EP_ClrStall                      0x080016af   Thumb Code   176  stm32f3xx_hal_pcd.o(i.HAL_PCD_EP_ClrStall)
    HAL_PCD_EP_Open                          0x0800175f   Thumb Code   732  stm32f3xx_hal_pcd.o(i.HAL_PCD_EP_Open)
    HAL_PCD_EP_Receive                       0x08001a3d   Thumb Code   216  stm32f3xx_hal_pcd.o(i.HAL_PCD_EP_Receive)
    HAL_PCD_EP_SetStall                      0x08001b15   Thumb Code   138  stm32f3xx_hal_pcd.o(i.HAL_PCD_EP_SetStall)
    HAL_PCD_EP_Transmit                      0x08001b9f   Thumb Code   226  stm32f3xx_hal_pcd.o(i.HAL_PCD_EP_Transmit)
    HAL_PCD_IRQHandler                       0x08001c81   Thumb Code   252  stm32f3xx_hal_pcd.o(i.HAL_PCD_IRQHandler)
    HAL_PCD_ResetCallback                    0x08001d7d   Thumb Code    26  usbd_conf.o(i.HAL_PCD_ResetCallback)
    HAL_PCD_ResumeCallback                   0x08001d97   Thumb Code     8  usbd_conf.o(i.HAL_PCD_ResumeCallback)
    HAL_PCD_SOFCallback                      0x08001d9f   Thumb Code     8  usbd_conf.o(i.HAL_PCD_SOFCallback)
    HAL_PCD_SetAddress                       0x08001da7   Thumb Code    44  stm32f3xx_hal_pcd.o(i.HAL_PCD_SetAddress)
    HAL_PCD_SetupStageCallback               0x08001dd3   Thumb Code    14  usbd_conf.o(i.HAL_PCD_SetupStageCallback)
    HAL_PCD_SuspendCallback                  0x08001de1   Thumb Code    30  usbd_conf.o(i.HAL_PCD_SuspendCallback)
    HAL_RCCEx_PeriphCLKConfig                0x08001e05   Thumb Code   648  stm32f3xx_hal_rcc_ex.o(i.HAL_RCCEx_PeriphCLKConfig)
    HAL_RCC_ClockConfig                      0x08002099   Thumb Code   374  stm32f3xx_hal_rcc.o(i.HAL_RCC_ClockConfig)
    HAL_RCC_GetHCLKFreq                      0x08002221   Thumb Code     6  stm32f3xx_hal_rcc.o(i.HAL_RCC_GetHCLKFreq)
    HAL_RCC_GetSysClockFreq                  0x0800222d   Thumb Code    90  stm32f3xx_hal_rcc.o(i.HAL_RCC_GetSysClockFreq)
    HAL_RCC_OscConfig                        0x08002299   Thumb Code  1456  stm32f3xx_hal_rcc.o(i.HAL_RCC_OscConfig)
    HAL_SPI_Init                             0x08002849   Thumb Code   192  stm32f3xx_hal_spi.o(i.HAL_SPI_Init)
    HAL_SPI_MspInit                          0x08002909   Thumb Code   108  stm32f3xx_hal_msp.o(i.HAL_SPI_MspInit)
    HAL_SPI_TransmitReceive                  0x08002985   Thumb Code   690  stm32f3xx_hal_spi.o(i.HAL_SPI_TransmitReceive)
    HAL_SYSTICK_CLKSourceConfig              0x08002c37   Thumb Code    24  stm32f3xx_hal_cortex.o(i.HAL_SYSTICK_CLKSourceConfig)
    HAL_SYSTICK_Callback                     0x08002c4f   Thumb Code     2  stm32f3xx_hal_cortex.o(i.HAL_SYSTICK_Callback)
    HAL_SYSTICK_Config                       0x08002c51   Thumb Code    40  stm32f3xx_hal_cortex.o(i.HAL_SYSTICK_Config)
    HAL_SYSTICK_IRQHandler                   0x08002c79   Thumb Code     8  stm32f3xx_hal_cortex.o(i.HAL_SYSTICK_IRQHandler)
    HAL_TIMEx_BreakCallback                  0x08002c81   Thumb Code     2  stm32f3xx_hal_tim_ex.o(i.HAL_TIMEx_BreakCallback)
    HAL_TIMEx_CommutationCallback            0x08002c83   Thumb Code     2  stm32f3xx_hal_tim_ex.o(i.HAL_TIMEx_CommutationCallback)
    HAL_TIM_IC_CaptureCallback               0x08002c85   Thumb Code     2  stm32f3xx_hal_tim.o(i.HAL_TIM_IC_CaptureCallback)
    HAL_TIM_IRQHandler                       0x08002c87   Thumb Code   358  stm32f3xx_hal_tim.o(i.HAL_TIM_IRQHandler)
    HAL_TIM_OC_DelayElapsedCallback          0x08002ded   Thumb Code     2  stm32f3xx_hal_tim.o(i.HAL_TIM_OC_DelayElapsedCallback)
    HAL_TIM_PWM_PulseFinishedCallback        0x08002def   Thumb Code     2  stm32f3xx_hal_tim.o(i.HAL_TIM_PWM_PulseFinishedCallback)
    HAL_TIM_PeriodElapsedCallback            0x08002df1   Thumb Code    22  driverhwecatticktimer.o(i.HAL_TIM_PeriodElapsedCallback)
    HAL_TIM_TriggerCallback                  0x08002e0d   Thumb Code     2  stm32f3xx_hal_tim.o(i.HAL_TIM_TriggerCallback)
    HardFault_Handler                        0x08002e0f   Thumb Code     2  stm32f3xx_it.o(i.HardFault_Handler)
    MBX_error                                0x08003049   Thumb Code    44  esc.o(i.MBX_error)
    MemManage_Handler                        0x0800307d   Thumb Code     2  stm32f3xx_it.o(i.MemManage_Handler)
    NMI_Handler                              0x0800307f   Thumb Code     2  stm32f3xx_it.o(i.NMI_Handler)
    PCD_ReadPMA                              0x080033c9   Thumb Code    26  stm32f3xx_hal_pcd_ex.o(i.PCD_ReadPMA)
    PCD_WritePMA                             0x080033e5   Thumb Code    38  stm32f3xx_hal_pcd_ex.o(i.PCD_WritePMA)
    PDIReadAlEventReg                        0x0800340b   Thumb Code    20  driverswlan9252.o(i.PDIReadAlEventReg)
    PDIReadLAN9252DirectReg                  0x0800341f   Thumb Code     4  driverswlan9252.o(i.PDIReadLAN9252DirectReg)
    PDIReadReg                               0x08003423   Thumb Code    16  driverswlan9252.o(i.PDIReadReg)
    PDIWriteReg                              0x08003433   Thumb Code    16  driverswlan9252.o(i.PDIWriteReg)
    PDI_Init                                 0x08003445   Thumb Code    20  driverswlan9252.o(i.PDI_Init)
    PendSV_Handler                           0x0800345d   Thumb Code     2  stm32f3xx_it.o(i.PendSV_Handler)
    RXPDO_update                             0x08003461   Thumb Code    14  middlesoes.o(i.RXPDO_update)
    SDO_abort                                0x08003475   Thumb Code    62  esc_coe.o(i.SDO_abort)
    SDO_download                             0x080034bd   Thumb Code   246  esc_coe.o(i.SDO_download)
    SDO_findobject                           0x080035d9   Thumb Code    44  esc_coe.o(i.SDO_findobject)
    SDO_findsubindex                         0x08003609   Thumb Code    66  esc_coe.o(i.SDO_findsubindex)
    SDO_geted                                0x08003651   Thumb Code   200  esc_coe.o(i.SDO_geted)
    SDO_getod                                0x08003731   Thumb Code   202  esc_coe.o(i.SDO_getod)
    SDO_getodlist                            0x08003811   Thumb Code   280  esc_coe.o(i.SDO_getodlist)
    SDO_getodlistcont                        0x0800393d   Thumb Code   162  esc_coe.o(i.SDO_getodlistcont)
    SDO_infoerror                            0x080039f1   Thumb Code    68  esc_coe.o(i.SDO_infoerror)
    SDO_upload                               0x08003a3d   Thumb Code   246  esc_coe.o(i.SDO_upload)
    SDO_uploadsegment                        0x08003b4d   Thumb Code   136  esc_coe.o(i.SDO_uploadsegment)
    SPIReadBurstMode                         0x08003be1   Thumb Code    52  driverswlan9252.o(i.SPIReadBurstMode)
    SPIReadDWord                             0x08003c15   Thumb Code    46  driverswlan9252.o(i.SPIReadDWord)
    SPIReadPDRamRegister                     0x08003c49   Thumb Code   234  driverswlan9252.o(i.SPIReadPDRamRegister)
    SPIReadRegUsingCSR                       0x08003d33   Thumb Code    88  driverswlan9252.o(i.SPIReadRegUsingCSR)
    SPISendAddr                              0x08003d8b   Thumb Code    22  driverswlan9252.o(i.SPISendAddr)
    SPIWriteBurstMode                        0x08003da1   Thumb Code    34  driverswlan9252.o(i.SPIWriteBurstMode)
    SPIWriteBytes                            0x08003dc5   Thumb Code    56  driverswlan9252.o(i.SPIWriteBytes)
    SPIWriteDWord                            0x08003e01   Thumb Code    66  driverswlan9252.o(i.SPIWriteDWord)
    SPIWritePDRamRegister                    0x08003e4d   Thumb Code   232  driverswlan9252.o(i.SPIWritePDRamRegister)
    SPIWriteRegUsingCSR                      0x08003f35   Thumb Code    88  driverswlan9252.o(i.SPIWriteRegUsingCSR)
    SVC_Handler                              0x080040ed   Thumb Code     2  stm32f3xx_it.o(i.SVC_Handler)
    SysTick_Handler                          0x080040ef   Thumb Code    14  stm32f3xx_it.o(i.SysTick_Handler)
    SystemClock_Config                       0x080040fd   Thumb Code   132  main.o(i.SystemClock_Config)
    SystemInit                               0x08004185   Thumb Code    82  system_stm32f3xx.o(i.SystemInit)
    TIM2_IRQHandler                          0x080041ed   Thumb Code     6  driverhwecatticktimer.o(i.TIM2_IRQHandler)
    TXPDO_update                             0x080041f9   Thumb Code    14  middlesoes.o(i.TXPDO_update)
    USBD_ClrClassConfig                      0x08004211   Thumb Code    14  usbd_core.o(i.USBD_ClrClassConfig)
    USBD_CtlContinueRx                       0x0800421f   Thumb Code    16  usbd_ioreq.o(i.USBD_CtlContinueRx)
    USBD_CtlContinueSendData                 0x0800422f   Thumb Code    16  usbd_ioreq.o(i.USBD_CtlContinueSendData)
    USBD_CtlError                            0x0800423f   Thumb Code    22  usbd_ctlreq.o(i.USBD_CtlError)
    USBD_CtlReceiveStatus                    0x08004255   Thumb Code    22  usbd_ioreq.o(i.USBD_CtlReceiveStatus)
    USBD_CtlSendData                         0x0800426b   Thumb Code    26  usbd_ioreq.o(i.USBD_CtlSendData)
    USBD_CtlSendStatus                       0x08004285   Thumb Code    22  usbd_ioreq.o(i.USBD_CtlSendStatus)
    USBD_LL_ClearStallEP                     0x0800437b   Thumb Code    14  usbd_conf.o(i.USBD_LL_ClearStallEP)
    USBD_LL_DataInStage                      0x08004389   Thumb Code   170  usbd_core.o(i.USBD_LL_DataInStage)
    USBD_LL_DataOutStage                     0x08004433   Thumb Code   106  usbd_core.o(i.USBD_LL_DataOutStage)
    USBD_LL_IsStallEP                        0x0800449d   Thumb Code    32  usbd_conf.o(i.USBD_LL_IsStallEP)
    USBD_LL_OpenEP                           0x080044bd   Thumb Code    20  usbd_conf.o(i.USBD_LL_OpenEP)
    USBD_LL_PrepareReceive                   0x080044d1   Thumb Code    14  usbd_conf.o(i.USBD_LL_PrepareReceive)
    USBD_LL_Reset                            0x080044df   Thumb Code    62  usbd_core.o(i.USBD_LL_Reset)
    USBD_LL_Resume                           0x0800451d   Thumb Code    12  usbd_core.o(i.USBD_LL_Resume)
    USBD_LL_SOF                              0x08004529   Thumb Code    24  usbd_core.o(i.USBD_LL_SOF)
    USBD_LL_SetSpeed                         0x08004541   Thumb Code     6  usbd_core.o(i.USBD_LL_SetSpeed)
    USBD_LL_SetUSBAddress                    0x08004547   Thumb Code    14  usbd_conf.o(i.USBD_LL_SetUSBAddress)
    USBD_LL_SetupStage                       0x08004555   Thumb Code    90  usbd_core.o(i.USBD_LL_SetupStage)
    USBD_LL_StallEP                          0x080045af   Thumb Code    14  usbd_conf.o(i.USBD_LL_StallEP)
    USBD_LL_Suspend                          0x080045bd   Thumb Code    18  usbd_core.o(i.USBD_LL_Suspend)
    USBD_LL_Transmit                         0x080045cf   Thumb Code    14  usbd_conf.o(i.USBD_LL_Transmit)
    USBD_ParseSetupRequest                   0x080045dd   Thumb Code    40  usbd_ctlreq.o(i.USBD_ParseSetupRequest)
    USBD_SetClassConfig                      0x08004605   Thumb Code    22  usbd_core.o(i.USBD_SetClassConfig)
    USBD_StdDevReq                           0x08004691   Thumb Code   242  usbd_ctlreq.o(i.USBD_StdDevReq)
    USBD_StdEPReq                            0x08004783   Thumb Code   220  usbd_ctlreq.o(i.USBD_StdEPReq)
    USBD_StdItfReq                           0x0800485f   Thumb Code    52  usbd_ctlreq.o(i.USBD_StdItfReq)
    USB_LP_IRQHandler                        0x08004895   Thumb Code     6  stm32f3xx_it.o(i.USB_LP_IRQHandler)
    UsageFault_Handler                       0x080048a1   Thumb Code     2  stm32f3xx_it.o(i.UsageFault_Handler)
    __scatterload_copy                       0x080048a3   Thumb Code    14  handlers.o(i.__scatterload_copy)
    __scatterload_null                       0x080048b1   Thumb Code     2  handlers.o(i.__scatterload_null)
    __scatterload_zeroinit                   0x080048b3   Thumb Code    14  handlers.o(i.__scatterload_zeroinit)
    copy2mbx                                 0x080048c1   Thumb Code    10  esc_coe.o(i.copy2mbx)
    driverHWI2C3Init                         0x080048cd   Thumb Code    88  driverhwi2c3.o(i.driverHWI2C3Init)
    driverHWI2C3Read                         0x08004935   Thumb Code    36  driverhwi2c3.o(i.driverHWI2C3Read)
    driverHWI2C3ReadWrite                    0x0800495d   Thumb Code    28  driverhwi2c3.o(i.driverHWI2C3ReadWrite)
    driverHWSPI1Init                         0x0800497d   Thumb Code   114  driverhwspi1.o(i.driverHWSPI1Init)
    driverHWSPI1SetCS                        0x08004a01   Thumb Code    12  driverhwspi1.o(i.driverHWSPI1SetCS)
    driverHWSPI1Write                        0x08004a11   Thumb Code    60  driverhwspi1.o(i.driverHWSPI1Write)
    driverHWSPI1WriteRead                    0x08004a51   Thumb Code   114  driverhwspi1.o(i.driverHWSPI1WriteRead)
    driverHWSPI1WriteSingleByte              0x08004ac9   Thumb Code    16  driverhwspi1.o(i.driverHWSPI1WriteSingleByte)
    driverHWSetOutput                        0x08004ad9   Thumb Code    24  driverhwstatus.o(i.driverHWSetOutput)
    driverHWStatusInit                       0x08004af5   Thumb Code   102  driverhwstatus.o(i.driverHWStatusInit)
    driverSWNunChuckGetCalibrationData       0x08004b65   Thumb Code   200  driverswnunchuck.o(i.driverSWNunChuckGetCalibrationData)
    driverSWNunChuckGetID                    0x08004c31   Thumb Code   102  driverswnunchuck.o(i.driverSWNunChuckGetID)
    driverSWNunChuckGetSensorData            0x08004c9d   Thumb Code   160  driverswnunchuck.o(i.driverSWNunChuckGetSensorData)
    driverSWNunChuckInit                     0x08004d41   Thumb Code    84  driverswnunchuck.o(i.driverSWNunChuckInit)
    driverSWNunChuckSetAddressPointer        0x08004d9d   Thumb Code    22  driverswnunchuck.o(i.driverSWNunChuckSetAddressPointer)
    free                                     0x08004db5   Thumb Code    76  malloc.o(i.free)
    main                                     0x08004e05   Thumb Code   106  main.o(i.main)
    malloc                                   0x08004e7d   Thumb Code    92  malloc.o(i.malloc)
    middleNunChuckInit                       0x08004ee9   Thumb Code    54  middlenunchuck.o(i.middleNunChuckInit)
    middleNunChuckNewDataEvent               0x08004f29   Thumb Code    10  middlenunchuck.o(i.middleNunChuckNewDataEvent)
    middleNunChuckTask                       0x08004f39   Thumb Code   320  middlenunchuck.o(i.middleNunChuckTask)
    middleNunchuckMapVariable                0x08005081   Thumb Code    32  middlenunchuck.o(i.middleNunchuckMapVariable)
    middleSOESInit                           0x080050a1   Thumb Code    98  middlesoes.o(i.middleSOESInit)
    middleSOESReadBufferUpdateEvent          0x08005111   Thumb Code    10  middlesoes.o(i.middleSOESReadBufferUpdateEvent)
    middleSOESTask                           0x08005121   Thumb Code    82  middlesoes.o(i.middleSOESTask)
    modDelayInit                             0x0800517d   Thumb Code     2  moddelay.o(i.modDelayInit)
    modDelayTick100ms                        0x08005181   Thumb Code    46  moddelay.o(i.modDelayTick100ms)
    modDelayTick1ms                          0x080051b5   Thumb Code    32  moddelay.o(i.modDelayTick1ms)
    modEffectChangeState                     0x080051d5   Thumb Code    34  modeffect.o(i.modEffectChangeState)
    modEffectInit                            0x080051fd   Thumb Code    14  modeffect.o(i.modEffectInit)
    modEffectTask                            0x0800520d   Thumb Code    88  modeffect.o(i.modEffectTask)
    modEffectTaskBlinkLong                   0x08005269   Thumb Code    72  modeffect.o(i.modEffectTaskBlinkLong)
    modEffectTaskBlinkShort                  0x080052b5   Thumb Code    72  modeffect.o(i.modEffectTaskBlinkShort)
    modEffectTaskFlash                       0x08005301   Thumb Code    32  modeffect.o(i.modEffectTaskFlash)
    modEffectTaskFlashFast                   0x08005325   Thumb Code    32  modeffect.o(i.modEffectTaskFlashFast)
    newNunChuckDataEventHandler              0x08005349   Thumb Code    20  main.o(i.newNunChuckDataEventHandler)
    newSOESReadBufferUpdateHandler           0x08005361   Thumb Code    38  main.o(i.newSOESReadBufferUpdateHandler)
    sizeRXPDO                                0x08005391   Thumb Code   114  esc_coe.o(i.sizeRXPDO)
    sizeTXPDO                                0x0800540d   Thumb Code   114  esc_coe.o(i.sizeTXPDO)
    aPLLMULFactorTable                       0x08005488   Data          16  stm32f3xx_hal_rcc.o(.constdata)
    aPredivFactorTable                       0x08005498   Data          16  stm32f3xx_hal_rcc.o(.constdata)
    STATPorts                                0x080054a8   Data          48  driverhwstatus.o(.constdata)
    SDO1000                                  0x0800575f   Data          20  objectlist.o(.constdata)
    SDO1008                                  0x08005773   Data          20  objectlist.o(.constdata)
    SDO1009                                  0x08005787   Data          20  objectlist.o(.constdata)
    SDO100A                                  0x0800579b   Data          20  objectlist.o(.constdata)
    SDO1018                                  0x080057af   Data         100  objectlist.o(.constdata)
    SDO1600                                  0x08005813   Data          60  objectlist.o(.constdata)
    SDO1A00                                  0x0800584f   Data         240  objectlist.o(.constdata)
    SDO1C00                                  0x0800593f   Data         100  objectlist.o(.constdata)
    SDO1C10                                  0x080059a3   Data          20  objectlist.o(.constdata)
    SDO1C11                                  0x080059b7   Data          20  objectlist.o(.constdata)
    SDO1C12                                  0x080059cb   Data          40  objectlist.o(.constdata)
    SDO1C13                                  0x080059f3   Data          40  objectlist.o(.constdata)
    SDO6000                                  0x08005a1b   Data         180  objectlist.o(.constdata)
    SDO7000                                  0x08005acf   Data          40  objectlist.o(.constdata)
    SDO7100                                  0x08005af7   Data          20  objectlist.o(.constdata)
    SDO8001                                  0x08005b0b   Data          20  objectlist.o(.constdata)
    SDOobjects                               0x08005b1f   Data         238  objectlist.o(.constdata)
    AHBPrescTable                            0x08005c0d   Data          16  system_stm32f3xx.o(.constdata)
    Region$$Table$$Base                      0x08005c20   Number         0  anon$$obj.o(Region$$Table)
    Region$$Table$$Limit                     0x08005c40   Number         0  anon$$obj.o(Region$$Table)
    uwTick                                   0x20000000   Data           4  stm32f3xx_hal.o(.data)
    driverHWECATTickTimerInterruptActive     0x20000004   Data           1  driverhwecatticktimer.o(.data)
    driverHWECATTickTimercallBackTickFunction 0x20000008   Data           4  driverhwecatticktimer.o(.data)
    driverHWECATTick                         0x2000000c   Data           4  driverhwecatticktimer.o(.data)
    driverHWLANInterruptInitialized          0x20000010   Data           1  driverhwlaninterrupt.o(.data)
    driverHWLANInterruptcallBackIRQActive    0x20000011   Data           1  driverhwlaninterrupt.o(.data)
    driverHWLANInterruptcallBackSYNC0Active  0x20000012   Data           1  driverhwlaninterrupt.o(.data)
    driverHWLANInterruptcallBackSYNC1Active  0x20000013   Data           1  driverhwlaninterrupt.o(.data)
    driverHWLANInterruptcallBackIRQFunction  0x20000014   Data           4  driverhwlaninterrupt.o(.data)
    driverHWLANInterruptcallBackSYNC0Function 0x20000018   Data           4  driverhwlaninterrupt.o(.data)
    driverHWLANInterruptcallBackSYNC1Function 0x2000001c   Data           4  driverhwlaninterrupt.o(.data)
    RunLedje                                 0x20000020   Data           1  driverswlan9252.o(.data)
    ErrorLedje                               0x20000021   Data           1  driverswlan9252.o(.data)
    driverSWLAN9252TimerHandler              0x20000024   Data           4  driverswlan9252.o(.data)
    driverSWLAN9252IRQHandler                0x20000028   Data           4  driverswlan9252.o(.data)
    driverSWLAN9252SYNC0Handler              0x2000002c   Data           4  driverswlan9252.o(.data)
    driverSWLAN9252SYNC1Handler              0x20000030   Data           4  driverswlan9252.o(.data)
    driverNunChuckInitDelayLastTick          0x20000034   Data           4  driverswnunchuck.o(.data)
    MBXrun                                   0x2000005b   Data           1  middlesoes.o(.data)
    txpdoitems                               0x2000005c   Data           1  middlesoes.o(.data)
    rxpdoitems                               0x2000005d   Data           1  middlesoes.o(.data)
    middleSOESWriteBuffer                    0x2000005e   Data           1  middlesoes.o(.data)
    App                                      0x2000005f   Data           1  middlesoes.o(.data)
    txpdomap                                 0x20000060   Data           2  middlesoes.o(.data)
    rxpdomap                                 0x20000062   Data           2  middlesoes.o(.data)
    SM2_sml                                  0x20000064   Data           2  middlesoes.o(.data)
    SM3_sml                                  0x20000066   Data           2  middlesoes.o(.data)
    TXPDOsize                                0x20000068   Data           2  middlesoes.o(.data)
    RXPDOsize                                0x2000006a   Data           2  middlesoes.o(.data)
    wd_cnt                                   0x2000006c   Data           4  middlesoes.o(.data)
    middleSOESReadBufferUpdateEventFunctionPointer 0x20000070   Data           4  middlesoes.o(.data)
    MBXcontrol                               0x20000074   Data           3  middlesoes.o(.data)
    middleNunChuckCalibrationDataValid       0x20000078   Data           1  middlenunchuck.o(.data)
    middleNunChuckMeasureIntervalLastTick    0x2000007c   Data           4  middlenunchuck.o(.data)
    middleNunChuckMeasureIntervalDesired     0x20000080   Data           4  middlenunchuck.o(.data)
    middleNunChuckMeasureInterval            0x20000084   Data           4  middlenunchuck.o(.data)
    middleNunChuckEventFunctionPointer       0x20000088   Data           4  middlenunchuck.o(.data)
    middleNunChuckID                         0x20000090   Data           8  middlenunchuck.o(.data)
    STATStatuses                             0x200000b4   Data          32  modeffect.o(.data)
    SystemCoreClock                          0x200000d4   Data           4  system_stm32f3xx.o(.data)
    __microlib_freelist                      0x200000d8   Data           4  mvars.o(.data)
    __microlib_freelist_initialised          0x200000dc   Data           4  mvars.o(.data)
    driverHWECATTickTimerTIM2                0x200000e0   Data          60  driverhwecatticktimer.o(.bss)
    driverHWSPI1Handle                       0x2000011c   Data         100  driverhwspi1.o(.bss)
    driverHWI2C3Handle                       0x20000180   Data          76  driverhwi2c3.o(.bss)
    hpcd_USB_FS                              0x200003ec   Data         936  usbd_conf.o(.bss)
    ESCvar                                   0x20000794   Data          76  middlesoes.o(.bss)
    middleSOESReadBuffer                     0x200007e0   Data          11  middlesoes.o(.bss)
    MBX                                      0x200007eb   Data         384  middlesoes.o(.bss)
    middleNunChuckCalibrationData            0x20000970   Data          18  middlenunchuck.o(.bss)
    middleNunChuckSensorData                 0x20000982   Data          10  middlenunchuck.o(.bss)
    middleNunChuckData                       0x20000990   Data          32  middlenunchuck.o(.bss)
    mainNunChuckSensorDataStruct             0x200009b0   Data          32  main.o(.bss)
    __heap_base                              0x200009d0   Data           0  startup_stm32f303xe.o(HEAP)
    __heap_limit                             0x20000bd0   Data           0  startup_stm32f303xe.o(HEAP)
    __initial_sp                             0x20000fd0   Data           0  startup_stm32f303xe.o(STACK)



==============================================================================

Memory Map of the image

  Image Entry point : 0x08000195

  Load Region LR_IROM1 (Base: 0x08000000, Size: 0x00005d20, Max: 0x00080000, ABSOLUTE)

    Execution Region ER_IROM1 (Base: 0x08000000, Size: 0x00005c40, Max: 0x00080000, ABSOLUTE)

    Base Addr    Size         Type   Attr      Idx    E Section Name        Object

    0x08000000   0x00000194   Data   RO         5526    RESET               startup_stm32f303xe.o
    0x08000194   0x00000000   Code   RO         5796  * .ARM.Collect$$$$00000000  mc_w.l(entry.o)
    0x08000194   0x00000004   Code   RO         5839    .ARM.Collect$$$$00000001  mc_w.l(entry2.o)
    0x08000198   0x00000004   Code   RO         5842    .ARM.Collect$$$$00000004  mc_w.l(entry5.o)
    0x0800019c   0x00000000   Code   RO         5844    .ARM.Collect$$$$00000008  mc_w.l(entry7b.o)
    0x0800019c   0x00000000   Code   RO         5846    .ARM.Collect$$$$0000000A  mc_w.l(entry8b.o)
    0x0800019c   0x00000008   Code   RO         5847    .ARM.Collect$$$$0000000B  mc_w.l(entry9a.o)
    0x080001a4   0x00000000   Code   RO         5849    .ARM.Collect$$$$0000000D  mc_w.l(entry10a.o)
    0x080001a4   0x00000000   Code   RO         5851    .ARM.Collect$$$$0000000F  mc_w.l(entry11a.o)
    0x080001a4   0x00000004   Code   RO         5840    .ARM.Collect$$$$00002712  mc_w.l(entry2.o)
    0x080001a8   0x00000024   Code   RO         5527    .text               startup_stm32f303xe.o
    0x080001cc   0x0000001e   Code   RO         5799    .text               mc_w.l(llshl.o)
    0x080001ea   0x00000024   Code   RO         5803    .text               mc_w.l(memcpya.o)
    0x0800020e   0x00000024   Code   RO         5805    .text               mc_w.l(memseta.o)
    0x08000232   0x00000002   PAD
    0x08000234   0x00000024   Code   RO         5855    .text               mc_w.l(init.o)
    0x08000258   0x0000000c   Code   RO         4897    i.APP_safeoutput    middlesoes.o
    0x08000264   0x00000002   Code   RO         5618    i.BusFault_Handler  stm32f3xx_it.o
    0x08000266   0x00000002   PAD
    0x08000268   0x00000098   Code   RO         4898    i.DIG_process       middlesoes.o
    0x08000300   0x00000002   Code   RO         5619    i.DebugMon_Handler  stm32f3xx_it.o
    0x08000302   0x00000002   PAD
    0x08000304   0x0000001c   Code   RO         4375    i.ESC_ALerror       esc.o
    0x08000320   0x0000001c   Code   RO         4376    i.ESC_ALstatus      esc.o
    0x0800033c   0x00000010   Code   RO         4377    i.ESC_ReadAlEvent   esc.o
    0x0800034c   0x00000014   Code   RO         4378    i.ESC_SMack         esc.o
    0x08000360   0x0000001c   Code   RO         4379    i.ESC_SMdisable     esc.o
    0x0800037c   0x0000001c   Code   RO         4380    i.ESC_SMenable      esc.o
    0x08000398   0x0000002c   Code   RO         4381    i.ESC_SMstatus      esc.o
    0x080003c4   0x0000001c   Code   RO         4382    i.ESC_SMwritepdi    esc.o
    0x080003e0   0x00000024   Code   RO         4384    i.ESC_ackmbxread    esc.o
    0x08000404   0x0000001c   Code   RO         4385    i.ESC_address       esc.o
    0x08000420   0x00000080   Code   RO         4386    i.ESC_checkSM23     esc.o
    0x080004a0   0x00000080   Code   RO         4387    i.ESC_checkmbx      esc.o
    0x08000520   0x00000080   Code   RO         4388    i.ESC_checkmbxboot  esc.o
    0x080005a0   0x00000064   Code   RO         4389    i.ESC_claimbuffer   esc.o
    0x08000604   0x00000104   Code   RO         4607    i.ESC_coeprocess    esc_coe.o
    0x08000708   0x00000004   Code   RO         4391    i.ESC_init          esc.o
    0x0800070c   0x00000170   Code   RO         4392    i.ESC_mbxprocess    esc.o
    0x0800087c   0x00000064   Code   RO         4899    i.ESC_objecthandler  middlesoes.o
    0x080008e0   0x0000001c   Code   RO         4393    i.ESC_outreqbuffer  esc.o
    0x080008fc   0x0000003c   Code   RO         4608    i.ESC_pre_objecthandler  esc_coe.o
    0x08000938   0x00000056   Code   RO         4394    i.ESC_read          esc.o
    0x0800098e   0x00000002   PAD
    0x08000990   0x00000060   Code   RO         4395    i.ESC_readmbx       esc.o
    0x080009f0   0x00000002   Code   RO         4396    i.ESC_reset         esc.o
    0x080009f2   0x00000002   PAD
    0x080009f4   0x00000044   Code   RO         4397    i.ESC_startinput    esc.o
    0x08000a38   0x00000054   Code   RO         4398    i.ESC_startmbx      esc.o
    0x08000a8c   0x00000054   Code   RO         4399    i.ESC_startmbxboot  esc.o
    0x08000ae0   0x0000001c   Code   RO         4400    i.ESC_startoutput   esc.o
    0x08000afc   0x00000284   Code   RO         4401    i.ESC_state         esc.o
    0x08000d80   0x0000001c   Code   RO         4402    i.ESC_stopinput     esc.o
    0x08000d9c   0x00000050   Code   RO         4403    i.ESC_stopmbx       esc.o
    0x08000dec   0x00000020   Code   RO         4404    i.ESC_stopoutput    esc.o
    0x08000e0c   0x00000056   Code   RO         4405    i.ESC_write         esc.o
    0x08000e62   0x00000002   PAD
    0x08000e64   0x00000044   Code   RO         4406    i.ESC_writembx      esc.o
    0x08000ea8   0x00000048   Code   RO         4407    i.ESC_xoeprocess    esc.o
    0x08000ef0   0x00000014   Code   RO         3499    i.EXTI0_IRQHandler  driverhwlaninterrupt.o
    0x08000f04   0x00000028   Code   RO         3500    i.EXTI15_10_IRQHandler  driverhwlaninterrupt.o
    0x08000f2c   0x0000003c   Code   RO         3501    i.HAL_GPIO_EXTI_Callback  driverhwlaninterrupt.o
    0x08000f68   0x00000018   Code   RO          497    i.HAL_GPIO_EXTI_IRQHandler  stm32f3xx_hal_gpio.o
    0x08000f80   0x000001cc   Code   RO          498    i.HAL_GPIO_Init     stm32f3xx_hal_gpio.o
    0x0800114c   0x0000000a   Code   RO          502    i.HAL_GPIO_WritePin  stm32f3xx_hal_gpio.o
    0x08001156   0x00000002   PAD
    0x08001158   0x0000000c   Code   RO         1180    i.HAL_GetTick       stm32f3xx_hal.o
    0x08001164   0x00000056   Code   RO         1304    i.HAL_I2CEx_ConfigAnalogFilter  stm32f3xx_hal_i2c_ex.o
    0x080011ba   0x00000002   PAD
    0x080011bc   0x000000b0   Code   RO          620    i.HAL_I2C_Init      stm32f3xx_hal_i2c.o
    0x0800126c   0x00000130   Code   RO          626    i.HAL_I2C_Master_Receive  stm32f3xx_hal_i2c.o
    0x0800139c   0x00000128   Code   RO          631    i.HAL_I2C_Master_Transmit  stm32f3xx_hal_i2c.o
    0x080014c4   0x00000094   Code   RO         5537    i.HAL_I2C_MspInit   stm32f3xx_hal_msp.o
    0x08001558   0x00000010   Code   RO         1181    i.HAL_IncTick       stm32f3xx_hal.o
    0x08001568   0x00000024   Code   RO         1182    i.HAL_Init          stm32f3xx_hal.o
    0x0800158c   0x00000028   Code   RO         1183    i.HAL_InitTick      stm32f3xx_hal.o
    0x080015b4   0x00000070   Code   RO         5538    i.HAL_MspInit       stm32f3xx_hal_msp.o
    0x08001624   0x00000040   Code   RO         3315    i.HAL_NVIC_SetPriority  stm32f3xx_hal_cortex.o
    0x08001664   0x00000024   Code   RO         3316    i.HAL_NVIC_SetPriorityGrouping  stm32f3xx_hal_cortex.o
    0x08001688   0x00000012   Code   RO         3835    i.HAL_PCD_DataInStageCallback  usbd_conf.o
    0x0800169a   0x00000014   Code   RO         3836    i.HAL_PCD_DataOutStageCallback  usbd_conf.o
    0x080016ae   0x000000b0   Code   RO         3048    i.HAL_PCD_EP_ClrStall  stm32f3xx_hal_pcd.o
    0x0800175e   0x000002dc   Code   RO         3051    i.HAL_PCD_EP_Open   stm32f3xx_hal_pcd.o
    0x08001a3a   0x00000002   PAD
    0x08001a3c   0x000000d8   Code   RO         3052    i.HAL_PCD_EP_Receive  stm32f3xx_hal_pcd.o
    0x08001b14   0x0000008a   Code   RO         3053    i.HAL_PCD_EP_SetStall  stm32f3xx_hal_pcd.o
    0x08001b9e   0x000000e2   Code   RO         3054    i.HAL_PCD_EP_Transmit  stm32f3xx_hal_pcd.o
    0x08001c80   0x000000fc   Code   RO         3056    i.HAL_PCD_IRQHandler  stm32f3xx_hal_pcd.o
    0x08001d7c   0x0000001a   Code   RO         3842    i.HAL_PCD_ResetCallback  usbd_conf.o
    0x08001d96   0x00000008   Code   RO         3843    i.HAL_PCD_ResumeCallback  usbd_conf.o
    0x08001d9e   0x00000008   Code   RO         3844    i.HAL_PCD_SOFCallback  usbd_conf.o
    0x08001da6   0x0000002c   Code   RO         3065    i.HAL_PCD_SetAddress  stm32f3xx_hal_pcd.o
    0x08001dd2   0x0000000e   Code   RO         3845    i.HAL_PCD_SetupStageCallback  usbd_conf.o
    0x08001de0   0x00000024   Code   RO         3846    i.HAL_PCD_SuspendCallback  usbd_conf.o
    0x08001e04   0x00000294   Code   RO         1039    i.HAL_RCCEx_PeriphCLKConfig  stm32f3xx_hal_rcc_ex.o
    0x08002098   0x00000188   Code   RO         2606    i.HAL_RCC_ClockConfig  stm32f3xx_hal_rcc.o
    0x08002220   0x0000000c   Code   RO         2611    i.HAL_RCC_GetHCLKFreq  stm32f3xx_hal_rcc.o
    0x0800222c   0x0000006c   Code   RO         2615    i.HAL_RCC_GetSysClockFreq  stm32f3xx_hal_rcc.o
    0x08002298   0x000005b0   Code   RO         2618    i.HAL_RCC_OscConfig  stm32f3xx_hal_rcc.o
    0x08002848   0x000000c0   Code   RO         2718    i.HAL_SPI_Init      stm32f3xx_hal_spi.o
    0x08002908   0x0000007c   Code   RO         5540    i.HAL_SPI_MspInit   stm32f3xx_hal_msp.o
    0x08002984   0x000002b2   Code   RO         2727    i.HAL_SPI_TransmitReceive  stm32f3xx_hal_spi.o
    0x08002c36   0x00000018   Code   RO         3318    i.HAL_SYSTICK_CLKSourceConfig  stm32f3xx_hal_cortex.o
    0x08002c4e   0x00000002   Code   RO         3319    i.HAL_SYSTICK_Callback  stm32f3xx_hal_cortex.o
    0x08002c50   0x00000028   Code   RO         3320    i.HAL_SYSTICK_Config  stm32f3xx_hal_cortex.o
    0x08002c78   0x00000008   Code   RO         3321    i.HAL_SYSTICK_IRQHandler  stm32f3xx_hal_cortex.o
    0x08002c80   0x00000002   Code   RO         1358    i.HAL_TIMEx_BreakCallback  stm32f3xx_hal_tim_ex.o
    0x08002c82   0x00000002   Code   RO         1359    i.HAL_TIMEx_CommutationCallback  stm32f3xx_hal_tim_ex.o
    0x08002c84   0x00000002   Code   RO         1919    i.HAL_TIM_IC_CaptureCallback  stm32f3xx_hal_tim.o
    0x08002c86   0x00000166   Code   RO         1932    i.HAL_TIM_IRQHandler  stm32f3xx_hal_tim.o
    0x08002dec   0x00000002   Code   RO         1935    i.HAL_TIM_OC_DelayElapsedCallback  stm32f3xx_hal_tim.o
    0x08002dee   0x00000002   Code   RO         1962    i.HAL_TIM_PWM_PulseFinishedCallback  stm32f3xx_hal_tim.o
    0x08002df0   0x0000001c   Code   RO         3429    i.HAL_TIM_PeriodElapsedCallback  driverhwecatticktimer.o
    0x08002e0c   0x00000002   Code   RO         1973    i.HAL_TIM_TriggerCallback  stm32f3xx_hal_tim.o
    0x08002e0e   0x00000002   Code   RO         5620    i.HardFault_Handler  stm32f3xx_it.o
    0x08002e10   0x00000022   Code   RO          662    i.I2C_Flush_TXDR    stm32f3xx_hal_i2c.o
    0x08002e32   0x00000002   PAD
    0x08002e34   0x0000007c   Code   RO          670    i.I2C_IsAcknowledgeFailed  stm32f3xx_hal_i2c.o
    0x08002eb0   0x00000024   Code   RO          677    i.I2C_TransferConfig  stm32f3xx_hal_i2c.o
    0x08002ed4   0x00000052   Code   RO          678    i.I2C_WaitOnFlagUntilTimeout  stm32f3xx_hal_i2c.o
    0x08002f26   0x00000002   PAD
    0x08002f28   0x00000080   Code   RO          679    i.I2C_WaitOnRXNEFlagUntilTimeout  stm32f3xx_hal_i2c.o
    0x08002fa8   0x0000004e   Code   RO          680    i.I2C_WaitOnSTOPFlagUntilTimeout  stm32f3xx_hal_i2c.o
    0x08002ff6   0x00000052   Code   RO          681    i.I2C_WaitOnTXISFlagUntilTimeout  stm32f3xx_hal_i2c.o
    0x08003048   0x00000034   Code   RO         4408    i.MBX_error         esc.o
    0x0800307c   0x00000002   Code   RO         5621    i.MemManage_Handler  stm32f3xx_it.o
    0x0800307e   0x00000002   Code   RO         5622    i.NMI_Handler       stm32f3xx_it.o
    0x08003080   0x00000020   Code   RO         3322    i.NVIC_SetPriority  stm32f3xx_hal_cortex.o
    0x080030a0   0x00000328   Code   RO         3070    i.PCD_EP_ISR_Handler  stm32f3xx_hal_pcd.o
    0x080033c8   0x0000001a   Code   RO         1848    i.PCD_ReadPMA       stm32f3xx_hal_pcd_ex.o
    0x080033e2   0x00000002   PAD
    0x080033e4   0x00000026   Code   RO         1849    i.PCD_WritePMA      stm32f3xx_hal_pcd_ex.o
    0x0800340a   0x00000014   Code   RO         4108    i.PDIReadAlEventReg  driverswlan9252.o
    0x0800341e   0x00000004   Code   RO         4109    i.PDIReadLAN9252DirectReg  driverswlan9252.o
    0x08003422   0x00000010   Code   RO         4110    i.PDIReadReg        driverswlan9252.o
    0x08003432   0x00000010   Code   RO         4112    i.PDIWriteReg       driverswlan9252.o
    0x08003442   0x00000002   PAD
    0x08003444   0x00000018   Code   RO         4121    i.PDI_Init          driverswlan9252.o
    0x0800345c   0x00000002   Code   RO         5623    i.PendSV_Handler    stm32f3xx_it.o
    0x0800345e   0x00000002   PAD
    0x08003460   0x00000014   Code   RO         4900    i.RXPDO_update      middlesoes.o
    0x08003474   0x00000048   Code   RO         4609    i.SDO_abort         esc_coe.o
    0x080034bc   0x0000011c   Code   RO         4610    i.SDO_download      esc_coe.o
    0x080035d8   0x00000030   Code   RO         4611    i.SDO_findobject    esc_coe.o
    0x08003608   0x00000048   Code   RO         4612    i.SDO_findsubindex  esc_coe.o
    0x08003650   0x000000e0   Code   RO         4613    i.SDO_geted         esc_coe.o
    0x08003730   0x000000e0   Code   RO         4614    i.SDO_getod         esc_coe.o
    0x08003810   0x0000012c   Code   RO         4615    i.SDO_getodlist     esc_coe.o
    0x0800393c   0x000000b4   Code   RO         4616    i.SDO_getodlistcont  esc_coe.o
    0x080039f0   0x0000004c   Code   RO         4617    i.SDO_infoerror     esc_coe.o
    0x08003a3c   0x00000110   Code   RO         4618    i.SDO_upload        esc_coe.o
    0x08003b4c   0x00000094   Code   RO         4619    i.SDO_uploadsegment  esc_coe.o
    0x08003be0   0x00000034   Code   RO         4127    i.SPIReadBurstMode  driverswlan9252.o
    0x08003c14   0x00000034   Code   RO         4128    i.SPIReadDWord      driverswlan9252.o
    0x08003c48   0x000000ea   Code   RO         4129    i.SPIReadPDRamRegister  driverswlan9252.o
    0x08003d32   0x00000058   Code   RO         4130    i.SPIReadRegUsingCSR  driverswlan9252.o
    0x08003d8a   0x00000016   Code   RO         4131    i.SPISendAddr       driverswlan9252.o
    0x08003da0   0x00000022   Code   RO         4132    i.SPIWriteBurstMode  driverswlan9252.o
    0x08003dc2   0x00000002   PAD
    0x08003dc4   0x0000003c   Code   RO         4134    i.SPIWriteBytes     driverswlan9252.o
    0x08003e00   0x0000004c   Code   RO         4135    i.SPIWriteDWord     driverswlan9252.o
    0x08003e4c   0x000000e8   Code   RO         4136    i.SPIWritePDRamRegister  driverswlan9252.o
    0x08003f34   0x00000058   Code   RO         4137    i.SPIWriteRegUsingCSR  driverswlan9252.o
    0x08003f8c   0x00000030   Code   RO         2753    i.SPI_EndRxTxTransaction  stm32f3xx_hal_spi.o
    0x08003fbc   0x000000a2   Code   RO         2760    i.SPI_WaitFifoStateUntilTimeout  stm32f3xx_hal_spi.o
    0x0800405e   0x0000008e   Code   RO         2761    i.SPI_WaitFlagStateUntilTimeout  stm32f3xx_hal_spi.o
    0x080040ec   0x00000002   Code   RO         5624    i.SVC_Handler       stm32f3xx_it.o
    0x080040ee   0x0000000e   Code   RO         5625    i.SysTick_Handler   stm32f3xx_it.o
    0x080040fc   0x00000088   Code   RO         5739    i.SystemClock_Config  main.o
    0x08004184   0x00000068   Code   RO         5701    i.SystemInit        system_stm32f3xx.o
    0x080041ec   0x0000000c   Code   RO         3430    i.TIM2_IRQHandler   driverhwecatticktimer.o
    0x080041f8   0x00000018   Code   RO         4901    i.TXPDO_update      middlesoes.o
    0x08004210   0x0000000e   Code   RO         5224    i.USBD_ClrClassConfig  usbd_core.o
    0x0800421e   0x00000010   Code   RO         5099    i.USBD_CtlContinueRx  usbd_ioreq.o
    0x0800422e   0x00000010   Code   RO         5100    i.USBD_CtlContinueSendData  usbd_ioreq.o
    0x0800423e   0x00000016   Code   RO         5159    i.USBD_CtlError     usbd_ctlreq.o
    0x08004254   0x00000016   Code   RO         5102    i.USBD_CtlReceiveStatus  usbd_ioreq.o
    0x0800426a   0x0000001a   Code   RO         5103    i.USBD_CtlSendData  usbd_ioreq.o
    0x08004284   0x00000016   Code   RO         5104    i.USBD_CtlSendStatus  usbd_ioreq.o
    0x0800429a   0x000000e0   Code   RO         5160    i.USBD_GetDescriptor  usbd_ctlreq.o
    0x0800437a   0x0000000e   Code   RO         3847    i.USBD_LL_ClearStallEP  usbd_conf.o
    0x08004388   0x000000aa   Code   RO         5227    i.USBD_LL_DataInStage  usbd_core.o
    0x08004432   0x0000006a   Code   RO         5228    i.USBD_LL_DataOutStage  usbd_core.o
    0x0800449c   0x00000020   Code   RO         3854    i.USBD_LL_IsStallEP  usbd_conf.o
    0x080044bc   0x00000014   Code   RO         3855    i.USBD_LL_OpenEP    usbd_conf.o
    0x080044d0   0x0000000e   Code   RO         3856    i.USBD_LL_PrepareReceive  usbd_conf.o
    0x080044de   0x0000003e   Code   RO         5233    i.USBD_LL_Reset     usbd_core.o
    0x0800451c   0x0000000c   Code   RO         5234    i.USBD_LL_Resume    usbd_core.o
    0x08004528   0x00000018   Code   RO         5235    i.USBD_LL_SOF       usbd_core.o
    0x08004540   0x00000006   Code   RO         5236    i.USBD_LL_SetSpeed  usbd_core.o
    0x08004546   0x0000000e   Code   RO         3857    i.USBD_LL_SetUSBAddress  usbd_conf.o
    0x08004554   0x0000005a   Code   RO         5237    i.USBD_LL_SetupStage  usbd_core.o
    0x080045ae   0x0000000e   Code   RO         3858    i.USBD_LL_StallEP   usbd_conf.o
    0x080045bc   0x00000012   Code   RO         5238    i.USBD_LL_Suspend   usbd_core.o
    0x080045ce   0x0000000e   Code   RO         3861    i.USBD_LL_Transmit  usbd_conf.o
    0x080045dc   0x00000028   Code   RO         5162    i.USBD_ParseSetupRequest  usbd_ctlreq.o
    0x08004604   0x00000016   Code   RO         5241    i.USBD_SetClassConfig  usbd_core.o
    0x0800461a   0x00000002   PAD
    0x0800461c   0x00000074   Code   RO         5163    i.USBD_SetConfig    usbd_ctlreq.o
    0x08004690   0x000000f2   Code   RO         5164    i.USBD_StdDevReq    usbd_ctlreq.o
    0x08004782   0x000000dc   Code   RO         5165    i.USBD_StdEPReq     usbd_ctlreq.o
    0x0800485e   0x00000034   Code   RO         5166    i.USBD_StdItfReq    usbd_ctlreq.o
    0x08004892   0x00000002   PAD
    0x08004894   0x0000000c   Code   RO         5626    i.USB_LP_IRQHandler  stm32f3xx_it.o
    0x080048a0   0x00000002   Code   RO         5627    i.UsageFault_Handler  stm32f3xx_it.o
    0x080048a2   0x0000000e   Code   RO         5859    i.__scatterload_copy  mc_w.l(handlers.o)
    0x080048b0   0x00000002   Code   RO         5860    i.__scatterload_null  mc_w.l(handlers.o)
    0x080048b2   0x0000000e   Code   RO         5861    i.__scatterload_zeroinit  mc_w.l(handlers.o)
    0x080048c0   0x0000000a   Code   RO         4620    i.copy2mbx          esc_coe.o
    0x080048ca   0x00000002   PAD
    0x080048cc   0x00000068   Code   RO         3682    i.driverHWI2C3Init  driverhwi2c3.o
    0x08004934   0x00000028   Code   RO         3683    i.driverHWI2C3Read  driverhwi2c3.o
    0x0800495c   0x00000020   Code   RO         3684    i.driverHWI2C3ReadWrite  driverhwi2c3.o
    0x0800497c   0x00000084   Code   RO         3622    i.driverHWSPI1Init  driverhwspi1.o
    0x08004a00   0x00000010   Code   RO         3623    i.driverHWSPI1SetCS  driverhwspi1.o
    0x08004a10   0x00000040   Code   RO         3624    i.driverHWSPI1Write  driverhwspi1.o
    0x08004a50   0x00000078   Code   RO         3625    i.driverHWSPI1WriteRead  driverhwspi1.o
    0x08004ac8   0x00000010   Code   RO         3626    i.driverHWSPI1WriteSingleByte  driverhwspi1.o
    0x08004ad8   0x0000001c   Code   RO         3583    i.driverHWSetOutput  driverhwstatus.o
    0x08004af4   0x00000070   Code   RO         3584    i.driverHWStatusInit  driverhwstatus.o
    0x08004b64   0x000000cc   Code   RO         4311    i.driverSWNunChuckGetCalibrationData  driverswnunchuck.o
    0x08004c30   0x0000006c   Code   RO         4312    i.driverSWNunChuckGetID  driverswnunchuck.o
    0x08004c9c   0x000000a4   Code   RO         4313    i.driverSWNunChuckGetSensorData  driverswnunchuck.o
    0x08004d40   0x0000005c   Code   RO         4314    i.driverSWNunChuckInit  driverswnunchuck.o
    0x08004d9c   0x00000016   Code   RO         4315    i.driverSWNunChuckSetAddressPointer  driverswnunchuck.o
    0x08004db2   0x00000002   PAD
    0x08004db4   0x00000050   Code   RO         5811    i.free              mc_w.l(malloc.o)
    0x08004e04   0x00000078   Code   RO         5740    i.main              main.o
    0x08004e7c   0x0000006c   Code   RO         5812    i.malloc            mc_w.l(malloc.o)
    0x08004ee8   0x00000040   Code   RO         5363    i.middleNunChuckInit  middlenunchuck.o
    0x08004f28   0x00000010   Code   RO         5364    i.middleNunChuckNewDataEvent  middlenunchuck.o
    0x08004f38   0x00000148   Code   RO         5366    i.middleNunChuckTask  middlenunchuck.o
    0x08005080   0x00000020   Code   RO         5367    i.middleNunchuckMapVariable  middlenunchuck.o
    0x080050a0   0x00000070   Code   RO         4902    i.middleSOESInit    middlesoes.o
    0x08005110   0x00000010   Code   RO         4903    i.middleSOESReadBufferUpdateEvent  middlesoes.o
    0x08005120   0x0000005c   Code   RO         4904    i.middleSOESTask    middlesoes.o
    0x0800517c   0x00000002   Code   RO         5423    i.modDelayInit      moddelay.o
    0x0800517e   0x00000002   PAD
    0x08005180   0x00000034   Code   RO         5424    i.modDelayTick100ms  moddelay.o
    0x080051b4   0x00000020   Code   RO         5425    i.modDelayTick1ms   moddelay.o
    0x080051d4   0x00000028   Code   RO         5461    i.modEffectChangeState  modeffect.o
    0x080051fc   0x0000000e   Code   RO         5462    i.modEffectInit     modeffect.o
    0x0800520a   0x00000002   PAD
    0x0800520c   0x0000005c   Code   RO         5463    i.modEffectTask     modeffect.o
    0x08005268   0x0000004c   Code   RO         5464    i.modEffectTaskBlinkLong  modeffect.o
    0x080052b4   0x0000004c   Code   RO         5465    i.modEffectTaskBlinkShort  modeffect.o
    0x08005300   0x00000024   Code   RO         5466    i.modEffectTaskFlash  modeffect.o
    0x08005324   0x00000024   Code   RO         5467    i.modEffectTaskFlashFast  modeffect.o
    0x08005348   0x00000018   Code   RO         5741    i.newNunChuckDataEventHandler  main.o
    0x08005360   0x00000030   Code   RO         5742    i.newSOESReadBufferUpdateHandler  main.o
    0x08005390   0x0000007c   Code   RO         4621    i.sizeRXPDO         esc_coe.o
    0x0800540c   0x0000007c   Code   RO         4622    i.sizeTXPDO         esc_coe.o
    0x08005488   0x00000020   Data   RO         2619    .constdata          stm32f3xx_hal_rcc.o
    0x080054a8   0x00000030   Data   RO         3585    .constdata          driverhwstatus.o
    0x080054d8   0x0000000c   Data   RO         4824    .constdata          objectlist.o
    0x080054e4   0x00000019   Data   RO         4825    .constdata          objectlist.o
    0x080054fd   0x0000001e   Data   RO         4826    .constdata          objectlist.o
    0x0800551b   0x0000001e   Data   RO         4827    .constdata          objectlist.o
    0x08005539   0x00000010   Data   RO         4828    .constdata          objectlist.o
    0x08005549   0x0000000a   Data   RO         4829    .constdata          objectlist.o
    0x08005553   0x0000000d   Data   RO         4830    .constdata          objectlist.o
    0x08005560   0x00000010   Data   RO         4831    .constdata          objectlist.o
    0x08005570   0x0000000e   Data   RO         4832    .constdata          objectlist.o
    0x0800557e   0x0000000e   Data   RO         4833    .constdata          objectlist.o
    0x0800558c   0x00000014   Data   RO         4834    .constdata          objectlist.o
    0x080055a0   0x00000015   Data   RO         4835    .constdata          objectlist.o
    0x080055b5   0x00000020   Data   RO         4836    .constdata          objectlist.o
    0x080055d5   0x00000018   Data   RO         4837    .constdata          objectlist.o
    0x080055ed   0x00000018   Data   RO         4838    .constdata          objectlist.o
    0x08005605   0x00000018   Data   RO         4839    .constdata          objectlist.o
    0x0800561d   0x00000018   Data   RO         4840    .constdata          objectlist.o
    0x08005635   0x0000001e   Data   RO         4841    .constdata          objectlist.o
    0x08005653   0x0000001e   Data   RO         4842    .constdata          objectlist.o
    0x08005671   0x0000001e   Data   RO         4843    .constdata          objectlist.o
    0x0800568f   0x0000001e   Data   RO         4844    .constdata          objectlist.o
    0x080056ad   0x00000012   Data   RO         4845    .constdata          objectlist.o
    0x080056bf   0x0000000f   Data   RO         4846    .constdata          objectlist.o
    0x080056ce   0x0000000a   Data   RO         4847    .constdata          objectlist.o
    0x080056d8   0x0000000a   Data   RO         4848    .constdata          objectlist.o
    0x080056e2   0x0000000f   Data   RO         4849    .constdata          objectlist.o
    0x080056f1   0x0000000f   Data   RO         4850    .constdata          objectlist.o
    0x08005700   0x0000000f   Data   RO         4851    .constdata          objectlist.o
    0x0800570f   0x00000008   Data   RO         4852    .constdata          objectlist.o
    0x08005717   0x00000008   Data   RO         4853    .constdata          objectlist.o
    0x0800571f   0x00000012   Data   RO         4854    .constdata          objectlist.o
    0x08005731   0x00000010   Data   RO         4855    .constdata          objectlist.o
    0x08005741   0x00000004   Data   RO         4856    .constdata          objectlist.o
    0x08005745   0x0000000b   Data   RO         4857    .constdata          objectlist.o
    0x08005750   0x0000000f   Data   RO         4858    .constdata          objectlist.o
    0x0800575f   0x00000014   Data   RO         4859    .constdata          objectlist.o
    0x08005773   0x00000014   Data   RO         4860    .constdata          objectlist.o
    0x08005787   0x00000014   Data   RO         4861    .constdata          objectlist.o
    0x0800579b   0x00000014   Data   RO         4862    .constdata          objectlist.o
    0x080057af   0x00000064   Data   RO         4863    .constdata          objectlist.o
    0x08005813   0x0000003c   Data   RO         4864    .constdata          objectlist.o
    0x0800584f   0x000000f0   Data   RO         4865    .constdata          objectlist.o
    0x0800593f   0x00000064   Data   RO         4866    .constdata          objectlist.o
    0x080059a3   0x00000014   Data   RO         4867    .constdata          objectlist.o
    0x080059b7   0x00000014   Data   RO         4868    .constdata          objectlist.o
    0x080059cb   0x00000028   Data   RO         4869    .constdata          objectlist.o
    0x080059f3   0x00000028   Data   RO         4870    .constdata          objectlist.o
    0x08005a1b   0x000000b4   Data   RO         4871    .constdata          objectlist.o
    0x08005acf   0x00000028   Data   RO         4872    .constdata          objectlist.o
    0x08005af7   0x00000014   Data   RO         4873    .constdata          objectlist.o
    0x08005b0b   0x00000014   Data   RO         4874    .constdata          objectlist.o
    0x08005b1f   0x000000ee   Data   RO         4875    .constdata          objectlist.o
    0x08005c0d   0x00000010   Data   RO         5702    .constdata          system_stm32f3xx.o
    0x08005c1d   0x00000003   PAD
    0x08005c20   0x00000020   Data   RO         5857    Region$$Table       anon$$obj.o


    Execution Region RW_IRAM1 (Base: 0x20000000, Size: 0x00000fd0, Max: 0x00010000, ABSOLUTE)

    Base Addr    Size         Type   Attr      Idx    E Section Name        Object

    0x20000000   0x00000004   Data   RW         1188    .data               stm32f3xx_hal.o
    0x20000004   0x0000000c   Data   RW         3437    .data               driverhwecatticktimer.o
    0x20000010   0x00000010   Data   RW         3509    .data               driverhwlaninterrupt.o
    0x20000020   0x00000014   Data   RW         4138    .data               driverswlan9252.o
    0x20000034   0x00000004   Data   RW         4316    .data               driverswnunchuck.o
    0x20000038   0x00000004   Data   RW         4409    .data               esc.o
    0x2000003c   0x00000017   Data   RW         4876    .data               objectlist.o
    0x20000053   0x00000004   Data   RW         4877    .data               objectlist.o
    0x20000057   0x00000004   Data   RW         4878    .data               objectlist.o
    0x2000005b   0x00000001   Data   RW         4907    .data               middlesoes.o
    0x2000005c   0x00000018   Data   RW         4908    .data               middlesoes.o
    0x20000074   0x00000003   Data   RW         4909    .data               middlesoes.o
    0x20000077   0x00000001   Data   RW         5167    .data               usbd_ctlreq.o
    0x20000078   0x00000020   Data   RW         5369    .data               middlenunchuck.o
    0x20000098   0x00000008   Data   RW         5426    .data               moddelay.o
    0x200000a0   0x00000034   Data   RW         5468    .data               modeffect.o
    0x200000d4   0x00000004   Data   RW         5704    .data               system_stm32f3xx.o
    0x200000d8   0x00000004   Data   RW         5853    .data               mc_w.l(mvars.o)
    0x200000dc   0x00000004   Data   RW         5854    .data               mc_w.l(mvars.o)
    0x200000e0   0x0000003c   Zero   RW         3436    .bss                driverhwecatticktimer.o
    0x2000011c   0x00000064   Zero   RW         3627    .bss                driverhwspi1.o
    0x20000180   0x0000004c   Zero   RW         3685    .bss                driverhwi2c3.o
    0x200001cc   0x000005c8   Zero   RW         3864    .bss                usbd_conf.o
    0x20000794   0x00000057   Zero   RW         4905    .bss                middlesoes.o
    0x200007eb   0x00000180   Zero   RW         4906    .bss                middlesoes.o
    0x2000096b   0x00000005   PAD
    0x20000970   0x00000040   Zero   RW         5368    .bss                middlenunchuck.o
    0x200009b0   0x00000020   Zero   RW         5743    .bss                main.o
    0x200009d0   0x00000200   Zero   RW         5525    HEAP                startup_stm32f303xe.o
    0x20000bd0   0x00000400   Zero   RW         5524    STACK               startup_stm32f303xe.o


==============================================================================

Image component sizes


      Code (inc. data)   RO Data    RW Data    ZI Data      Debug   Object Name

        40         12          0         12         60       2135   driverhwecatticktimer.o
       176         24          0          0         76       2835   driverhwi2c3.o
       120         14          0         16          0       3180   driverhwlaninterrupt.o
       348         32          0          0        100       4350   driverhwspi1.o
       140         14         48          0          0       2865   driverhwstatus.o
      1018         24          0         20          0      12663   driverswlan9252.o
       590         22          0          4          0       5414   driverswnunchuck.o
      2678        240          0          4          0      29773   esc.o
      2478        244          0          0          0      15142   esc_coe.o
       328         32          0          0         32       3346   main.o
       440         24          0         32         64       4915   middlenunchuck.o
       528         64          0         28        471      14522   middlesoes.o
        86          6          0          8          0       2389   moddelay.o
       370         34          0         52          0       5079   modeffect.o
         0          0       1845         31          0       3993   objectlist.o
        36          8        404          0       1536        840   startup_stm32f303xe.o
       104         22          0          4          0       3295   stm32f3xx_hal.o
       206         14          0          0          0      31604   stm32f3xx_hal_cortex.o
       494         44          0          0          0       3171   stm32f3xx_hal_gpio.o
      1340         34          0          0          0      11010   stm32f3xx_hal_i2c.o
        86          0          0          0          0       1163   stm32f3xx_hal_i2c_ex.o
       384         44          0          0          0       2510   stm32f3xx_hal_msp.o
      2592          0          0          0          0       8908   stm32f3xx_hal_pcd.o
        64          0          0          0          0       2089   stm32f3xx_hal_pcd_ex.o
      1968         54         32          0          0       5262   stm32f3xx_hal_rcc.o
       660         12          0          0          0       1732   stm32f3xx_hal_rcc_ex.o
      1234          0          0          0          0       5509   stm32f3xx_hal_spi.o
       366          0          0          0          0       4516   stm32f3xx_hal_tim.o
         4          0          0          0          0       1714   stm32f3xx_hal_tim_ex.o
         0          0          0          0          0     690112   stm32f3xx_hal_uart.o
        42          6          0          0          0       4866   stm32f3xx_it.o
       104         22         16          4          0       1247   system_stm32f3xx.o
         0          0          0          0          0       4396   usb_device.o
       252          6          0          0       1480      10052   usbd_conf.o
       524          0          0          0          0       7614   usbd_core.o
       916         30          0          1          0       7235   usbd_ctlreq.o
       102          0          0          0          0       3900   usbd_ioreq.o

    ----------------------------------------------------------------------
     20858       1082       2380        216       3824     925346   Object Totals
         0          0         32          0          0          0   (incl. Generated)
        40          0          3          0          5          0   (incl. Padding)

    ----------------------------------------------------------------------

      Code (inc. data)   RO Data    RW Data    ZI Data      Debug   Library Member Name

         0          0          0          0          0          0   entry.o
         0          0          0          0          0          0   entry10a.o
         0          0          0          0          0          0   entry11a.o
         8          4          0          0          0          0   entry2.o
         4          0          0          0          0          0   entry5.o
         0          0          0          0          0          0   entry7b.o
         0          0          0          0          0          0   entry8b.o
         8          4          0          0          0          0   entry9a.o
        30          0          0          0          0          0   handlers.o
        36          8          0          0          0         68   init.o
        30          0          0          0          0         68   llshl.o
       188         20          0          0          0        160   malloc.o
        36          0          0          0          0         68   memcpya.o
        36          0          0          0          0        108   memseta.o
         0          0          0          8          0          0   mvars.o

    ----------------------------------------------------------------------
       378         36          0          8          0        472   Library Totals
         2          0          0          0          0          0   (incl. Padding)

    ----------------------------------------------------------------------

      Code (inc. data)   RO Data    RW Data    ZI Data      Debug   Library Name

       376         36          0          8          0        472   mc_w.l

    ----------------------------------------------------------------------
       378         36          0          8          0        472   Library Totals

    ----------------------------------------------------------------------

==============================================================================


      Code (inc. data)   RO Data    RW Data    ZI Data      Debug   

     21236       1118       2380        224       3824     905414   Grand Totals
     21236       1118       2380        224       3824     905414   ELF Image Totals
     21236       1118       2380        224          0          0   ROM Totals

==============================================================================

    Total RO  Size (Code + RO Data)                23616 (  23.06kB)
    Total RW  Size (RW Data + ZI Data)              4048 (   3.95kB)
    Total ROM Size (Code + RO Data + RW Data)      23840 (  23.28kB)

==============================================================================

